08-29 07:15:00.110  2293  2293 D ConditionProviders.SCP: onReceive ScheduleConditionProvider.EVALUATE
08-29 07:15:00.110  2293  2293 D ConditionProviders.SCP: notifyCondition condition://android/schedule?days=6.7&start=23.30&end=10.0&exitAtAlarm=false STATE_TRUE reason=meetsSchedule
08-29 07:15:00.110  2293  2293 D ConditionProviders.SCP: notifyCondition condition://android/schedule?days=1.2.3.4.5&start=22.0&end=7.0&exitAtAlarm=false STATE_FALSE reason=!meetsSchedule
08-29 07:15:00.111  2293  2293 D ConditionProviders.SCP: Scheduling evaluate for Sat Aug 29 10:00:00 GMT+00:00 2020 (1598695200000), in +2h44m59s890ms, now=Sat Aug 29 07:15:00 GMT+00:00 2020 (1598685300110)
08-29 07:15:00.129  2293  2324 I UsageStatsService: Time changed in UsageStats by 19026 seconds
08-29 07:15:00.129  2293  2324 I UsageStatsService: User[0] Flushing usage stats to disk
08-29 07:15:00.172  2293  2324 I UsageStatsDatabase: Time changed by +5h17m6s621ms. files deleted: 0 files moved: 9
08-29 07:15:00.178  2293  2324 I UsageStatsService: User[0] Rollover scheduled @ 2020-08-30 00:14:27(1598746467310)
08-29 07:15:00.252 15078 15078 W art     : Unexpected CPU variant for X86 using defaults: x86_64
08-29 07:15:00.253  2293 13311 I ActivityManager: Start proc 15078:com.google.android.calendar/u0a34 for broadcast com.google.android.calendar/com.android.calendar.widget.CalendarAppWidgetProvider
08-29 07:15:00.383 15078 15078 W System  : ClassLoader referenced unknown path: /system/app/CalendarGooglePrebuilt/lib/x86_64
08-29 07:15:00.496  2293 13316 I Telecom : PhoneAccountRegistrar: SimCallManager queried, returning: null: TSI.gSCM@AG8
08-29 07:15:00.519 15002 15002 I Babel_telephony: TeleModule.updateConnectionManagerRegistration, registration preference changed from false to false
08-29 07:15:00.520 15002 15002 W Babel   : BAM#gBA: invalid account id: -1
08-29 07:15:00.520 15002 15002 W Babel   : BAM#gBA: invalid account id: -1
08-29 07:15:00.520 15002 15002 I Babel_telephony: TeleModule.updateIncomingCallRegistration, preferred account for incoming calls changed from: null to null
08-29 07:15:00.547  2293 13313 I Telecom : PhoneAccountRegistrar: SimCallManager queried, returning: null: TSI.gSCM@AHE
08-29 07:15:03.534  2293 12108 W ActivityManager: Unable to start service Intent { act=com.google.android.gms.playlog.service.START pkg=com.google.android.gms } U=0: not found
08-29 07:15:03.534  2293  2769 W ActivityManager: Unbind failed: could not find connection for android.os.BinderProxy@2a077b9
08-29 07:15:03.535 15078 15078 E GmsClient: unable to connect to service: com.google.android.gms.playlog.service.START
08-29 07:15:03.561 15078 15078 E TimelyPrefService: Primary account is null
08-29 07:15:03.624  2293 13312 I ActivityManager: Start proc 15105:com.google.android.deskclock/u0a67 for broadcast com.google.android.deskclock/com.android.deskclock.AlarmInitReceiver
08-29 07:15:03.634 15105 15105 W art     : Unexpected CPU variant for X86 using defaults: x86_64
08-29 07:15:03.656 15078 15078 W AnalyticsLogBase: PlayLogger.onLoggerFailedConnection
08-29 07:15:03.664 15105 15105 W System  : ClassLoader referenced unknown path: /system/app/PrebuiltDeskClockGoogle/lib/x86_64
08-29 07:15:03.903 15105 15105 I GAv4    : Google Analytics 9.2.56 is starting up. To enable debug logging on a device run:
08-29 07:15:03.903 15105 15105 I GAv4    :   adb shell setprop log.tag.GAv4 DEBUG
08-29 07:15:03.903 15105 15105 I GAv4    :   adb logcat -s GAv4
08-29 07:15:03.915 15105 15121 W GAv4    : AnalyticsReceiver is not registered or is disabled. Register the receiver for reliable dispatching on non-Google Play devices. See http://goo.gl/8Rd3yj for instructions.
08-29 07:15:03.918 15105 15121 W GAv4    : CampaignTrackingReceiver is not registered, not exported or is disabled. Installation campaign tracking is not possible. See http://goo.gl/8Rd3yj for instructions.
08-29 07:15:03.932 15105 15105 I AlarmClock: AlarmInitReceiver android.intent.action.TIME_SET
08-29 07:15:03.950 15105 15121 W GAv4    : AnalyticsService not registered in the app manifest. Hits might not be delivered reliably. See http://goo.gl/8Rd3yj for instructions.
08-29 07:15:03.967  1309  1354 W SurfaceFlinger: Timed out waiting for hw vsync; faking it
08-29 07:15:04.154 15105 15105 I DigitalWidgetProvider: onReceive: Intent { act=android.intent.action.TIME_SET flg=0x24000010 cmp=com.google.android.deskclock/com.android.alarmclock.DigitalAppWidgetProvider }
08-29 07:15:04.164 15105 15124 V AlarmClock: AlarmInitReceiver finished
08-29 07:15:04.304  2293 12108 I ActivityManager: Start proc 15126:com.google.android.talk:matchstick/u0a52 for broadcast com.google.android.talk/com.google.android.libraries.matchstick.net.MatchstickInProcessReceiver
08-29 07:15:04.309 15126 15126 W art     : Unexpected CPU variant for X86 using defaults: x86
08-29 07:15:04.386 15126 15126 W System  : ClassLoader referenced unknown path: /system/app/Hangouts/lib/x86
08-29 07:15:04.564 15105 15123 D AppIndexApi: Logging objectbew@b142669
08-29 07:15:04.633  2900 13339 W Icing   : isOptedInForAppHistory: empty Account Name encountered
08-29 07:15:04.770  2293 13312 I ActivityManager: Process com.google.android.talk (pid 15002) has died
08-29 07:15:04.771  2293 13312 D ActivityManager: cleanUpApplicationRecord -- 15002
08-29 07:15:04.868 15126 15145 I MS_RegisterService: RegisterService intent:Intent { act=register_intent_action flg=0x10 cmp=com.google.android.talk/com.google.android.libraries.matchstick.net.SilentRegisterService } isPeriodic:false
08-29 07:15:04.873 15126 15145 W System  : ClassLoader referenced unknown path: /system/priv-app/PrebuiltGmsCore/lib/x86
08-29 07:15:04.874 15126 15145 D ApplicationLoaders: ignored Vulkan layer search path /system/priv-app/PrebuiltGmsCore/lib/x86:/system/fake-libs:/system/priv-app/PrebuiltGmsCore/PrebuiltGmsCore.apk!/lib/x86:/system/lib:/vendor/lib for namespace 0xe97f3090
08-29 07:15:04.884 15126 15145 W System  : ClassLoader referenced unknown path: /system/priv-app/PrebuiltGmsCore/lib/x86
08-29 07:15:04.885 15126 15145 W System  : ClassLoader referenced unknown path: /system/priv-app/PrebuiltGmsCore/lib/x86
08-29 07:15:04.889 15126 15145 W System  : ClassLoader referenced unknown path: /system/priv-app/PrebuiltGmsCore/lib/x86
08-29 07:15:04.890 15126 15145 W System  : ClassLoader referenced unknown path: /system/priv-app/PrebuiltGmsCore/lib/x86
08-29 07:15:04.891 15126 15145 W linker  : /data/user_de/0/com.google.android.gms/app_extracted_libs/x86/libconscrypt_gmscore_jni.so: unused DT entry: type 0xf arg 0x91
08-29 07:15:04.892 15126 15145 V NativeCrypto: Registering com/google/android/gms/org/conscrypt/NativeCrypto's 276 native methods...
08-29 07:15:04.899 15126 15145 D NetworkSecurityConfig: No Network Security Config specified, using platform default
08-29 07:15:04.901 15126 15145 I ProviderInstaller: Installed default security provider GmsCore_OpenSSL
08-29 07:15:04.901 15126 15145 I MS_RegisterService: Not registered and not enabled. Doing nothing.
08-29 07:15:06.993 15042 15055 I DynamiteModule: Considering local module com.google.android.gms.googlecertificates:4 and remote module com.google.android.gms.googlecertificates:4
08-29 07:15:06.993 15042 15055 I DynamiteModule: Selected local version of com.google.android.gms.googlecertificates
08-29 07:15:07.098 15042 15053 I art     : Background sticky concurrent mark sweep GC freed 18300(1471KB) AllocSpace objects, 8(252KB) LOS objects, 34% free, 3MB/5MB, paused 25.846ms total 68.485ms
08-29 07:15:07.319 15042 15042 W Binder:15042_2: type=1400 audit(0.0:70): avc: denied { read } for name="/" dev="tmpfs" ino=1039 scontext=u:r:priv_app:s0:c512,c768 tcontext=u:object_r:device:s0 tclass=dir permissive=0
08-29 07:15:07.435 15042 15055 D         : HostConnection::get() New Host Connection established 0x7fc0b14145e0, tid 15055
08-29 07:15:07.498 15042 15055 D EGL_emulation: eglCreateContext: 0x7fc0b1464a00: maj 3 min 0 rcv 3
08-29 07:15:07.509 15042 15055 D EGL_emulation: eglMakeCurrent: 0x7fc0b1464a00: ver 3 0 (tinfo 0x7fc0b158a420)
08-29 07:15:07.683 15042 15055 D EGL_emulation: eglCreateContext: 0x7fc0b1464a00: maj 3 min 0 rcv 3
08-29 07:15:07.684 15042 15055 D EGL_emulation: eglMakeCurrent: 0x7fc0b1464a00: ver 3 0 (tinfo 0x7fc0b158a420)
08-29 07:15:07.809 15042 15042 W Binder:15042_2: type=1400 audit(0.0:71): avc: denied { search } for name="run" dev="dm-0" ino=14101 scontext=u:r:priv_app:s0:c512,c768 tcontext=u:object_r:varrun_file:s0 tclass=dir permissive=0
08-29 07:15:08.073  2900  3294 W Conscrypt: Could not set socket write timeout:
08-29 07:15:08.087  2900  3294 W Conscrypt:    java.lang.reflect.Method.invoke(Native Method)
08-29 07:15:08.087  2900  3294 W Conscrypt:    com.google.android.gms.org.conscrypt.Platform.setSocketWriteTimeout(:com.google.android.gms@11947480:13)
08-29 07:15:08.556 15078 15098 I GAV2    : Thread[GAThread,5,main]: No campaign data found.
08-29 07:15:09.051  2900  3294 W Conscrypt: Could not set socket write timeout:
08-29 07:15:09.051  2900  3294 W Conscrypt:    java.lang.reflect.Method.invoke(Native Method)
08-29 07:15:09.051  2900  3294 W Conscrypt:    com.google.android.gms.org.conscrypt.Platform.setSocketWriteTimeout(:com.google.android.gms@11947480:13)
08-29 07:15:10.258  2900  3294 W GLSUser : [AppCertManager] IOException while requesting key: 
08-29 07:15:10.258  2900  3294 W GLSUser : java.io.IOException: Invalid device key response.
08-29 07:15:10.258  2900  3294 W GLSUser : 	at fuu.a(:com.google.android.gms@11947480:12)
08-29 07:15:10.258  2900  3294 W GLSUser : 	at fuu.a(:com.google.android.gms@11947480:64)
08-29 07:15:10.258  2900  3294 W GLSUser : 	at fus.a(:com.google.android.gms@11947480:8)
08-29 07:15:10.258  2900  3294 W GLSUser : 	at fuo.a(:com.google.android.gms@11947480:1)
08-29 07:15:10.258  2900  3294 W GLSUser : 	at fun.a(:com.google.android.gms@11947480:10)
08-29 07:15:10.258  2900  3294 W GLSUser : 	at com.google.android.gms.auth.account.be.legacy.AuthCronChimeraService.b(:com.google.android.gms@11947480:7)
08-29 07:15:10.258  2900  3294 W GLSUser : 	at ezr.call(:com.google.android.gms@11947480:3)
08-29 07:15:10.258  2900  3294 W GLSUser : 	at java.util.concurrent.FutureTask.run(FutureTask.java:237)
08-29 07:15:10.258  2900  3294 W GLSUser : 	at mvc.run(:com.google.android.gms@11947480:26)
08-29 07:15:10.258  2900  3294 W GLSUser : 	at java.util.concurrent.ThreadPoolExecutor.runWorker(ThreadPoolExecutor.java:1133)
08-29 07:15:10.258  2900  3294 W GLSUser : 	at java.util.concurrent.ThreadPoolExecutor$Worker.run(ThreadPoolExecutor.java:607)
08-29 07:15:10.258  2900  3294 W GLSUser : 	at nak.run(:com.google.android.gms@11947480)
08-29 07:15:10.258  2900  3294 W GLSUser : 	at java.lang.Thread.run(Thread.java:761)
08-29 07:15:10.290  2293  2557 I ActivityManager: Process com.google.android.calendar (pid 15078) has died
08-29 07:15:10.290  2293  2557 D ActivityManager: cleanUpApplicationRecord -- 15078
08-29 07:15:10.414  2293  2306 I chatty  : uid=1000(system) HeapTaskDaemon expire 4 lines
08-29 07:16:04.468 12109 15195 W System  : ClassLoader referenced unknown path: /system/priv-app/PrebuiltGmsCore/lib/x86_64
08-29 07:20:18.562  2293  5754 I chatty  : uid=1000(system) Binder:2293_C expire 1 line
08-29 07:23:39.714  2293 13319 I chatty  : uid=1000(system) Binder:2293_16 expire 1 line
08-29 07:24:00.076  3088  3088 I chatty  : uid=10029 com.google.android.googlequicksearchbox:search expire 20 lines
08-29 07:32:59.962  2293  2324 I UsageStatsService: User[0] Flushing usage stats to disk
08-29 07:37:03.513  2293 12108 I chatty  : uid=1000(system) Binder:2293_D expire 3 lines
08-29 07:37:54.638  2900  9739 V NativeCrypto: Read error: ssl=0x7fc091af4cc8: I/O error during system call, Connection reset by peer
08-29 07:37:54.653  2900  9739 V NativeCrypto: SSL shutdown failed: ssl=0x7fc091af4cc8: I/O error during system call, Broken pipe
08-29 07:37:54.703  2293 13325 D ConnectivityService: reportNetworkConnectivity(100, false) by 10014
08-29 07:37:54.726 12109 15985 I EventLogChimeraService: Aggregate from 1598661844369 (log), 1598661844369 (data)
08-29 07:37:54.831  2293 13324 I ActivityManager: Process com.google.android.deskclock (pid 15105) has died
08-29 07:37:54.831  2293 13324 D ActivityManager: cleanUpApplicationRecord -- 15105
08-29 07:37:56.009  2293  2325 I ActivityManager: Start proc 15995:com.google.android.talk/u0a52 for broadcast com.google.android.talk/com.google.android.apps.hangouts.service.broadcastreceiver.GcmStateReceiver
08-29 07:37:56.011 15995 15995 W art     : Unexpected CPU variant for X86 using defaults: x86
08-29 07:37:56.041 15995 15995 W System  : ClassLoader referenced unknown path: /system/app/Hangouts/lib/x86
08-29 07:37:56.240 15995 15995 I Babel_telephony: TeleModule.onApplicationCreate
08-29 07:37:56.249 15995 16017 I Babel_SMS: MmsConfig: mnc/mcc: 310/260
08-29 07:37:56.249 15995 16017 I Babel_SMS: MmsConfig.loadMmsSettings
08-29 07:37:56.251 15995 15995 I Babel_Prime: wrapCrashReportingIntoUncaughtExceptionHandler
08-29 07:37:56.252 15995 15995 I Babel_Prime: isMemoryEnabled=false
08-29 07:37:56.252 15995 15995 I Babel_Prime: isTimerEnabled=true
08-29 07:37:56.252 15995 15995 I Babel_Prime: isCrashCounterEnabled=false
08-29 07:37:56.252 15995 15995 I Babel_Prime: primesPackageConfigurationsProvider=false
08-29 07:37:56.253 15995 16017 I Babel_SMS: MmsConfig.loadDeviceMmsSettings from API: mUserAgent=GoldfishNexus, mUaProfUrl=http://gsm.lge.com/html/gsm/Nexus5-M3.xml
08-29 07:37:56.253 15995 16017 I Babel_SMS: MmsConfig.loadFromDatabase
08-29 07:37:56.263  2293 13316 I ActivityManager: Process com.google.android.talk:matchstick (pid 15126) has died
08-29 07:37:56.263  2293 13316 D ActivityManager: cleanUpApplicationRecord -- 15126
08-29 07:37:56.304 15995 15995 I Babel_App: Startup - clean
08-29 07:37:56.317 15995 16017 E SQLiteLog: (1) no such table: mmsconfig
08-29 07:37:56.317 15995 16017 I Babel_SMS: MmsConfig: no mmsconfig table android.database.sqlite.SQLiteException: no such table: mmsconfig (code 1): , while compiling: SELECT key, value, type FROM mmsconfig WHERE numeric=?
08-29 07:37:56.317 15995 16017 I Babel_SMS: MmsConfig.loadFromResources
08-29 07:37:56.320  2293  2822 D CryptdConnector: SND -> {14 cryptfs getpwtype}
08-29 07:37:56.320  1261  1300 D VoldCryptCmdListener: cryptfs getpwtype
08-29 07:37:56.322  2293  2471 D CryptdConnector: RCV <- {213 14 pin}
08-29 07:37:56.325 15995 16017 E Babel_SMS: canonicalizeMccMnc: invalid mccmnc nullnull
08-29 07:37:56.326 15995 16017 W Babel_SMS: MmsConfig: invalid key=userAgent or type=string
08-29 07:37:56.326 15995 16017 W Babel_SMS: MmsConfig: invalid key=uaProfUrl or type=string
08-29 07:37:56.326 15995 16017 I Babel_SMS: MmsConfig.loadMmsSettings: mUserAgent=GoldfishNexus, mUaProfUrl=http://gsm.lge.com/html/gsm/Nexus5-M3.xml
08-29 07:37:56.345 15995 15995 I Babel_Prime: startMemoryMonitor
08-29 07:37:56.452  2293  2483 D NetworkNotificationManager: clearNotification id=100
08-29 07:37:56.452  2293  2483 D ConnectivityService: NetworkAgentInfo [MOBILE (GPRS) - 100] validation passed
08-29 07:38:11.254 15995 16016 W Babel   : bcb TOOK TOO LONG! (15013ms > 10000ms)
08-29 07:38:11.268  2293 13317 I Telecom : PhoneAccountRegistrar: SimCallManager queried, returning: null: TSI.gSCM@AHM
08-29 07:38:11.271 15995 16012 W Babel   : bcb TOOK TOO LONG! (15040ms > 10000ms)
08-29 07:38:11.276 15995 15995 I Babel_telephony: TeleModule.updateConnectionManagerRegistration, registration preference changed from false to false
08-29 07:38:11.280 15995 15995 W Babel   : BAM#gBA: invalid account id: -1
08-29 07:38:11.281 15995 15995 W Babel   : BAM#gBA: invalid account id: -1
08-29 07:38:11.281 15995 15995 I Babel_telephony: TeleModule.updateIncomingCallRegistration, preferred account for incoming calls changed from: null to null
08-29 07:38:11.293  2293  2707 I Telecom : PhoneAccountRegistrar: SimCallManager queried, returning: null: TSI.gSCM@AHU
08-29 07:38:11.324 16034 16034 W art     : Unexpected CPU variant for X86 using defaults: x86
08-29 07:38:11.330  2293  2325 I ActivityManager: Start proc 16034:com.google.android.talk:matchstick/u0a52 for broadcast com.google.android.talk/com.google.android.libraries.matchstick.net.MatchstickInProcessReceiver
08-29 07:38:11.339 16034 16034 W System  : ClassLoader referenced unknown path: /system/app/Hangouts/lib/x86
08-29 07:38:11.365 15995 15995 I Babel_ConcService: Binding ConcurrentService
08-29 07:38:11.371 15995 16049 I Babel_ConcService: Acquired partial wake lock to keep ConcurrentService alive
08-29 07:38:11.380 15995 16049 I Babel_ConcService: Released partial wake lock as ConcurrentService became idle
08-29 07:38:11.381 15995 16049 I Babel_ConcService: Acquired partial wake lock to keep ConcurrentService alive
08-29 07:38:11.381 15995 16049 I Babel_ConcService: Released partial wake lock as ConcurrentService became idle
08-29 07:38:11.401 15995 16050 I Babel_ConcService: Acquired partial wake lock to keep ConcurrentService alive
08-29 07:38:11.401 15995 16050 I Babel_ConcService: Released partial wake lock as ConcurrentService became idle
08-29 07:38:11.472 15995 16051 W System  : ClassLoader referenced unknown path: /system/priv-app/PrebuiltGmsCore/lib/x86
08-29 07:38:11.473 15995 16051 D ApplicationLoaders: ignored Vulkan layer search path /system/priv-app/PrebuiltGmsCore/lib/x86:/system/fake-libs:/system/priv-app/PrebuiltGmsCore/PrebuiltGmsCore.apk!/lib/x86:/system/lib:/vendor/lib for namespace 0xe97f3090
08-29 07:38:11.481 15995 16051 W System  : ClassLoader referenced unknown path: /system/priv-app/PrebuiltGmsCore/lib/x86
08-29 07:38:11.481 15995 16051 W System  : ClassLoader referenced unknown path: /system/priv-app/PrebuiltGmsCore/lib/x86
08-29 07:38:11.486 15995 16051 W System  : ClassLoader referenced unknown path: /system/priv-app/PrebuiltGmsCore/lib/x86
08-29 07:38:11.486 15995 16051 W System  : ClassLoader referenced unknown path: /system/priv-app/PrebuiltGmsCore/lib/x86
08-29 07:38:11.495 15995 16051 W linker  : /data/user_de/0/com.google.android.gms/app_extracted_libs/x86/libconscrypt_gmscore_jni.so: unused DT entry: type 0xf arg 0x91
08-29 07:38:11.496 15995 16051 V NativeCrypto: Registering com/google/android/gms/org/conscrypt/NativeCrypto's 276 native methods...
08-29 07:38:11.512 16034 16055 I MS_RegisterService: RegisterService intent:Intent { act=register_intent_action flg=0x10 cmp=com.google.android.talk/com.google.android.libraries.matchstick.net.SilentRegisterService } isPeriodic:false
08-29 07:38:11.522 15995 16051 D NetworkSecurityConfig: No Network Security Config specified, using platform default
08-29 07:38:11.525 15995 16051 I ProviderInstaller: Installed default security provider GmsCore_OpenSSL
08-29 07:38:11.528 16034 16055 W System  : ClassLoader referenced unknown path: /system/priv-app/PrebuiltGmsCore/lib/x86
08-29 07:38:11.535 16034 16055 D ApplicationLoaders: ignored Vulkan layer search path /system/priv-app/PrebuiltGmsCore/lib/x86:/system/fake-libs:/system/priv-app/PrebuiltGmsCore/PrebuiltGmsCore.apk!/lib/x86:/system/lib:/vendor/lib for namespace 0xe97f3090
08-29 07:38:11.548 16034 16055 W System  : ClassLoader referenced unknown path: /system/priv-app/PrebuiltGmsCore/lib/x86
08-29 07:38:11.549 16034 16055 W System  : ClassLoader referenced unknown path: /system/priv-app/PrebuiltGmsCore/lib/x86
08-29 07:38:11.552 16034 16055 W System  : ClassLoader referenced unknown path: /system/priv-app/PrebuiltGmsCore/lib/x86
08-29 07:38:11.553 16034 16055 W System  : ClassLoader referenced unknown path: /system/priv-app/PrebuiltGmsCore/lib/x86
08-29 07:38:11.554 16034 16055 W linker  : /data/user_de/0/com.google.android.gms/app_extracted_libs/x86/libconscrypt_gmscore_jni.so: unused DT entry: type 0xf arg 0x91
08-29 07:38:11.555 16034 16055 V NativeCrypto: Registering com/google/android/gms/org/conscrypt/NativeCrypto's 276 native methods...
08-29 07:38:11.567 16034 16055 D NetworkSecurityConfig: No Network Security Config specified, using platform default
08-29 07:38:11.568 16034 16055 I ProviderInstaller: Installed default security provider GmsCore_OpenSSL
08-29 07:38:11.570 16034 16055 I MS_RegisterService: Not registered and not enabled. Doing nothing.
08-29 07:38:12.650 15995 16051 I Babel   : connection state changed from UNKNOWN to CONNECTED
08-29 07:38:13.950  2293 13312 I ActivityManager: Process com.google.android.gms.unstable (pid 15042) has died
08-29 07:38:13.950  2293 13312 D ActivityManager: cleanUpApplicationRecord -- 15042
08-29 07:38:26.288 15995 16016 W Babel   : bcb TOOK TOO LONG! (15033ms > 10000ms)
08-29 07:42:15.455  2293  2328 E BatteryStatsService: no controller energy info supplied
08-29 07:42:15.465  2293  2328 E KernelCpuSpeedReader: Failed to read cpu-freq: /sys/devices/system/cpu/cpu0/cpufreq/stats/time_in_state (No such file or directory)
08-29 07:42:15.467  2293  2328 E KernelUidCpuTimeReader: Failed to read uid_cputime: /proc/uid_cputime/show_uid_stat (No such file or directory)
08-29 07:42:15.467  2293  2328 E BatteryStatsService: modem info is invalid: ModemActivityInfo{ mTimestamp=0 mSleepTimeMs=0 mIdleTimeMs=0 mTxTimeMs[]=[0, 0, 0, 0, 0] mRxTimeMs=0 mEnergyUsed=0}
08-29 07:43:20.839  2689  2700 I art     : Background sticky concurrent mark sweep GC freed 48765(2MB) AllocSpace objects, 0(0B) LOS objects, 39% free, 3MB/6MB, paused 915us total 135.223ms
08-29 07:44:00.079  3088  3088 I chatty  : uid=10029 com.google.android.googlequicksearchbox:search expire 10 lines
08-29 07:45:00.047  2293  2325 I ProcessStatsService: Prepared write state in 3ms
08-29 07:46:58.658  2293  2321 I chatty  : uid=1000(system) Binder:2293_2 expire 1 line
08-29 07:47:00.268  2507  2525 I art     : Background sticky concurrent mark sweep GC freed 120260(3MB) AllocSpace objects, 0(0B) LOS objects, 33% free, 7MB/11MB, paused 2.182ms total 238.684ms
08-29 07:48:11.419 15995 15995 I Babel_ConcService: Unbinding ConcurrentService
08-29 07:48:11.427 15995 15995 W Babel_ConcService: ***************************************************************************
08-29 07:48:11.428 15995 15995 W Babel_ConcService: Stopping ConcurrentService while there are 2 tasks still pending
08-29 07:48:11.428 15995 15995 W Babel_ConcService: ***************************************************************************
08-29 07:50:11.523 15995 16048 I Babel_ConcService: Stopping service, as no more tasks are running.
08-29 07:50:19.676  2293 13312 I chatty  : uid=1000(system) Binder:2293_F expire 2 lines
08-29 07:51:26.508 16543 16543 W art     : Unexpected CPU variant for X86 using defaults: x86_64
08-29 07:51:26.514  2293 13319 I ActivityManager: Start proc 16543:com.google.android.configupdater/u0a5 for broadcast com.google.android.configupdater/.SmsShortCodes.SmsShortCodesUpdateRequestReceiver
08-29 07:51:26.532 16543 16543 W System  : ClassLoader referenced unknown path: /system/priv-app/ConfigUpdater/lib/x86_64
08-29 07:51:26.657 16543 16560 I ConfigUpdater: Update started
08-29 07:51:26.668 16562 16562 W art     : Unexpected CPU variant for X86 using defaults: x86_64
08-29 07:51:26.670  2293  4240 I ActivityManager: Start proc 16562:android.process.media/u0a11 for content provider com.android.providers.downloads/.DownloadProvider
08-29 07:51:26.697  1306  1306 E lowmemorykiller: Error writing /proc/15995/oom_score_adj; errno=22
08-29 07:51:26.700  1306  1306 E lowmemorykiller: Error writing /proc/15995/oom_score_adj; errno=22
08-29 07:51:26.710 16562 16562 W System  : ClassLoader referenced unknown path: /system/priv-app/DownloadProvider/lib/x86_64
08-29 07:51:26.711  2293  2769 I ActivityManager: Process com.google.android.talk (pid 15995) has died
08-29 07:51:26.711  2293  2769 D ActivityManager: cleanUpApplicationRecord -- 15995
08-29 07:51:26.724 16562 16562 W System  : ClassLoader referenced unknown path: /system/priv-app/MediaProvider/lib/x86_64
08-29 07:51:26.724 16562 16562 D ApplicationLoaders: ignored Vulkan layer search path /system/priv-app/MediaProvider/lib/x86_64:/system/priv-app/MediaProvider/MediaProvider.apk!/lib/x86_64:/system/lib64:/vendor/lib64 for namespace 0x7fc0bc6d70f0
08-29 07:51:26.844 16562 16576 V DownloadManager: Deleting /data/data/com.android.providers.downloads/cache/05112020-sms-metadata.txt via provider delete
08-29 07:51:26.899 16562 16581 D DownloadManager: [32] Starting
08-29 07:51:26.928 16562 16581 W System  : ClassLoader referenced unknown path: 
08-29 07:51:26.928 16562 16581 W System  : ClassLoader referenced unknown path: /system/priv-app/ConfigUpdater/lib/x86_64
08-29 07:51:26.928 16562 16581 D ApplicationLoaders: ignored Vulkan layer search path /system/priv-app/ConfigUpdater/lib/x86_64:/system/lib64:/vendor/lib64 for namespace 0x7fc0bc6d7160
08-29 07:51:26.929 16562 16581 D NetworkSecurityConfig: No Network Security Config specified, using platform default
08-29 07:51:26.936 16562 16581 D NetworkSecurityConfig: No Network Security Config specified, using platform default
08-29 07:51:27.008  2900 16568 W Conscrypt: Could not set socket write timeout:
08-29 07:51:27.010  2900 16568 W Conscrypt:    java.lang.reflect.Method.invoke(Native Method)
08-29 07:51:27.010  2900 16568 W Conscrypt:    com.google.android.gms.org.conscrypt.Platform.setSocketWriteTimeout(:com.google.android.gms@11947480:13)
08-29 07:51:27.925  2900 16568 W Conscrypt: Could not set socket write timeout:
08-29 07:51:27.925  2900 16568 W Conscrypt:    java.lang.reflect.Method.invoke(Native Method)
08-29 07:51:27.926  2900 16568 W Conscrypt:    com.google.android.gms.org.conscrypt.Platform.setSocketWriteTimeout(:com.google.android.gms@11947480:13)
08-29 07:51:28.994 16562 16581 D DownloadManager: [32] Finished with status SUCCESS
08-29 07:51:29.058 16543 16543 I ConfigUpdater: Download failed, retrying...
08-29 07:54:00.082  3088  3088 I chatty  : uid=10029 com.google.android.googlequicksearchbox:search expire 33 lines
08-29 08:00:18.755  2293 13314 I chatty  : uid=1000(system) Binder:2293_11 expire 1 line
08-29 08:10:22.027  2293 13324 I chatty  : uid=1000(system) Binder:2293_1B expire 1 line
08-29 08:11:29.753  2293  2324 I UsageStatsService: User[0] Flushing usage stats to disk
08-29 08:12:15.443  2293  2328 E BatteryStatsService: no controller energy info supplied
08-29 08:12:15.448  2293  2328 E KernelCpuSpeedReader: Failed to read cpu-freq: /sys/devices/system/cpu/cpu0/cpufreq/stats/time_in_state (No such file or directory)
08-29 08:12:15.448  2293  2328 E KernelUidCpuTimeReader: Failed to read uid_cputime: /proc/uid_cputime/show_uid_stat (No such file or directory)
08-29 08:12:15.448  2293  2328 E BatteryStatsService: modem info is invalid: ModemActivityInfo{ mTimestamp=0 mSleepTimeMs=0 mIdleTimeMs=0 mTxTimeMs[]=[0, 0, 0, 0, 0] mRxTimeMs=0 mEnergyUsed=0}
08-29 08:15:00.059  2293  2325 I ProcessStatsService: Prepared write state in 4ms
08-29 08:15:33.650  1309  1356 W SurfaceFlinger: Timed out waiting for hw vsync; faking it
08-29 08:15:34.300  2293 13320 I chatty  : uid=1000(system) Binder:2293_17 expire 2 lines
08-29 09:17:08.117  1309  1354 W SurfaceFlinger: Timed out waiting for hw vsync; faking it
08-29 09:17:08.455  2293  2293 D ConditionProviders.SCP: onReceive android.intent.action.TIME_SET
08-29 09:17:08.593 17457 17457 W art     : Unexpected CPU variant for X86 using defaults: x86_64
08-29 09:17:08.596  2293  2325 W ActivityManager: Slow operation: 132ms so far, now at startProcess: returned from zygote!
08-29 09:17:08.597  2293  2325 W ActivityManager: Slow operation: 133ms so far, now at startProcess: done updating battery stats
08-29 09:17:08.597  2293  2325 W ActivityManager: Slow operation: 134ms so far, now at startProcess: building log message
08-29 09:17:08.597  2293  2325 I ActivityManager: Start proc 17457:com.google.android.calendar/u0a34 for broadcast com.google.android.calendar/com.android.calendar.widget.CalendarAppWidgetProvider
08-29 09:17:08.597  2293  2325 W ActivityManager: Slow operation: 134ms so far, now at startProcess: starting to update pids map
08-29 09:17:08.597  2293  2325 W ActivityManager: Slow operation: 134ms so far, now at startProcess: done updating pids map
08-29 09:17:08.597  2293  2325 W ActivityManager: Slow operation: 138ms so far, now at startProcess: done starting proc!
08-29 09:17:08.599  2293  2293 D ConditionProviders.SCP: notifyCondition condition://android/schedule?days=6.7&start=23.30&end=10.0&exitAtAlarm=false STATE_TRUE reason=meetsSchedule
08-29 09:17:08.601  2293  2293 D ConditionProviders.SCP: notifyCondition condition://android/schedule?days=1.2.3.4.5&start=22.0&end=7.0&exitAtAlarm=false STATE_FALSE reason=!meetsSchedule
08-29 09:17:08.611  2293  2293 D ConditionProviders.SCP: Scheduling evaluate for Sat Aug 29 10:00:00 GMT+00:00 2020 (1598695200000), in +42m51s545ms, now=Sat Aug 29 09:17:08 GMT+00:00 2020 (1598692628455)
08-29 09:17:08.897  2293  2324 I UsageStatsService: Time changed in UsageStats by 3693 seconds
08-29 09:17:09.017 17457 17457 W System  : ClassLoader referenced unknown path: /system/app/CalendarGooglePrebuilt/lib/x86_64
08-29 09:17:09.178  2293  2324 I UsageStatsDatabase: Time changed by +1h1m33s786ms. files deleted: 0 files moved: 9
08-29 09:17:09.651  2293  2324 I UsageStatsService: User[0] Rollover scheduled @ 2020-08-30 01:16:01(1598750161096)
08-29 09:17:09.859  2293 13324 W ActivityManager: Unable to start service Intent { act=com.google.android.gms.playlog.service.START pkg=com.google.android.gms } U=0: not found
08-29 09:17:09.860  2293 13315 W ActivityManager: Unbind failed: could not find connection for android.os.BinderProxy@e35b943
08-29 09:17:09.860 17457 17457 E GmsClient: unable to connect to service: com.google.android.gms.playlog.service.START
08-29 09:17:09.876 17457 17457 E TimelyPrefService: Primary account is null
08-29 09:17:09.975 17482 17482 W art     : Unexpected CPU variant for X86 using defaults: x86_64
08-29 09:17:10.039  2293  2822 W ActivityManager: Slow operation: 108ms so far, now at startProcess: returned from zygote!
08-29 09:17:10.039  2293  2822 W ActivityManager: Slow operation: 108ms so far, now at startProcess: done updating battery stats
08-29 09:17:10.039  2293  2822 W ActivityManager: Slow operation: 108ms so far, now at startProcess: building log message
08-29 09:17:10.039  2293  2822 I ActivityManager: Start proc 17482:com.google.android.deskclock/u0a67 for broadcast com.google.android.deskclock/com.android.deskclock.AlarmInitReceiver
08-29 09:17:10.039  2293  2822 W ActivityManager: Slow operation: 108ms so far, now at startProcess: starting to update pids map
08-29 09:17:10.040  2293  2822 W ActivityManager: Slow operation: 108ms so far, now at startProcess: done updating pids map
08-29 09:17:10.040  2293  2822 W ActivityManager: Slow operation: 109ms so far, now at startProcess: done starting proc!
08-29 09:17:10.063  1306  1306 E lowmemorykiller: Error writing /proc/16034/oom_score_adj; errno=22
08-29 09:17:10.065 17457 17457 W AnalyticsLogBase: PlayLogger.onLoggerFailedConnection
08-29 09:17:10.247 17482 17482 W System  : ClassLoader referenced unknown path: /system/app/PrebuiltDeskClockGoogle/lib/x86_64
08-29 09:17:10.324 17482 17482 I GAv4    : Google Analytics 9.2.56 is starting up. To enable debug logging on a device run:
08-29 09:17:10.324 17482 17482 I GAv4    :   adb shell setprop log.tag.GAv4 DEBUG
08-29 09:17:10.324 17482 17482 I GAv4    :   adb logcat -s GAv4
08-29 09:17:10.339  2293  2707 I ActivityManager: Process com.google.android.talk:matchstick (pid 16034) has died
08-29 09:17:10.339  2293  2707 D ActivityManager: cleanUpApplicationRecord -- 16034
08-29 09:17:10.366 17482 17499 W GAv4    : AnalyticsReceiver is not registered or is disabled. Register the receiver for reliable dispatching on non-Google Play devices. See http://goo.gl/8Rd3yj for instructions.
08-29 09:17:10.378 17482 17482 I AlarmClock: AlarmInitReceiver android.intent.action.TIME_SET
08-29 09:17:10.402 17482 17499 W GAv4    : CampaignTrackingReceiver is not registered, not exported or is disabled. Installation campaign tracking is not possible. See http://goo.gl/8Rd3yj for instructions.
08-29 09:17:10.403 17482 17499 W GAv4    : AnalyticsService not registered in the app manifest. Hits might not be delivered reliably. See http://goo.gl/8Rd3yj for instructions.
08-29 09:17:10.436 17482 17482 I DigitalWidgetProvider: onReceive: Intent { act=android.intent.action.TIME_SET flg=0x24000010 cmp=com.google.android.deskclock/com.android.alarmclock.DigitalAppWidgetProvider }
08-29 09:17:10.447 17482 17502 V AlarmClock: AlarmInitReceiver finished
08-29 09:17:10.796  1306  1306 E lowmemorykiller: Error writing /proc/12109/oom_score_adj; errno=22
08-29 09:17:11.112  2293 13321 W BroadcastQueue: Exception when sending broadcast to ComponentInfo{com.google.android.gms/com.google.android.gms.checkin.EventLogServiceReceiver}
08-29 09:17:11.112  2293 13321 W BroadcastQueue: android.os.DeadObjectException: Transaction failed on small parcel; remote process probably died
08-29 09:17:11.112  2293 13321 W BroadcastQueue: 	at android.os.BinderProxy.transactNative(Native Method)
08-29 09:17:11.112  2293 13321 W BroadcastQueue: 	at android.os.BinderProxy.transact(Binder.java:615)
08-29 09:17:11.112  2293 13321 W BroadcastQueue: 	at android.app.ApplicationThreadProxy.scheduleReceiver(ApplicationThreadNative.java:951)
08-29 09:17:11.112  2293 13321 W BroadcastQueue: 	at com.android.server.am.BroadcastQueue.processCurBroadcastLocked(BroadcastQueue.java:284)
08-29 09:17:11.112  2293 13321 W BroadcastQueue: 	at com.android.server.am.BroadcastQueue.processNextBroadcast(BroadcastQueue.java:1222)
08-29 09:17:11.112  2293 13321 W BroadcastQueue: 	at com.android.server.am.ActivityManagerService.finishReceiver(ActivityManagerService.java:18662)
08-29 09:17:11.112  2293 13321 W BroadcastQueue: 	at android.app.ActivityManagerNative.onTransact(ActivityManagerNative.java:528)
08-29 09:17:11.112  2293 13321 W BroadcastQueue: 	at com.android.server.am.ActivityManagerService.onTransact(ActivityManagerService.java:2795)
08-29 09:17:11.112  2293 13321 W BroadcastQueue: 	at android.os.Binder.execTransact(Binder.java:565)
08-29 09:17:11.182  2293 13321 W ActivityManager: Slow operation: 70ms so far, now at startProcess: bad proc running, killing
08-29 09:17:11.182  2293 13321 D ActivityManager: cleanUpApplicationRecord -- 12109
08-29 09:17:11.183  2293 13321 W ActivityManager: Slow operation: 71ms so far, now at startProcess: done killing old proc
08-29 09:17:11.183  2293 13321 W ActivityManager: Slow operation: 71ms so far, now at startProcess: added package to existing proc
08-29 09:17:11.183  2293 13321 W ActivityManager: Slow operation: 71ms so far, now at startProcess: stepping in to startProcess
08-29 09:17:11.244  2293 13321 W ActivityManager: Slow operation: 61ms so far, now at startProcess: returned from zygote!
08-29 09:17:11.244  2293 13321 W ActivityManager: Slow operation: 61ms so far, now at startProcess: done updating battery stats
08-29 09:17:11.244  2293 13321 W ActivityManager: Slow operation: 61ms so far, now at startProcess: building log message
08-29 09:17:11.245  2293 13321 I ActivityManager: Start proc 17504:com.google.android.gms/u0a14 for broadcast com.google.android.gms/.checkin.EventLogServiceReceiver
08-29 09:17:11.245  2293 13321 W ActivityManager: Slow operation: 61ms so far, now at startProcess: starting to update pids map
08-29 09:17:11.245  2293 13321 W ActivityManager: Slow operation: 62ms so far, now at startProcess: done updating pids map
08-29 09:17:11.246  2293 13321 W ActivityManager: Slow operation: 133ms so far, now at startProcess: done starting proc!
08-29 09:17:11.313 17504 17504 W art     : Unexpected CPU variant for X86 using defaults: x86_64
08-29 09:17:11.419  2293 13312 W ActivityManager: Spurious death for ProcessRecord{853b263 17504:com.google.android.gms/u0a14}, curProc for 12109: null
08-29 09:17:11.647 17482 17501 D AppIndexApi: Logging objectbew@b142669
08-29 09:17:11.927 17504 17504 W System  : ClassLoader referenced unknown path: /system/priv-app/PrebuiltGmsCore/lib/x86_64
08-29 09:17:12.138  2900 13341 W Icing   : isOptedInForAppHistory: empty Account Name encountered
08-29 09:17:12.155 17504 17504 I LoadedApk: No resource references to update in package FFFFFFFFFFFFFFFFFFFFFF
08-29 09:17:23.349 17504 17515 W art     : Suspending all threads took: 61.921ms
08-29 09:17:23.889 17504 17504 W System  : ClassLoader referenced unknown path: /system/priv-app/PrebuiltGmsCore/lib/x86_64
08-29 09:17:23.890 17504 17504 W System  : ClassLoader referenced unknown path: /system/priv-app/PrebuiltGmsCore/lib/x86_64
08-29 09:17:23.899 17504 17504 W System  : ClassLoader referenced unknown path: /system/priv-app/PrebuiltGmsCore/lib/x86_64
08-29 09:17:23.899 17504 17504 W System  : ClassLoader referenced unknown path: /system/priv-app/PrebuiltGmsCore/lib/x86_64
08-29 09:17:23.905 17504 17504 W linker  : /data/user_de/0/com.google.android.gms/app_extracted_libs/x86_64/libconscrypt_gmscore_jni.so: unused DT entry: type 0xf arg 0x12a
08-29 09:17:23.908 17504 17504 V NativeCrypto: Registering com/google/android/gms/org/conscrypt/NativeCrypto's 276 native methods...
08-29 09:17:23.929 17504 17504 D NetworkSecurityConfig: No Network Security Config specified, using platform default
08-29 09:17:23.930 17504 17504 I ProviderInstaller: Installed default security provider GmsCore_OpenSSL
08-29 09:17:24.058 17457 17475 I art     : Waiting for a blocking GC DisableMovingGc
08-29 09:17:24.061 17457 17475 I art     : Starting a blocking GC DisableMovingGc
08-29 09:17:24.067 17457 17475 I GAV2    : Thread[GAThread,5,main]: No campaign data found.
08-29 09:17:24.583 17504 17504 I GAv4-SVC: Google Analytics 11.9.47 is starting up.
08-29 09:17:24.892 17504 17515 W art     : Suspending all threads took: 21.049ms
08-29 09:17:31.576  2293  2293 I chatty  : uid=1000 system_server expire 1 line
08-29 09:17:31.629  2293  2293 W WindowManager: Attempted to remove non-existing token: android.os.Binder@c926149
08-29 09:17:32.708  1309  2037 E BufferQueueProducer: [Toast] queueBuffer: BufferQueue has been abandoned
08-29 09:17:32.710  1309  1405 E BufferQueueProducer: [Toast] dequeueBuffer: BufferQueue has been abandoned
08-29 09:17:32.795  2293 13325 W WindowManager: Failed looking up window
08-29 09:17:32.795  2293 13325 W WindowManager: java.lang.IllegalArgumentException: Requested window android.os.BinderProxy@b6dda4e does not exist
08-29 09:17:32.795  2293 13325 W WindowManager: 	at com.android.server.wm.WindowManagerService.windowForClientLocked(WindowManagerService.java:9422)
08-29 09:17:32.795  2293 13325 W WindowManager: 	at com.android.server.wm.WindowManagerService.windowForClientLocked(WindowManagerService.java:9413)
08-29 09:17:32.795  2293 13325 W WindowManager: 	at com.android.server.wm.WindowManagerService.finishDrawingWindow(WindowManagerService.java:3256)
08-29 09:17:32.795  2293 13325 W WindowManager: 	at com.android.server.wm.Session.finishDrawing(Session.java:258)
08-29 09:17:32.795  2293 13325 W WindowManager: 	at android.view.IWindowSession$Stub.onTransact(IWindowSession.java:483)
08-29 09:17:32.795  2293 13325 W WindowManager: 	at com.android.server.wm.Session.onTransact(Session.java:145)
08-29 09:17:32.795  2293 13325 W WindowManager: 	at android.os.Binder.execTransact(Binder.java:565)
08-29 09:17:33.535  2293 13312 W WindowManager: Failed looking up window
08-29 09:17:33.535  2293 13312 W WindowManager: java.lang.IllegalArgumentException: Requested window android.os.BinderProxy@b6dda4e does not exist
08-29 09:17:33.535  2293 13312 W WindowManager: 	at com.android.server.wm.WindowManagerService.windowForClientLocked(WindowManagerService.java:9422)
08-29 09:17:33.535  2293 13312 W WindowManager: 	at com.android.server.wm.WindowManagerService.windowForClientLocked(WindowManagerService.java:9413)
08-29 09:17:33.535  2293 13312 W WindowManager: 	at com.android.server.wm.WindowManagerService.removeWindow(WindowManagerService.java:2393)
08-29 09:17:33.535  2293 13312 W WindowManager: 	at com.android.server.wm.Session.remove(Session.java:202)
08-29 09:17:33.535  2293 13312 W WindowManager: 	at android.view.IWindowSession$Stub.onTransact(IWindowSession.java:242)
08-29 09:17:33.535  2293 13312 W WindowManager: 	at com.android.server.wm.Session.onTransact(Session.java:145)
08-29 09:17:33.535  2293 13312 W WindowManager: 	at android.os.Binder.execTransact(Binder.java:565)
08-29 09:17:34.341  2293  4240 I ActivityManager: Process android.process.media (pid 16562) has died
08-29 09:17:34.342  2293  4240 D ActivityManager: cleanUpApplicationRecord -- 16562
08-29 09:17:34.365 13536 13665 I chatty  : uid=10090(com.posp) expire 8 lines
08-29 09:18:08.751  2293  2293 W WindowManager: Attempted to remove non-existing token: android.os.Binder@5586657
08-29 09:18:33.626  2293  2293 W WindowManager: Attempted to remove non-existing token: android.os.Binder@41310f3
08-29 09:18:37.338 13536 13571 I chatty  : uid=10090(com.posp) expire 5 lines
08-29 09:18:38.934  2293  2293 W WindowManager: Attempted to remove non-existing token: android.os.Binder@c3c94f
08-29 09:19:09.690 17504 17515 W art     : Suspending all threads took: 5.329ms
08-29 09:19:09.818  2900  2922 I art     : Background sticky concurrent mark sweep GC freed 24573(1531KB) AllocSpace objects, 5(240KB) LOS objects, 18% free, 9MB/11MB, paused 53.912ms total 643.209ms
08-29 09:19:10.184 17504 17627 I EventLogChimeraService: Aggregate from 1598686674726 (log), 1598686674726 (data)
08-29 09:19:11.925  2900 17633 W ConfigurationChimeraPro: Got null configs for com.google.android.gms.auth.account.base
08-29 09:19:12.129  2293  2769 W ActivityManager: Slow operation: 170ms so far, now at startProcess: returned from zygote!
08-29 09:19:12.130  2293  2769 W ActivityManager: Slow operation: 171ms so far, now at startProcess: done updating battery stats
08-29 09:19:12.130  2293  2769 W ActivityManager: Slow operation: 171ms so far, now at startProcess: building log message
08-29 09:19:12.130  2293  2769 I ActivityManager: Start proc 17634:com.google.android.gms.unstable/u0a14 for service com.google.android.gms/.droidguard.DroidGuardService
08-29 09:19:12.130  2293  2769 W ActivityManager: Slow operation: 171ms so far, now at startProcess: starting to update pids map
08-29 09:19:12.131  2293  2769 W ActivityManager: Slow operation: 172ms so far, now at startProcess: done updating pids map
08-29 09:19:12.131  2293  2769 W ActivityManager: Slow operation: 173ms so far, now at startProcess: done starting proc!
08-29 09:19:12.199 17634 17634 W art     : Unexpected CPU variant for X86 using defaults: x86_64
08-29 09:19:12.244  2293 13319 I ActivityManager: Process com.google.android.calendar (pid 17457) has died
08-29 09:19:12.245  2293 13319 D ActivityManager: cleanUpApplicationRecord -- 17457
08-29 09:19:12.259  1306  1306 E lowmemorykiller: Error writing /proc/16543/oom_score_adj; errno=22
08-29 09:19:12.349  1306  1306 E lowmemorykiller: Error writing /proc/16543/oom_score_adj; errno=22
08-29 09:19:12.385  2293 13327 I ActivityManager: Process com.google.android.configupdater (pid 16543) has died
08-29 09:19:12.385  2293 13327 D ActivityManager: cleanUpApplicationRecord -- 16543
08-29 09:19:12.458 17634 17634 W System  : ClassLoader referenced unknown path: /system/priv-app/PrebuiltGmsCore/lib/x86_64
08-29 09:19:12.633 17634 17634 I LoadedApk: No resource references to update in package FFFFFFFFFFFFFFFFFFFFFF
08-29 09:19:12.811 17634 17634 W System  : ClassLoader referenced unknown path: /system/priv-app/PrebuiltGmsCore/lib/x86_64
08-29 09:19:12.812 17634 17634 W System  : ClassLoader referenced unknown path: /system/priv-app/PrebuiltGmsCore/lib/x86_64
08-29 09:19:12.863 17634 17634 W System  : ClassLoader referenced unknown path: /system/priv-app/PrebuiltGmsCore/lib/x86_64
08-29 09:19:12.864 17634 17634 W System  : ClassLoader referenced unknown path: /system/priv-app/PrebuiltGmsCore/lib/x86_64
08-29 09:19:12.888 17634 17645 I art     : Background sticky concurrent mark sweep GC freed 21630(1022KB) AllocSpace objects, 2(40KB) LOS objects, 58% free, 2MB/6MB, paused 3.544ms total 169.201ms
08-29 09:19:12.890 17634 17634 W linker  : /data/user_de/0/com.google.android.gms/app_extracted_libs/x86_64/libconscrypt_gmscore_jni.so: unused DT entry: type 0xf arg 0x12a
08-29 09:19:12.896 17634 17634 V NativeCrypto: Registering com/google/android/gms/org/conscrypt/NativeCrypto's 276 native methods...
08-29 09:19:12.950 17634 17634 D NetworkSecurityConfig: No Network Security Config specified, using platform default
08-29 09:19:12.957 17634 17634 I ProviderInstaller: Installed default security provider GmsCore_OpenSSL
08-29 09:19:13.250  2900  3674 W ConfigurationChimeraPro: Got null configs for com.google.android.gms.droidguard
08-29 09:19:13.631 17634 17645 W art     : Suspending all threads took: 5.861ms
08-29 09:19:13.754 17634 17645 I art     : Background partial concurrent mark sweep GC freed 50991(4MB) AllocSpace objects, 6(120KB) LOS objects, 40% free, 3MB/5MB, paused 9.436ms total 288.962ms
08-29 09:19:14.017  2293  2532 I chatty  : uid=1000(system) Binder:2293_3 expire 2 lines
08-29 09:19:18.894 13625 13636 W art     : Suspending all threads took: 14.312ms
08-29 09:19:23.749 17634 17647 I DynamiteModule: Considering local module com.google.android.gms.googlecertificates:4 and remote module com.google.android.gms.googlecertificates:4
08-29 09:19:23.749 17634 17647 I DynamiteModule: Selected local version of com.google.android.gms.googlecertificates
08-29 09:19:23.997 17634 17634 W Binder:17634_2: type=1400 audit(0.0:72): avc: denied { search } for name="run" dev="dm-0" ino=14101 scontext=u:r:priv_app:s0:c512,c768 tcontext=u:object_r:varrun_file:s0 tclass=dir permissive=0
08-29 09:19:24.237 17634 17634 W Binder:17634_2: type=1400 audit(0.0:73): avc: denied { read } for name="/" dev="tmpfs" ino=1039 scontext=u:r:priv_app:s0:c512,c768 tcontext=u:object_r:device:s0 tclass=dir permissive=0
08-29 09:19:24.679 17634 17647 D         : HostConnection::get() New Host Connection established 0x7fc0b1412c00, tid 17647
08-29 09:19:24.774 17634 17647 D EGL_emulation: eglCreateContext: 0x7fc0b1465b80: maj 3 min 0 rcv 3
08-29 09:19:24.815 17634 17647 D EGL_emulation: eglMakeCurrent: 0x7fc0b1465b80: ver 3 0 (tinfo 0x7fc0b146e440)
08-29 09:19:25.442 17634 17647 D EGL_emulation: eglCreateContext: 0x7fc0b1465b80: maj 3 min 0 rcv 3
08-29 09:19:25.450 17634 17647 D EGL_emulation: eglMakeCurrent: 0x7fc0b1465b80: ver 3 0 (tinfo 0x7fc0b146e440)
08-29 09:19:26.534  2900  3375 W Conscrypt: Could not set socket write timeout:
08-29 09:19:26.561  2900  3375 W Conscrypt:    java.lang.reflect.Method.invoke(Native Method)
08-29 09:19:26.562  2900  3375 W Conscrypt:    com.google.android.gms.org.conscrypt.Platform.setSocketWriteTimeout(:com.google.android.gms@11947480:13)
08-29 09:19:27.821  2900  3375 W Conscrypt: Could not set socket write timeout:
08-29 09:19:27.823  2900  3375 W Conscrypt:    java.lang.reflect.Method.invoke(Native Method)
08-29 09:19:27.823  2900  3375 W Conscrypt:    com.google.android.gms.org.conscrypt.Platform.setSocketWriteTimeout(:com.google.android.gms@11947480:13)
08-29 09:19:29.185  2900  3375 W GLSUser : [AppCertManager] IOException while requesting key: 
08-29 09:19:29.185  2900  3375 W GLSUser : java.io.IOException: Invalid device key response.
08-29 09:19:29.185  2900  3375 W GLSUser : 	at fuu.a(:com.google.android.gms@11947480:12)
08-29 09:19:29.185  2900  3375 W GLSUser : 	at fuu.a(:com.google.android.gms@11947480:64)
08-29 09:19:29.185  2900  3375 W GLSUser : 	at fus.a(:com.google.android.gms@11947480:8)
08-29 09:19:29.185  2900  3375 W GLSUser : 	at fuo.a(:com.google.android.gms@11947480:1)
08-29 09:19:29.185  2900  3375 W GLSUser : 	at fun.a(:com.google.android.gms@11947480:10)
08-29 09:19:29.185  2900  3375 W GLSUser : 	at com.google.android.gms.auth.account.be.legacy.AuthCronChimeraService.b(:com.google.android.gms@11947480:7)
08-29 09:19:29.185  2900  3375 W GLSUser : 	at ezr.call(:com.google.android.gms@11947480:3)
08-29 09:19:29.185  2900  3375 W GLSUser : 	at java.util.concurrent.FutureTask.run(FutureTask.java:237)
08-29 09:19:29.185  2900  3375 W GLSUser : 	at mvc.run(:com.google.android.gms@11947480:26)
08-29 09:19:29.185  2900  3375 W GLSUser : 	at java.util.concurrent.ThreadPoolExecutor.runWorker(ThreadPoolExecutor.java:1133)
08-29 09:19:29.185  2900  3375 W GLSUser : 	at java.util.concurrent.ThreadPoolExecutor$Worker.run(ThreadPoolExecutor.java:607)
08-29 09:19:29.185  2900  3375 W GLSUser : 	at nak.run(:com.google.android.gms@11947480)
08-29 09:19:29.185  2900  3375 W GLSUser : 	at java.lang.Thread.run(Thread.java:761)
08-29 09:19:43.830 13536 13661 I chatty  : uid=10090(com.posp) expire 1 line
08-29 09:19:57.260  2293 13314 I ActivityManager: Process com.google.android.deskclock (pid 17482) has died
08-29 09:19:57.261  2293 13314 D ActivityManager: cleanUpApplicationRecord -- 17482
08-29 09:20:08.727  2293  2293 W WindowManager: Attempted to remove non-existing token: android.os.Binder@8378d3b
08-29 09:20:30.831 17710 17710 D AndroidRuntime: >>>>>> START com.android.internal.os.RuntimeInit uid 2000 <<<<<<
08-29 09:20:30.932 17710 17710 D AndroidRuntime: CheckJNI is ON
08-29 09:20:30.969  2293  2707 I ActivityManager: Process com.android.providers.calendar (pid 14881) has died
08-29 09:20:30.969  2293  2707 D ActivityManager: cleanUpApplicationRecord -- 14881
08-29 09:20:31.454 17710 17710 W art     : Unexpected CPU variant for X86 using defaults: x86_64
08-29 09:20:31.521 17710 17710 D ICU     : No timezone override file found: /data/misc/zoneinfo/current/icu/icu_tzdata.dat
08-29 09:20:31.709 17710 17710 E memtrack: Couldn't load memtrack module (No such file or directory)
08-29 09:20:31.709 17710 17710 E android.os.Debug: failed to load memtrack module: -2
08-29 09:20:31.716 17710 17710 I Radio-JNI: register_android_hardware_Radio DONE
