--------- beginning of system
08-28 23:15:57.785  1599  1599 W PackageManager: Failed to parse /system/priv-app/SharedStorageBackup: Not a coreApp: /system/priv-app/SharedStorageBackup
08-28 23:15:57.788  1599  1599 W PackageParser: Ignoring duplicate uses-permissions/uses-permissions-sdk-m: android.permission.INSTALL_GRANT_RUNTIME_PERMISSIONS in package: com.android.shell at: Binary XML file line #102
08-28 23:15:57.788  1599  1599 I PackageManager: /system/priv-app/Shell changed; collecting certs
08-28 23:15:57.792  1599  1599 W PackageManager: Failed to parse /system/priv-app/StatementService: Not a coreApp: /system/priv-app/StatementService
08-28 23:15:57.885  1599  1599 W PackageManager: Failed to parse /system/priv-app/StorageManager: Not a coreApp: /system/priv-app/StorageManager
08-28 23:15:58.025  1599  1599 W PackageParser: Ignoring duplicate uses-permissions/uses-permissions-sdk-m: android.permission.CONFIGURE_WIFI_DISPLAY in package: com.android.systemui at: Binary XML file line #117
08-28 23:15:58.047  1599  1599 I PackageManager: /system/priv-app/SystemUIGoogle changed; collecting certs
08-28 23:15:58.155  1599  1599 I PackageManager: /system/priv-app/TeleService changed; collecting certs
08-28 23:15:58.191  1599  1599 I PackageManager: /system/priv-app/Telecom changed; collecting certs
08-28 23:15:58.206  1599  1599 I PackageManager: /system/priv-app/TelephonyProvider changed; collecting certs
08-28 23:15:58.246  1599  1599 W PackageManager: Failed to parse /system/priv-app/Velvet: Not a coreApp: /system/priv-app/Velvet
08-28 23:15:58.248  1599  1599 W PackageManager: Failed to parse /system/priv-app/VpnDialogs: Not a coreApp: /system/priv-app/VpnDialogs
08-28 23:15:58.250  1599  1599 W PackageManager: Failed to parse /system/app/BasicDreams: Not a coreApp: /system/app/BasicDreams
08-28 23:15:58.251  1599  1599 W PackageManager: Failed to parse /system/app/BookmarkProvider: Not a coreApp: /system/app/BookmarkProvider
08-28 23:15:58.253  1599  1599 W PackageManager: Failed to parse /system/app/Browser2: Not a coreApp: /system/app/Browser2
08-28 23:15:58.284  1599  1599 W PackageManager: Failed to parse /system/app/CalendarGooglePrebuilt: Not a coreApp: /system/app/CalendarGooglePrebuilt
08-28 23:15:58.286  1599  1599 W PackageManager: Failed to parse /system/app/CaptivePortalLogin: Not a coreApp: /system/app/CaptivePortalLogin
08-28 23:15:58.289  1599  1599 W PackageManager: Failed to parse /system/app/CertInstaller: Not a coreApp: /system/app/CertInstaller
08-28 23:15:58.307  1599  1599 W PackageManager: Failed to parse /system/app/Chrome: Not a coreApp: /system/app/Chrome
08-28 23:15:58.308  1599  1599 W PackageManager: Failed to parse /system/app/CtsShimPrebuilt: Not a coreApp: /system/app/CtsShimPrebuilt
08-28 23:15:58.310  1599  1599 W PackageManager: Failed to parse /system/app/CustomLocale: Not a coreApp: /system/app/CustomLocale
08-28 23:15:58.312  1599  1599 W PackageManager: Failed to parse /system/app/Development: Not a coreApp: /system/app/Development
08-28 23:15:58.315  1599  1599 W PackageManager: Failed to parse /system/app/DownloadProviderUi: Not a coreApp: /system/app/DownloadProviderUi
08-28 23:15:58.331  1599  1599 W PackageManager: Failed to parse /system/app/Drive: Not a coreApp: /system/app/Drive
08-28 23:15:58.333  1599  1599 W PackageManager: Failed to parse /system/app/EasterEgg: Not a coreApp: /system/app/EasterEgg
08-28 23:15:58.334  1599  1599 W PackageManager: Failed to parse /system/app/EmulatorSmokeTests: Not a coreApp: /system/app/EmulatorSmokeTests
08-28 23:15:58.339  1599  1599 W PackageManager: Failed to parse /system/app/ExactCalculator: Not a coreApp: /system/app/ExactCalculator
08-28 23:15:58.341  1599  1599 W PackageManager: Failed to parse /system/app/Fallback: Not a coreApp: /system/app/Fallback
08-28 23:15:58.351  1599  1599 W PackageManager: Failed to parse /system/app/Gallery2: Not a coreApp: /system/app/Gallery2
08-28 23:15:58.355  1599  1599 W PackageManager: Failed to parse /system/app/GoogleContactsSyncAdapter: Not a coreApp: /system/app/GoogleContactsSyncAdapter
08-28 23:15:58.357  1599  1599 I PackageManager: /system/app/GoogleExtShared changed; collecting certs
08-28 23:15:58.359  1599  1599 W PackageManager: Failed to parse /system/app/GooglePrintRecommendationService: Not a coreApp: /system/app/GooglePrintRecommendationService
08-28 23:15:58.365  1599  1599 W PackageManager: Failed to parse /system/app/GoogleTTS: Not a coreApp: /system/app/GoogleTTS
08-28 23:15:58.366  1599  1599 W PackageManager: Failed to parse /system/app/HTMLViewer: Not a coreApp: /system/app/HTMLViewer
08-28 23:15:58.421  1599  1599 W PackageManager: Failed to parse /system/app/Hangouts: Not a coreApp: /system/app/Hangouts
08-28 23:15:58.424  1599  1599 W PackageManager: Failed to parse /system/app/KeyChain: Not a coreApp: /system/app/KeyChain
08-28 23:15:58.450  1599  1599 I PackageManager: /system/app/LatinIME changed; collecting certs
08-28 23:15:58.596  1599  1599 W PackageManager: Failed to parse /system/app/LegacyCamera: Not a coreApp: /system/app/LegacyCamera
08-28 23:15:58.597  1599  1599 W PackageManager: Failed to parse /system/app/LicenseChecker: Not a coreApp: /system/app/LicenseChecker
08-28 23:15:58.603  1599  1599 W PackageManager: Failed to parse /system/app/LiveWallpapersPicker: Not a coreApp: /system/app/LiveWallpapersPicker
08-28 23:15:58.624  1599  1599 W PackageManager: Failed to parse /system/app/Maps: Not a coreApp: /system/app/Maps
08-28 23:15:58.655  1599  1599 W PackageManager: Failed to parse /system/app/Music2: Not a coreApp: /system/app/Music2
08-28 23:15:58.657  1599  1599 W PackageManager: Failed to parse /system/app/NetSpeed: Not a coreApp: /system/app/NetSpeed
08-28 23:15:58.659  1599  1599 W PackageManager: Failed to parse /system/app/NexusLauncherIcons: Not a coreApp: /system/app/NexusLauncherIcons
08-28 23:15:58.662  1599  1599 W PackageManager: Failed to parse /system/app/NexusWallpapersStubPrebuilt: Not a coreApp: /system/app/NexusWallpapersStubPrebuilt
08-28 23:15:58.666  1599  1599 W PackageManager: Failed to parse /system/app/OpenWnn: Not a coreApp: /system/app/OpenWnn
08-28 23:15:58.667  1599  1599 W PackageManager: Failed to parse /system/app/PacProcessor: Not a coreApp: /system/app/PacProcessor
08-28 23:15:58.669  1599  1599 W PackageManager: Failed to parse /system/app/PartnerBookmarksProvider: Not a coreApp: /system/app/PartnerBookmarksProvider
08-28 23:15:58.685  1599  1599 W PackageManager: Failed to parse /system/app/Photos: Not a coreApp: /system/app/Photos
08-28 23:15:58.707  1599  1599 W PackageManager: Failed to parse /system/app/PrebuiltBugle: Not a coreApp: /system/app/PrebuiltBugle
08-28 23:15:58.723  1599  1599 W PackageManager: Failed to parse /system/app/PrebuiltDeskClockGoogle: Not a coreApp: /system/app/PrebuiltDeskClockGoogle
08-28 23:15:58.749  1599  1599 W PackageManager: Failed to parse /system/app/PrebuiltGmail: Not a coreApp: /system/app/PrebuiltGmail
08-28 23:15:58.754  1599  1599 W PackageManager: Failed to parse /system/app/PrintSpooler: Not a coreApp: /system/app/PrintSpooler
08-28 23:15:58.757  1599  1599 W PackageManager: Failed to parse /system/app/Protips: Not a coreApp: /system/app/Protips
08-28 23:15:58.758  1599  1599 W PackageManager: Failed to parse /system/app/UserDictionaryProvider: Not a coreApp: /system/app/UserDictionaryProvider
08-28 23:15:58.775  1599  1599 W PackageManager: Failed to parse /system/app/Videos: Not a coreApp: /system/app/Videos
08-28 23:15:58.776  1599  1599 W PackageManager: Failed to parse /system/app/WallpaperBackup: Not a coreApp: /system/app/WallpaperBackup
08-28 23:15:58.783  1599  1599 W PackageManager: Failed to parse /system/app/WallpaperPickerGooglePrebuilt: Not a coreApp: /system/app/WallpaperPickerGooglePrebuilt
08-28 23:15:58.790  1599  1599 W PackageManager: Failed to parse /system/app/WallpapersBReel: Not a coreApp: /system/app/WallpapersBReel
08-28 23:15:58.796  1599  1599 W PackageManager: Failed to parse /system/app/WallpapersUsTwo: Not a coreApp: /system/app/WallpapersUsTwo
08-28 23:15:58.800  1599  1599 W PackageManager: Failed to parse /system/app/WebViewGoogle: Not a coreApp: /system/app/WebViewGoogle
08-28 23:15:58.825  1599  1599 W PackageManager: Failed to parse /system/app/YouTube: Not a coreApp: /system/app/YouTube
08-28 23:15:58.827  1599  1599 E PackageManager: There should probably be exactly one storage manager; found 0: matches=[]
08-28 23:15:58.828  1599  1599 E PackageManager: There should probably be exactly one setup wizard; found 0: matches=[]
08-28 23:15:58.828  1599  1599 W PackageManager: Protected action; cap priority to 0; package: com.google.android.packageinstaller activity: com.android.packageinstaller.PackageInstallerActivity origPrio: 1
08-28 23:15:58.828  1599  1599 I PackageManager: Adjusting ABI for com.android.inputdevices to x86_64 (requirer=android, scannedPackage=null)
08-28 23:15:58.828  1599  1599 I PackageManager: Adjusting ABI for com.android.location.fused to x86_64 (requirer=android, scannedPackage=null)
08-28 23:15:58.829  1599  1599 I PackageManager: Adjusting ABI for com.android.settings to x86_64 (requirer=android, scannedPackage=null)
08-28 23:15:58.829  1599  1599 I PackageManager: Adjusting ABI for com.android.server.telecom to x86_64 (requirer=android, scannedPackage=null)
08-28 23:15:58.829  1599  1599 I PackageManager: Adjusting ABI for com.android.providers.settings to x86_64 (requirer=android, scannedPackage=null)
08-28 23:15:58.831  1599  1599 I PackageManager: Time to scan packages: 2.12 seconds
08-28 23:15:58.831  1599  1599 W PackageManager: Not granting permission android.permission.CLEAR_APP_USER_DATA to package com.google.android.packageinstaller (protectionLevel=258 flags=0x38483e45)
08-28 23:15:58.831  1599  1599 W PackageManager: Not granting permission android.permission.GRANT_RUNTIME_PERMISSIONS to package com.google.android.packageinstaller (protectionLevel=770 flags=0x38483e45)
08-28 23:15:58.831  1599  1599 W PackageManager: Not granting permission android.permission.REVOKE_RUNTIME_PERMISSIONS to package com.google.android.packageinstaller (protectionLevel=770 flags=0x38483e45)
08-28 23:15:58.831  1599  1599 W PackageManager: Not granting permission android.permission.INSTALL_GRANT_RUNTIME_PERMISSIONS to package com.google.android.packageinstaller (protectionLevel=770 flags=0x38483e45)
08-28 23:15:58.831  1599  1599 W PackageManager: Not granting permission android.permission.INTERACT_ACROSS_USERS_FULL to package com.google.android.packageinstaller (protectionLevel=258 flags=0x38483e45)
08-28 23:15:58.831  1599  1599 W PackageManager: Not granting permission android.permission.KILL_UID to package com.google.android.packageinstaller (protectionLevel=258 flags=0x38483e45)
08-28 23:15:58.831  1599  1599 W PackageManager: Not granting permission android.permission.MANAGE_APP_OPS_RESTRICTIONS to package com.google.android.packageinstaller (protectionLevel=258 flags=0x38483e45)
08-28 23:15:58.831  1599  1599 W PackageManager: Unknown permission com.google.android.permission.INSTALL_WEARABLE_PACKAGES in package com.google.android.packageinstaller
08-28 23:15:58.831  1599  1599 W PackageManager: Unknown permission android.permission.DOWNLOAD_WITHOUT_NOTIFICATION in package com.android.inputmethod.latin
08-28 23:15:58.832  1599  1599 W PackageManager: Unknown permission com.google.android.googleapps.permission.GOOGLE_AUTH in package com.android.settings
08-28 23:15:58.832  1599  1599 W PackageManager: Unknown permission android.permission.ACCESS_DOWNLOAD_MANAGER in package com.android.settings
08-28 23:15:58.832  1599  1599 W PackageManager: Unknown permission com.android.certinstaller.INSTALL_AS_USER in package com.android.settings
08-28 23:15:58.832  1599  1599 W PackageManager: Unknown permission com.android.launcher.permission.READ_SETTINGS in package com.android.settings
08-28 23:15:58.832  1599  1599 W PackageManager: Unknown permission com.android.launcher.permission.WRITE_SETTINGS in package com.android.settings
08-28 23:15:58.832  1599  1599 W PackageManager: Unknown permission com.android.smspush.WAPPUSH_MANAGER_BIND in package com.android.phone
08-28 23:15:58.833  1599  1599 V PackageManager: reconcileAppsData for null u0 0x3
08-28 23:15:58.835  1599  1599 W PackageManager: Failed to migrate com.google.android.ext.services: Failed to execute migrate_app_data [null, com.google.android.ext.services, 0, 1]: -1
08-28 23:15:58.838  1599  1599 W PackageManager: Failed to migrate com.android.providers.telephony: Failed to execute migrate_app_data [null, com.android.providers.telephony, 0, 1]: -1
08-28 23:15:58.840  1599  1599 W PackageManager: Failed to migrate com.google.android.ext.shared: Failed to execute migrate_app_data [null, com.google.android.ext.shared, 0, 1]: -1
08-28 23:15:58.842  1599  1599 W PackageManager: Failed to migrate com.android.mms.service: Failed to execute migrate_app_data [null, com.android.mms.service, 0, 2]: -1
08-28 23:15:58.844  1599  1599 W PackageManager: Failed to migrate com.android.defcontainer: Failed to execute migrate_app_data [null, com.android.defcontainer, 0, 1]: -1
08-28 23:15:58.846  1599  1599 W PackageManager: Failed to migrate android: Failed to execute migrate_app_data [null, android, 0, 1]: -1
08-28 23:15:58.849  1599  1599 W PackageManager: Failed to migrate com.android.providers.settings: Failed to execute migrate_app_data [null, com.android.providers.settings, 0, 1]: -1
08-28 23:15:58.851  1599  1599 W PackageManager: Failed to migrate com.android.inputdevices: Failed to execute migrate_app_data [null, com.android.inputdevices, 0, 1]: -1
08-28 23:15:58.853  1599  1599 W PackageManager: Failed to migrate com.android.server.telecom: Failed to execute migrate_app_data [null, com.android.server.telecom, 0, 1]: -1
08-28 23:15:58.856  1599  1599 W PackageManager: Failed to migrate com.android.dialer: Failed to execute migrate_app_data [null, com.android.dialer, 0, 2]: -1
08-28 23:15:58.858  1599  1599 W PackageManager: Failed to migrate com.google.android.packageinstaller: Failed to execute migrate_app_data [null, com.google.android.packageinstaller, 0, 1]: -1
08-28 23:15:58.861  1599  1599 W PackageManager: Failed to migrate com.android.proxyhandler: Failed to execute migrate_app_data [null, com.android.proxyhandler, 0, 1]: -1
08-28 23:15:58.863  1599  1599 W PackageManager: Failed to migrate com.android.inputmethod.latin: Failed to execute migrate_app_data [null, com.android.inputmethod.latin, 0, 1]: -1
08-28 23:15:58.865  1599  1599 W PackageManager: Failed to migrate com.android.settings: Failed to execute migrate_app_data [null, com.android.settings, 0, 1]: -1
08-28 23:15:58.867  1599  1599 W PackageManager: Failed to migrate com.android.phone: Failed to execute migrate_app_data [null, com.android.phone, 0, 1]: -1
08-28 23:15:58.870  1599  1599 W PackageManager: Failed to migrate com.android.shell: Failed to execute migrate_app_data [null, com.android.shell, 0, 1]: -1
08-28 23:15:58.872  1599  1599 W PackageManager: Failed to migrate com.android.location.fused: Failed to execute migrate_app_data [null, com.android.location.fused, 0, 1]: -1
08-28 23:15:58.875  1599  1599 W PackageManager: Failed to migrate com.android.systemui: Failed to execute migrate_app_data [null, com.android.systemui, 0, 1]: -1
08-28 23:15:58.877  1599  1599 V PackageManager: reconcileAppsData finished 18 packages
08-28 23:15:58.883  1599  1599 D PackageManager: Ephemeral resolver NOT found; no matching intent filters
08-28 23:15:58.883  1599  1599 I PackageManager: Ephemeral deactivated; missing resolver and installer
08-28 23:15:58.894  1599  1599 I SystemServer: StartUserManagerService
08-28 23:15:58.894  1599  1599 I SystemServiceManager: Starting com.android.server.pm.UserManagerService$LifeCycle
08-28 23:15:58.907  1599  1599 I SystemServiceManager: Starting com.android.server.BatteryService
08-28 23:15:58.915  1599  1599 I SystemServiceManager: Starting com.android.server.usage.UsageStatsService
08-28 23:15:58.926  1599  1599 I SystemServiceManager: Starting com.android.server.webkit.WebViewUpdateService
08-28 23:15:58.930  1599  1599 I SystemServer: Reading configuration...
08-28 23:15:58.930  1599  1599 I SystemServer: StartSchedulingPolicyService
08-28 23:15:58.931  1599  1599 I SystemServiceManager: Starting com.android.server.telecom.TelecomLoaderService
08-28 23:15:58.931  1599  1599 I SystemServer: StartTelephonyRegistry
08-28 23:15:58.937  1599  1599 I SystemServer: StartEntropyMixer
08-28 23:15:58.937  1599  1599 W EntropyMixer: No existing entropy file -- first boot?
08-28 23:15:58.938  1599  1599 I EntropyMixer: Writing entropy...
08-28 23:15:58.939  1599  1599 I SystemServer: Camera Service
08-28 23:15:58.940  1599  1599 I SystemServiceManager: Starting com.android.server.camera.CameraService
08-28 23:15:58.942  1599  1637 I ServiceThread: Enabled StrictMode logging for CameraService_proxy looper.
08-28 23:15:58.943  1599  1599 I SystemServer: StartAccountManagerService
08-28 23:15:58.944  1599  1599 I SystemServiceManager: Starting com.android.server.accounts.AccountManagerService$Lifecycle
08-28 23:15:58.953  1599  1599 I SystemServer: StartContentService
08-28 23:15:58.955  1599  1599 I SystemServiceManager: Starting com.android.server.content.ContentService$Lifecycle
08-28 23:15:58.957  1599  1599 I SystemServer: InstallSystemProviders
08-28 23:15:58.985  1599  1599 I SettingsState: No settings state /data/system/users/0/settings_system.xml
08-28 23:15:58.987  1599  1599 I SettingsState: No settings state /data/system/users/0/settings_secure.xml
08-28 23:15:58.988  1599  1599 D SettingsProvider: Generated and saved new ANDROID_ID [7e46ca617197c586] for user 0
08-28 23:15:58.989  1599  1599 I SettingsState: No settings state /data/system/users/0/settings_global.xml
08-28 23:15:58.993  1599  1599 I SystemServer: StartVibratorService
08-28 23:15:58.994  1599  1599 I SystemServer: StartConsumerIrService
08-28 23:15:58.996  1599  1599 I SystemServer: StartAlarmManagerService
08-28 23:15:58.996  1599  1599 I SystemServiceManager: Starting com.android.server.AlarmManagerService
08-28 23:15:59.001  1599  1599 I SystemServer: InitWatchdog
08-28 23:15:59.001  1599  1599 I SystemServer: StartInputManagerService
08-28 23:15:59.002  1599  1599 I InputManager: Initializing input manager, mUseDevInputEventForAudioJack=true
08-28 23:15:59.003  1599  1599 I SystemServer: StartWindowManagerService
08-28 23:15:59.038  1599  1622 I WindowManager: No existing display settings /data/system/display_settings.xml; starting empty
08-28 23:15:59.063  1599  1599 I SystemServer: StartVrManagerService
08-28 23:15:59.063  1599  1599 I SystemServiceManager: Starting com.android.server.vr.VrManagerService
08-28 23:15:59.077  1599  1599 I InputManager: Starting input manager
08-28 23:15:59.082  1599  1599 I SystemServer: No Bluetooth Service (emulator)
08-28 23:15:59.082  1599  1599 I SystemServer: ConnectivityMetricsLoggerService
08-28 23:15:59.082  1599  1599 I SystemServiceManager: Starting com.android.server.connectivity.MetricsLoggerService
08-28 23:15:59.093  1599  1599 I SystemServer: IpConnectivityMetrics
08-28 23:15:59.094  1599  1599 I SystemServiceManager: Starting com.android.server.connectivity.IpConnectivityMetrics
08-28 23:15:59.094  1599  1599 I SystemServer: PinnerService
08-28 23:15:59.094  1599  1599 I SystemServiceManager: Starting com.android.server.PinnerService
08-28 23:15:59.095  1599  1599 I SystemServiceManager: Starting com.android.server.InputMethodManagerService$Lifecycle
08-28 23:15:59.123  1599  1599 W InputMethodManagerService: No IME selected. Choose the most applicable IME.
08-28 23:15:59.123  1599  1599 I InputMethodManagerService: Default found, using com.android.inputmethod.latin/.LatinIME
08-28 23:15:59.125  1599  1599 I SystemServer: StartAccessibilityManagerService
08-28 23:15:59.131  1599  1599 I ActivityManager: Config changes=1df8 {1.0 ?mcc?mnc [en_US] ldltr sw600dp w600dp h960dp 320dpi lrg port ?uimode ?night -touch -keyb/h/h -nav/h s.2}
08-28 23:15:59.132  1599  1614 I UsageStatsDatabase: Upgrading from version 0 to 3
08-28 23:15:59.132  1599  1614 I UsageStatsDatabase: Deleting all usage stats files
08-28 23:15:59.133  1599  1599 I ActivityManager: Config changes=400 {1.0 ?mcc?mnc [en_US] ldltr sw600dp w600dp h888dp 320dpi lrg port ?uimode ?night -touch -keyb/h/h -nav/h s.3}
08-28 23:15:59.152  1599  1599 I SystemServiceManager: Starting com.android.server.MountService$Lifecycle
08-28 23:15:59.158  1599  1614 I UsageStatsService: User[0] Rollover scheduled @ 2020-08-29 23:15:59(1598742959131)
08-28 23:15:59.158  1599  1614 D UsageStatsService: Initializing defaults for system apps on user 0
08-28 23:15:59.158  1599  1622 I ActivityManager: Config changes=8 {1.0 ?mcc?mnc [en_US] ldltr sw600dp w600dp h888dp 320dpi lrg port ?uimode ?night finger -keyb/h/h -nav/h s.4}
08-28 23:15:59.159  1599  1614 E AppIdleHistory: Unable to read app idle file for user 0
08-28 23:15:59.171  1599  1599 I SystemServiceManager: Starting com.android.server.UiModeManagerService
08-28 23:15:59.171  1599  1646 D MountService: Thinking about init, mSystemReady=false, mDaemonConnected=true
08-28 23:15:59.171  1599  1646 D MountService: Thinking about reset, mSystemReady=false, mDaemonConnected=true
08-28 23:15:59.172  1599  1599 I ActivityManager: Config changes=200 {1.0 ?mcc?mnc [en_US] ldltr sw600dp w600dp h888dp 320dpi lrg port finger -keyb/h/h -nav/h s.5}
08-28 23:15:59.173  1599  1646 D MountService: Thinking about init, mSystemReady=false, mDaemonConnected=true
08-28 23:15:59.173  1599  1646 D MountService: Thinking about reset, mSystemReady=false, mDaemonConnected=true
08-28 23:15:59.173  1599  1599 W PackageManager: No disk maintenance in 1598656559173; running immediately
08-28 23:15:59.173  1599  1599 I SystemServer: StartLockSettingsService
08-28 23:15:59.173  1599  1646 D CryptdConnector: SND -> {1 cryptfs getfield SystemLocale}
08-28 23:15:59.174  1599  1599 I SystemServiceManager: Starting com.android.server.LockSettingsService$Lifecycle
08-28 23:15:59.175  1599  1648 D CryptdConnector: RCV <- {200 1 -1}
08-28 23:15:59.181  1599  1599 I SystemServiceManager: Starting com.android.server.DeviceIdleController
08-28 23:15:59.184  1599  1599 I SystemServiceManager: Starting com.android.server.devicepolicy.DevicePolicyManagerService$Lifecycle
08-28 23:15:59.192  1599  1599 I SystemServer: StartStatusBarManagerService
08-28 23:15:59.194  1599  1599 I SystemServer: StartClipboardService
08-28 23:15:59.195  1599  1599 I SystemServer: StartNetworkManagementService
08-28 23:15:59.197  1599  1650 I NetworkManagement: onDaemonConnected()
08-28 23:15:59.198  1599  1599 I SystemServiceManager: Starting com.android.server.TextServicesManagerService$Lifecycle
08-28 23:15:59.200  1599  1599 I SystemServer: StartNetworkScoreService
08-28 23:15:59.201  1599  1599 I SystemServer: StartNetworkStatsService
08-28 23:15:59.210  1599  1599 I SystemServer: StartNetworkPolicyManagerService
08-28 23:15:59.212  1599  1646 W MountService: No primary storage mounted!
08-28 23:15:59.212  1599  1646 D VoldConnector: SND -> {1 asec list}
08-28 23:15:59.213  1599  1647 D VoldConnector: RCV <- {200 1 asec operation succeeded}
08-28 23:15:59.214  1599  1646 W PackageManager: Not granting permission android.permission.CLEAR_APP_USER_DATA to package com.google.android.packageinstaller (protectionLevel=258 flags=0x38c83e45)
08-28 23:15:59.214  1599  1646 W PackageManager: Not granting permission android.permission.GRANT_RUNTIME_PERMISSIONS to package com.google.android.packageinstaller (protectionLevel=770 flags=0x38c83e45)
08-28 23:15:59.214  1599  1646 W PackageManager: Not granting permission android.permission.REVOKE_RUNTIME_PERMISSIONS to package com.google.android.packageinstaller (protectionLevel=770 flags=0x38c83e45)
08-28 23:15:59.214  1599  1646 W PackageManager: Not granting permission android.permission.INSTALL_GRANT_RUNTIME_PERMISSIONS to package com.google.android.packageinstaller (protectionLevel=770 flags=0x38c83e45)
08-28 23:15:59.214  1599  1646 W PackageManager: Not granting permission android.permission.INTERACT_ACROSS_USERS_FULL to package com.google.android.packageinstaller (protectionLevel=258 flags=0x38c83e45)
08-28 23:15:59.214  1599  1646 W PackageManager: Not granting permission android.permission.KILL_UID to package com.google.android.packageinstaller (protectionLevel=258 flags=0x38c83e45)
08-28 23:15:59.214  1599  1646 W PackageManager: Not granting permission android.permission.MANAGE_APP_OPS_RESTRICTIONS to package com.google.android.packageinstaller (protectionLevel=258 flags=0x38c83e45)
08-28 23:15:59.214  1599  1646 W PackageManager: Unknown permission com.google.android.permission.INSTALL_WEARABLE_PACKAGES in package com.google.android.packageinstaller
08-28 23:15:59.214  1599  1646 W PackageManager: Unknown permission android.permission.DOWNLOAD_WITHOUT_NOTIFICATION in package com.android.inputmethod.latin
08-28 23:15:59.214  1599  1646 W PackageManager: Unknown permission com.google.android.googleapps.permission.GOOGLE_AUTH in package com.android.settings
08-28 23:15:59.214  1599  1646 W PackageManager: Unknown permission android.permission.ACCESS_DOWNLOAD_MANAGER in package com.android.settings
08-28 23:15:59.214  1599  1646 W PackageManager: Unknown permission com.android.certinstaller.INSTALL_AS_USER in package com.android.settings
08-28 23:15:59.214  1599  1646 W PackageManager: Unknown permission com.android.launcher.permission.READ_SETTINGS in package com.android.settings
08-28 23:15:59.214  1599  1646 W PackageManager: Unknown permission com.android.launcher.permission.WRITE_SETTINGS in package com.android.settings
08-28 23:15:59.214  1599  1646 W PackageManager: Unknown permission com.android.smspush.WAPPUSH_MANAGER_BIND in package com.android.phone
08-28 23:15:59.224  1599  1646 W MountService: No primary storage mounted!
08-28 23:15:59.224  1599  1646 D VoldConnector: SND -> {2 asec list}
08-28 23:15:59.224  1599  1647 D VoldConnector: RCV <- {200 2 asec operation succeeded}
08-28 23:15:59.225  1599  1646 I MountService: Running fstrim idle maintenance
08-28 23:15:59.225  1599  1646 D VoldConnector: SND -> {3 fstrim dotrim}
08-28 23:15:59.226  1599  1647 D VoldConnector: RCV <- {200 3 Command succeeded}
08-28 23:15:59.226  1261  1652 D vold    : Starting trim of /cache
08-28 23:15:59.226  1261  1652 W vold    : Trim failed on /cache: Operation not supported on transport endpoint
08-28 23:15:59.226  1599  1647 D VoldConnector: RCV <- {662 /cache -1 -1}
08-28 23:15:59.226  1261  1652 D vold    : Starting trim of /data
08-28 23:15:59.226  1261  1652 W vold    : Trim failed on /data: Not a typewriter
08-28 23:15:59.226  1599  1647 D VoldConnector: RCV <- {662 /data -1 -1}
08-28 23:15:59.227  1599  1620 E VoldConnector: Error handling '662 /cache -1 -1': java.lang.NullPointerException: Attempt to invoke virtual method 'void android.os.DropBoxManager.addText(java.lang.String, java.lang.String)' on a null object reference
08-28 23:15:59.227  1599  1620 E VoldConnector: Error handling '662 /data -1 -1': java.lang.NullPointerException: Attempt to invoke virtual method 'void android.os.DropBoxManager.addText(java.lang.String, java.lang.String)' on a null object reference
08-28 23:15:59.236  1599  1599 I SystemServer: No Wi-Fi NAN Service (NAN support Not Present)
08-28 23:15:59.254  1599  1599 I SystemServiceManager: Starting com.android.server.wifi.p2p.WifiP2pService
08-28 23:15:59.285  1599  1599 I SystemServiceManager: Starting com.android.server.wifi.WifiService
08-28 23:15:59.540  1599  1599 I SystemServiceManager: Starting com.android.server.wifi.scanner.WifiScanningService
08-28 23:15:59.542  1599  1599 I SystemServiceManager: Starting com.android.server.wifi.RttService
08-28 23:15:59.543  1599  1599 I SystemServer: StartConnectivityService
08-28 23:15:59.547  1599  1599 D ConnectivityService: ConnectivityService starting up
08-28 23:15:59.549  1599  1599 D ConnectivityService: wifiOnly=false
08-28 23:15:59.555  1599  1599 I SystemServer: StartNsdService
08-28 23:15:59.557  1599  1599 I SystemServer: StartUpdateLockService
08-28 23:15:59.558  1599  1599 I SystemServiceManager: Starting com.android.server.RecoverySystemService
08-28 23:15:59.559  1599  1599 I SystemServiceManager: Starting com.android.server.notification.NotificationManagerService
08-28 23:15:59.569  1599  1599 D ConditionProviders.SCP: new ScheduleConditionProvider()
08-28 23:15:59.570  1599  1599 W NotificationRankers: could not start ranker service: no package specified!
08-28 23:15:59.571  1599  1599 D ZenLog  : set_zen_mode: off,init
08-28 23:15:59.572  1599  1599 I SystemServiceManager: Starting com.android.server.storage.DeviceStorageMonitorService
08-28 23:15:59.573  1599  1599 I SystemServer: StartLocationManagerService
08-28 23:15:59.575  1599  1599 I SystemServer: StartCountryDetectorService
08-28 23:15:59.576  1599  1599 I SystemServer: StartSearchManagerService
08-28 23:15:59.577  1599  1599 I SystemServiceManager: Starting com.android.server.search.SearchManagerService$Lifecycle
08-28 23:15:59.578  1599  1599 I SystemServiceManager: Starting com.android.server.DropBoxManagerService
08-28 23:15:59.578  1599  1599 I SystemServer: StartWallpaperManagerService
08-28 23:15:59.579  1599  1599 I SystemServiceManager: Starting com.android.server.wallpaper.WallpaperManagerService$Lifecycle
08-28 23:15:59.580  1599  1599 E WallpaperManagerService: Invalid wallpaper data
08-28 23:15:59.580  1599  1599 E WallpaperManagerService: Unable to apply new wallpaper
08-28 23:15:59.580  1599  1599 W WallpaperManagerService: no current wallpaper -- first boot?
08-28 23:15:59.580  1599  1599 I SystemServer: StartAudioService
08-28 23:15:59.580  1599  1599 I SystemServiceManager: Starting com.android.server.audio.AudioService$Lifecycle
08-28 23:15:59.599  1599  1599 I SystemServiceManager: Starting com.android.server.DockObserver
08-28 23:15:59.599  1599  1599 W DockObserver: This kernel does not have dock station support
08-28 23:15:59.599  1599  1599 I SystemServer: StartWiredAccessoryManager
08-28 23:15:59.600  1599  1599 W WiredAccessoryManager: This kernel does not have usb audio support
08-28 23:15:59.600  1599  1599 W WiredAccessoryManager: This kernel does not have HDMI audio support
08-28 23:15:59.600  1599  1599 I SystemServiceManager: Starting com.android.server.midi.MidiService$Lifecycle
08-28 23:15:59.602  1599  1599 I SystemServiceManager: Starting com.android.server.usb.UsbService$Lifecycle
08-28 23:15:59.608  1599  1599 I SystemServer: StartSerialService
08-28 23:15:59.609  1599  1599 I SystemServiceManager: Starting com.android.server.twilight.TwilightService
08-28 23:15:59.609  1599  1599 I SystemServiceManager: Starting com.android.server.job.JobSchedulerService
08-28 23:15:59.613  1599  1599 I SystemServiceManager: Starting com.android.server.soundtrigger.SoundTriggerService
08-28 23:15:59.615  1599  1599 I SystemServiceManager: Starting com.android.server.backup.BackupManagerService$Lifecycle
08-28 23:15:59.616  1599  1599 I SystemServiceManager: Starting com.android.server.appwidget.AppWidgetService
08-28 23:15:59.622  1599  1599 I SystemServiceManager: Starting com.android.server.voiceinteraction.VoiceInteractionManagerService
08-28 23:15:59.624  1599  1599 I SystemServer: Gesture Launcher Service
08-28 23:15:59.624  1599  1599 I SystemServiceManager: Starting com.android.server.GestureLauncherService
08-28 23:15:59.624  1599  1599 I SystemServiceManager: Starting com.android.server.SensorNotificationService
08-28 23:15:59.624  1599  1599 I SystemServiceManager: Starting com.android.server.ContextHubSystemService
08-28 23:15:59.625  1599  1599 I SystemServer: StartDiskStatsService
08-28 23:15:59.626  1599  1599 I SystemServer: StartSamplingProfilerService
08-28 23:15:59.627  1599  1599 I SystemServer: StartNetworkTimeUpdateService
08-28 23:15:59.627  1599  1599 I SystemServer: StartCommonTimeManagementService
08-28 23:15:59.628  1599  1599 I SystemServer: CertBlacklister
08-28 23:15:59.628  1599  1599 I SystemServiceManager: Starting com.android.server.emergency.EmergencyAffordanceService
08-28 23:15:59.628  1599  1599 I SystemServiceManager: Starting com.android.server.dreams.DreamManagerService
08-28 23:15:59.629  1599  1599 I SystemServer: StartAssetAtlasService
08-28 23:15:59.631  1599  1599 I SystemServiceManager: Starting com.android.server.print.PrintManagerService
08-28 23:15:59.633  1599  1599 I SystemServiceManager: Starting com.android.server.restrictions.RestrictionsManagerService
08-28 23:15:59.642  1599  1599 I SystemServiceManager: Starting com.android.server.media.MediaSessionService
08-28 23:15:59.654  1599  1599 I SystemServer: StartMediaRouterService
08-28 23:15:59.655  1599  1599 I SystemServiceManager: Starting com.android.server.trust.TrustManagerService
08-28 23:15:59.657  1599  1599 I SystemServiceManager: Starting com.android.server.fingerprint.FingerprintService
08-28 23:15:59.659  1599  1599 W FingerprintService: fingerprint service not available
08-28 23:15:59.659  1599  1599 V FingerprintService: Fingerprint HAL id: 0
08-28 23:15:59.659  1599  1599 I SystemServer: StartBackgroundDexOptService
08-28 23:15:59.660  1599  1599 I SystemServiceManager: Starting com.android.server.pm.ShortcutService$Lifecycle
08-28 23:15:59.664  1599  1599 I SystemServiceManager: Starting com.android.server.pm.LauncherAppsService
08-28 23:15:59.665  1599  1599 I SystemServiceManager: Starting com.android.server.media.projection.MediaProjectionManagerService
08-28 23:15:59.670  1599  1599 I SystemServiceManager: Starting com.android.server.MmsServiceBroker
08-28 23:15:59.671  1599  1599 I SystemServiceManager: Starting com.android.server.retaildemo.RetailDemoModeService
08-28 23:15:59.672  1599  1676 I ServiceThread: Enabled StrictMode logging for RetailDemoModeService looper.
08-28 23:15:59.677  1599  1599 I LockSettingsService: Migrated lock settings to new location
08-28 23:15:59.678  1599  1599 I LockSettingsService: Migrated per-user lock settings to new location
08-28 23:15:59.680  1599  1599 I LockSettingsService: Migrated biometric weak to use the fallback instead
08-28 23:15:59.681  1599  1599 I LockSettingsService: Migrated lockscreen disabled flag
08-28 23:15:59.683  1599  1599 E LockSettingsService: Unable to acquire GateKeeperService
08-28 23:15:59.685  1599  1599 E LockSettingsStorage: Cannot read file java.io.FileNotFoundException: /data/system/gatekeeper.password.key: open failed: ENOENT (No such file or directory)
08-28 23:15:59.685  1599  1599 E LockSettingsStorage: Cannot read file java.io.FileNotFoundException: /data/system/password.key: open failed: ENOENT (No such file or directory)
08-28 23:15:59.685  1599  1599 E LockSettingsStorage: Cannot read file java.io.FileNotFoundException: /data/system/gatekeeper.pattern.key: open failed: ENOENT (No such file or directory)
08-28 23:15:59.686  1599  1599 E LockSettingsStorage: Cannot read file java.io.FileNotFoundException: /data/system/gatekeeper.gesture.key: open failed: ENOENT (No such file or directory)
08-28 23:15:59.686  1599  1599 E LockSettingsStorage: Cannot read file java.io.FileNotFoundException: /data/system/gesture.key: open failed: ENOENT (No such file or directory)
08-28 23:15:59.686  1599  1599 I SystemServiceManager: Starting phase 480
08-28 23:15:59.688  1599  1599 I SystemServiceManager: Starting phase 500
08-28 23:15:59.714  1599  1599 I WifiService: WifiService starting up with Wi-Fi enabled
08-28 23:15:59.715  1599  1599 D WifiService: setWifiEnabled: true pid=1599, uid=1000
08-28 23:15:59.727  1599  1599 D ZenLog  : config: cleanUpZenRules,ZenModeConfig[user=0,allowCalls=true,allowRepeatCallers=false,allowMessages=false,allowCallsFrom=contacts,allowMessagesFrom=contacts,allowReminders=true,allowEvents=true,allowWhenScreenOff=true,allowWhenScreenOn=true,automaticRules={c35267dea8d545a2af6fe2a918ecbbfc=ZenRule[enabled=false,snoozing=false,name=Event,zenMode=ZEN_MODE_ALARMS,conditionId=condition://android/event?userId=-10000&calendar=&reply=1,condition=null,component=ComponentInfo{android/com.android.server.notification.EventConditionProvider},id=c35267dea8d545a2af6fe2a918ecbbfc,creationTime=1598656559567,enabler=null], c0ed9094a61f4a44a7c046dae4e2623b=ZenRule[enabled=false,snoozing=false,name=Weeknight,zenMode=ZEN_MODE_ALARMS,conditionId=condition://android/schedule?days=1.2.3.4.5&start=22.0&end=7.0&exitAtAlarm=false,condition=null,component=ComponentInfo{android/com.android.server.notification.ScheduleConditionProvider},id=c0ed9094a61f4a44a7c046dae4e2623b,creationTime=1598656559567,enabler=null], ef6eee51b18045949ee516f45aa02b16=ZenRule[enabled=false,snoozing=false,name=Weekend,zenMode=ZEN_MODE_ALARMS,conditionId=condition://android/schedule?days=6.7&start=23.30&end=10.0&exitAtAlarm=false,condition=null,component=ComponentInfo{android/com.android.server.notification.ScheduleConditionProvider},id=ef6eee51b18045949ee516f45aa02b16,creationTime=1598656559567,enabler=null]},manualRule=null],Diff[]
08-28 23:15:59.728  1599  1599 D ZenLog  : set_zen_mode: off,onSystemReady
08-28 23:15:59.734  1599  1599 W SoundTriggerHelper: listModules status=0, # of modules=0
08-28 23:15:59.756  1599  1599 D VoldConnector: SND -> {4 volume remount_uid 1001 none}
08-28 23:15:59.757  1261  1299 D vold    : Remounting 1001 as mode none
08-28 23:15:59.758  1261  1299 D vold    : Found matching PID 1335
08-28 23:15:59.758  1261  1299 W vold    : Skipping due to root namespace
08-28 23:15:59.758  1599  1647 D VoldConnector: RCV <- {200 4 Command succeeded}
08-28 23:15:59.758  1599  1599 D VoldConnector: SND -> {5 volume remount_uid 1001 none}
08-28 23:15:59.758  1261  1299 D vold    : Remounting 1001 as mode none
08-28 23:15:59.759  1261  1299 D vold    : Found matching PID 1335
08-28 23:15:59.759  1261  1299 W vold    : Skipping due to root namespace
08-28 23:15:59.759  1599  1647 D VoldConnector: RCV <- {200 5 Command succeeded}
08-28 23:15:59.759  1599  1599 D VoldConnector: SND -> {6 volume remount_uid 1000 none}
08-28 23:15:59.760  1261  1299 D vold    : Remounting 1000 as mode none
08-28 23:15:59.760  1261  1299 D vold    : Found matching PID 1308
08-28 23:15:59.761  1261  1299 W vold    : Skipping due to root namespace
08-28 23:15:59.761  1261  1299 D vold    : Found matching PID 1309
08-28 23:15:59.761  1261  1299 W vold    : Skipping due to root namespace
08-28 23:15:59.761  1261  1299 D vold    : Found matching PID 1599
08-28 23:15:59.762  1599  1624 W KeyguardServiceDelegate: onScreenTurningOn(): no keyguard service!
08-28 23:15:59.791  1599  1647 D VoldConnector: RCV <- {200 6 Command succeeded}
08-28 23:15:59.791  1599  1599 D VoldConnector: SND -> {7 volume remount_uid 1000 none}
08-28 23:15:59.792  1261  1299 D vold    : Remounting 1000 as mode none
08-28 23:15:59.792  1261  1299 D vold    : Found matching PID 1308
08-28 23:15:59.792  1261  1299 W vold    : Skipping due to root namespace
08-28 23:15:59.792  1261  1299 D vold    : Found matching PID 1309
08-28 23:15:59.793  1261  1299 W vold    : Skipping due to root namespace
08-28 23:15:59.793  1261  1299 D vold    : Found matching PID 1599
08-28 23:15:59.840  1599  1647 D VoldConnector: RCV <- {200 7 Command succeeded}
08-28 23:15:59.850  1599  1599 D VoldConnector: SND -> {8 volume remount_uid 2000 none}
08-28 23:15:59.851  1261  1299 D vold    : Remounting 2000 as mode none
08-28 23:15:59.858  1261  1299 D vold    : Found matching PID 1311
08-28 23:15:59.858  1261  1299 W vold    : Skipping due to root namespace
08-28 23:15:59.858  1261  1299 D vold    : Found matching PID 1312
08-28 23:15:59.858  1261  1299 W vold    : Skipping due to root namespace
08-28 23:15:59.859  1599  1647 D VoldConnector: RCV <- {200 8 Command succeeded}
08-28 23:15:59.859  1599  1599 D VoldConnector: SND -> {9 volume remount_uid 2000 none}
08-28 23:15:59.860  1261  1299 D vold    : Remounting 2000 as mode none
08-28 23:15:59.864  1261  1299 D vold    : Found matching PID 1311
08-28 23:15:59.864  1261  1299 W vold    : Skipping due to root namespace
08-28 23:15:59.864  1261  1299 D vold    : Found matching PID 1312
08-28 23:15:59.864  1261  1299 W vold    : Skipping due to root namespace
08-28 23:15:59.864  1599  1647 D VoldConnector: RCV <- {200 9 Command succeeded}
08-28 23:15:59.867  1599  1599 D VoldConnector: SND -> {10 volume remount_uid 10005 none}
08-28 23:15:59.868  1261  1299 D vold    : Remounting 10005 as mode none
08-28 23:15:59.871  1599  1647 D VoldConnector: RCV <- {200 10 Command succeeded}
08-28 23:15:59.872  1599  1599 D VoldConnector: SND -> {11 volume remount_uid 10005 none}
08-28 23:15:59.873  1261  1299 D vold    : Remounting 10005 as mode none
08-28 23:15:59.878  1599  1647 D VoldConnector: RCV <- {200 11 Command succeeded}
08-28 23:15:59.879  1599  1599 W VoiceInteractionManagerService: no available voice interaction services found for user 0
08-28 23:15:59.879  1599  1599 W VoiceInteractionManagerService: no available voice recognition services found for user 0
08-28 23:15:59.884  1599  1599 I SyncManager: No initial accounts
08-28 23:15:59.884  1599  1599 I SyncManager: No initial status
08-28 23:15:59.885  1599  1599 I SyncManager: No initial statistics
08-28 23:15:59.903  1599  1599 I ActivityManager: System now ready
08-28 23:15:59.912  1599  1599 I SystemServer: Making services ready
08-28 23:15:59.912  1599  1599 I SystemServiceManager: Starting phase 550
08-28 23:15:59.916  1599  1599 E InputMethodManagerService: Ignoring updateSystemUiLocked due to an invalid token. uid:1000 token:null
08-28 23:15:59.929  1599  1599 W InputMethodManagerService: Reset the default IME as "Resource" is ready here.
08-28 23:15:59.938  1599  1599 I InputMethodManagerService: Default found, using com.android.inputmethod.latin/.LatinIME
08-28 23:15:59.938  1599  1599 W InputMethodManagerService: Illegal subtype state: old subtype = null, new subtype = android.view.inputmethod.InputMethodSubtype@c9194f98
08-28 23:15:59.990  1599  1599 I ActivityManager: Start proc 1682:com.android.inputmethod.latin/u0a7 for service com.android.inputmethod.latin/.LatinIME
08-28 23:15:59.990  1599  1599 W ActivityManager: Slow operation: 51ms so far, now at startProcess: done starting proc!
08-28 23:15:59.990  1599  1599 V InputMethodManagerService: Adding window token: android.os.Binder@cb7e222
08-28 23:15:59.996  1599  1646 D MountService: Thinking about init, mSystemReady=true, mDaemonConnected=true
08-28 23:15:59.997  1599  1646 D MountService: Setting up emulation state, initlocked=false
08-28 23:15:59.999  1599  1646 D CryptdConnector: SND -> {2 cryptfs unlock_user_key 0 0 ! !}
08-28 23:16:00.001  1261  1300 D vold    : e4crypt_unlock_user_key 0 serial=0 token_present=0
08-28 23:16:00.001  1261  1300 E vold    : Failed to chmod /data/system_ce/0: No such file or directory
08-28 23:16:00.001  1261  1300 E vold    : Failed to chmod /data/misc_ce/0: No such file or directory
08-28 23:16:00.001  1261  1300 E vold    : Failed to chmod /data/media/0: No such file or directory
08-28 23:16:00.002  1599  1648 D CryptdConnector: RCV <- {200 2 Command succeeded}
08-28 23:16:00.002  1599  1646 D MountService: Thinking about reset, mSystemReady=true, mDaemonConnected=true
08-28 23:16:00.003  1599  1646 D VoldConnector: SND -> {12 volume reset}
08-28 23:16:00.003  1261  1299 D vold    : Recognized experimental block major ID 253 as virtio-blk (emulator's virtual SD card device)
08-28 23:16:00.003  1261  1299 V vold    : /system/bin/sgdisk
08-28 23:16:00.003  1261  1299 V vold    :     --android-dump
08-28 23:16:00.003  1261  1299 V vold    :     /dev/block/vold/disk:253,64
08-28 23:16:00.004  1599  1647 D VoldConnector: RCV <- {651 emulated 7}
08-28 23:16:00.004  1599  1647 D VoldConnector: RCV <- {659 emulated}
08-28 23:16:00.005  1599  1647 D VoldConnector: RCV <- {650 emulated 2 "" ""}
08-28 23:16:00.005  1599  1647 D VoldConnector: RCV <- {651 emulated 0}
08-28 23:16:00.005  1599  1647 D VoldConnector: RCV <- {651 public:253,64 7}
08-28 23:16:00.005  1599  1647 D VoldConnector: RCV <- {659 public:253,64}
08-28 23:16:00.006  1599  1647 D VoldConnector: RCV <- {649 disk:253,64}
08-28 23:16:00.006  1599  1620 D MountService: System booted in core-only mode; ignoring volume emulated
08-28 23:16:00.006  1599  1647 D VoldConnector: RCV <- {640 disk:253,64 5}
08-28 23:16:00.006  1599  1647 D VoldConnector: RCV <- {641 disk:253,64 67108864}
08-28 23:16:00.006  1599  1647 D VoldConnector: RCV <- {642 disk:253,64 Virtual}
08-28 23:16:00.007  1599  1647 D VoldConnector: RCV <- {644 disk:253,64 /sys//devices/pci0000:00/0000:00:07.0/virtio4/block/vde}
08-28 23:16:00.013  1599  1599 D UsbAlsaManager: Adding ALSA device AlsaDevice: [card: 0, device: 0, type: 1]
08-28 23:16:00.013  1599  1599 D UsbAlsaManager: Adding ALSA device AlsaDevice: [card: 0, device: 0, type: 2]
08-28 23:16:00.020  1261  1299 V vold    : DISK mbr
08-28 23:16:00.020  1261  1299 V vold    : 
08-28 23:16:00.020  1261  1299 W vold    : disk:253,64 has unknown partition table; trying entire device
08-28 23:16:00.020  1261  1299 V vold    : /system/bin/blkid
08-28 23:16:00.020  1261  1299 V vold    :     -c
08-28 23:16:00.020  1261  1299 V vold    :     /dev/null
08-28 23:16:00.020  1261  1299 V vold    :     -s
08-28 23:16:00.020  1261  1299 V vold    :     TYPE
08-28 23:16:00.020  1261  1299 V vold    :     -s
08-28 23:16:00.020  1261  1299 V vold    :     UUID
08-28 23:16:00.020  1261  1299 V vold    :     -s
08-28 23:16:00.020  1261  1299 V vold    :     LABEL
08-28 23:16:00.020  1261  1299 V vold    :     /dev/block/vold/disk:253,64
08-28 23:16:00.025  1599  1599 I ActivityManager: Start proc 1691:com.android.systemui/u0a5 for service com.android.systemui/.SystemUIService
08-28 23:16:00.025  1599  1599 D NetworkManagement: enabling bandwidth control
08-28 23:16:00.045  1261  1299 V vold    : /dev/block/vold/disk:253,64: LABEL="SDCARD" UUID="16E1-3119" TYPE="vfat" 
08-28 23:16:00.045  1261  1299 V vold    : 
08-28 23:16:00.045  1599  1647 D VoldConnector: RCV <- {650 public:253,64 0 "disk:253,64" ""}
08-28 23:16:00.046  1599  1647 D VoldConnector: RCV <- {651 public:253,64 0}
08-28 23:16:00.046  1599  1620 D MountService: System booted in core-only mode; ignoring volume public:253,64
08-28 23:16:00.046  1599  1647 D VoldConnector: RCV <- {643 disk:253,64}
08-28 23:16:00.046  1599  1647 D VoldConnector: RCV <- {200 12 Command succeeded}
08-28 23:16:00.046  1599  1646 D VoldConnector: SND -> {13 volume user_added 0 0}
08-28 23:16:00.046  1599  1647 D VoldConnector: RCV <- {200 13 Command succeeded}
08-28 23:16:00.191  1599  1599 D NetworkPolicy: setRestrictBackgroundUL(): false
08-28 23:16:00.255  1599  1599 I SystemServiceManager: Starting phase 600
08-28 23:16:00.260  1599  1599 D SensorNotificationService: Cannot obtain dynamic meta sensor, not supported.
08-28 23:16:00.313  1599  1599 W LocationManagerService: no network location provider found
08-28 23:16:00.316  1599  1599 E LocationManagerService: no geocoder provider found
08-28 23:16:00.316  1599  1599 D LocationManagerService: FLP HAL not supported
08-28 23:16:00.317  1599  1599 D LocationManagerService: Unable to bind FLP Geofence proxy.
08-28 23:16:00.317  1599  1599 D LocationManagerService: Hardware Activity-Recognition not supported.
08-28 23:16:00.321  1599  1599 D LocationManagerService: Unable to bind ActivityRecognitionProxy.
08-28 23:16:00.332  1599  1599 I MmsServiceBroker: Delay connecting to MmsService until an API is called
08-28 23:16:00.334  1599  1599 W VoiceInteractionManagerService: no available voice interaction services found for user 0
08-28 23:16:00.334  1599  1599 W VoiceInteractionManagerService: no available voice recognition services found for user 0
08-28 23:16:00.340  1599  1599 I ActivityManager: Start proc 1777:com.android.phone/1001 for added application com.android.phone
08-28 23:16:00.340  1599  1599 I ActivityManager: START u0 {act=android.intent.action.MAIN cat=[android.intent.category.HOME] flg=0x10000100 cmp=com.android.settings/.CryptKeeper} from uid 0 on display 0
08-28 23:16:00.344  1599  1599 I ActivityManager: Loaded persisted task ids for user 0
08-28 23:16:00.355  1599  1599 I ActivityManager: Start proc 1786:com.android.settings:CryptKeeper/1000 for activity com.android.settings/.CryptKeeper
08-28 23:16:00.356  1599  1599 I SystemServer: Enabled StrictMode for system server main thread.
08-28 23:16:00.358  1599  1599 D ConditionProviders.SCP: onConnected
08-28 23:16:00.388  1599  1599 D ZenLog  : set_zen_mode: off,cleanUpZenRules
08-28 23:16:00.389  1599  1599 D ConditionProviders: Subscribing to condition://android/event?userId=-10000&calendar=&reply=1 with ComponentInfo{android/com.android.server.notification.EventConditionProvider}
08-28 23:16:00.389  1599  1599 D ZenLog  : subscribe: condition://android/event?userId=-10000&calendar=&reply=1,ok
08-28 23:16:00.389  1599  1599 D ConditionProviders: Subscribing to condition://android/schedule?days=1.2.3.4.5&start=22.0&end=7.0&exitAtAlarm=false with ComponentInfo{android/com.android.server.notification.ScheduleConditionProvider}
08-28 23:16:00.389  1599  1599 D ZenLog  : subscribe: condition://android/schedule?days=1.2.3.4.5&start=22.0&end=7.0&exitAtAlarm=false,ok
08-28 23:16:00.389  1599  1599 D ConditionProviders: Subscribing to condition://android/schedule?days=6.7&start=23.30&end=10.0&exitAtAlarm=false with ComponentInfo{android/com.android.server.notification.ScheduleConditionProvider}
08-28 23:16:00.389  1599  1599 D ZenLog  : subscribe: condition://android/schedule?days=6.7&start=23.30&end=10.0&exitAtAlarm=false,ok
