08-29 00:08:12.350 12385 12385 W dex2oat : Before Android 4.1, method int androidx.appcompat.widget.MenuPopupWindow$MenuDropDownListView.lookForSelectablePosition(int, boolean) would have incorrectly overridden the package-private method in android.widget.ListView
08-29 00:08:12.386 12385 12385 W dex2oat : Before Android 4.1, method android.graphics.PorterDuffColorFilter androidx.vectordrawable.graphics.drawable.VectorDrawableCompat.updateTintFilter(android.graphics.PorterDuffColorFilter, android.content.res.ColorStateList, android.graphics.PorterDuff$Mode) would have incorrectly overridden the package-private method in android.graphics.drawable.Drawable
08-29 00:08:17.063  3088 12396 I chatty  : uid=10029 com.google.android.googlequicksearchbox:search expire 5 lines
08-29 00:08:17.064  2126 12399 I chatty  : uid=1041(audioserver) /system/bin/audioserver expire 1 line
08-29 00:08:17.077  3088 11904 E ActivityThread: Failed to find provider info for com.google.android.apps.gsa.testing.ui.audio.recorded
08-29 00:08:17.086  3088 12395 I chatty  : uid=10029 com.google.android.googlequicksearchbox:search expire 1 line
08-29 00:08:19.502 12385 12385 I dex2oat : dex2oat took 8.097s (threads: 2) arena alloc=168KB (172112B) java alloc=9MB (9719144B) native alloc=19MB (20124872B) free=3MB (3730232B)
08-29 00:08:19.522  2293  2325 I ActivityManager: Force stopping com.posp appid=10090 user=-1: installPackageLI
08-29 00:08:19.602  2293  2342 I PackageManager: Package com.posp codePath changed from /data/app/com.posp-2 to /data/app/com.posp-1; Retaining data and using new
08-29 00:08:19.603  2293  2342 W PackageManager: Code path for com.posp changing from /data/app/com.posp-2 to /data/app/com.posp-1
08-29 00:08:19.603  2293  2342 W PackageManager: Resource path for com.posp changing from /data/app/com.posp-2 to /data/app/com.posp-1
08-29 00:08:19.671  2293  2342 I chatty  : uid=1000(system) PackageManager expire 15 lines
08-29 00:08:19.751  2129  2129 E         : Couldn't opendir /data/app/vmdl511578574.tmp: No such file or directory
08-29 00:08:19.755  2293  2342 I ActivityManager: Force stopping com.posp appid=10090 user=0: pkg removed
08-29 00:08:19.824  2293  2325 I ActivityManager: Start proc 12400:com.android.gallery3d/u0a46 for broadcast com.android.gallery3d/.app.PackagesMonitor
08-29 00:08:19.829 12400 12400 W art     : Unexpected CPU variant for X86 using defaults: x86_64
08-29 00:08:19.843  2961  2985 I art     : Background partial concurrent mark sweep GC freed 1927(147KB) AllocSpace objects, 4(216KB) LOS objects, 36% free, 6MB/10MB, paused 5.537ms total 84.495ms
08-29 00:08:19.856 12360 12360 I art     : System.exit called, status: 0
08-29 00:08:19.856 12360 12360 I AndroidRuntime: VM exiting with result code 0.
08-29 00:08:19.974  2507  2525 I art     : Background partial concurrent mark sweep GC freed 25065(822KB) AllocSpace objects, 0(0B) LOS objects, 33% free, 7MB/11MB, paused 1.271ms total 172.211ms
08-29 00:08:20.076  3088  3099 I chatty  : uid=10029(com.google.android.googlequicksearchbox) HeapTaskDaemon expire 7 lines
08-29 00:08:20.100  2689  2689 D CarrierSvcBindHelper: No carrier app for: 0
08-29 00:08:20.102  2689  2689 D CarrierSvcBindHelper: No carrier app for: 0
08-29 00:08:20.103  2689  2689 D CarrierConfigLoader: mHandler: 9 phoneId: 0
08-29 00:08:20.294 12421 12421 W art     : Unexpected CPU variant for X86 using defaults: x86_64
08-29 00:08:20.296  2293  2320 I ActivityManager: Start proc 12421:com.android.keychain/1000 for broadcast com.android.keychain/.KeyChainBroadcastReceiver
08-29 00:08:20.375 12421 12421 W System  : ClassLoader referenced unknown path: /system/app/KeyChain/lib/x86_64
08-29 00:08:20.403 12421 12421 W ContextImpl: Calling a method in the system process without a qualified user: android.app.ContextImpl.startService:1357 android.content.ContextWrapper.startService:613 android.content.ContextWrapper.startService:613 com.android.keychain.KeyChainBroadcastReceiver.onReceive:12 android.app.ActivityThread.handleReceiver:3040 
08-29 00:08:20.417 12436 12436 W art     : Unexpected CPU variant for X86 using defaults: x86_64
08-29 00:08:20.423  2293 12108 I ActivityManager: Start proc 12436:com.google.android.apps.docs/u0a41 for broadcast com.google.android.apps.docs/.receivers.AppPackageAddRemoveReceiver
08-29 00:08:20.445 12436 12436 W System  : ClassLoader referenced unknown path: /system/app/Drive/lib/x86_64
08-29 00:08:20.779  2293  3701 I ActivityManager: Process com.google.android.partnersetup (pid 12213) has died
08-29 00:08:20.779  2293  3701 D ActivityManager: cleanUpApplicationRecord -- 12213
08-29 00:08:20.963 12436 12455 I GAv4    : Google Analytics 8.4.87 is starting up. To enable debug logging on a device run:
08-29 00:08:20.963 12436 12455 I GAv4    :   adb shell setprop log.tag.GAv4 DEBUG
08-29 00:08:20.963 12436 12455 I GAv4    :   adb logcat -s GAv4
08-29 00:08:20.981 12436 12455 W GAv4    : AnalyticsReceiver is not registered or is disabled. Register the receiver for reliable dispatching on non-Google Play devices. See http://goo.gl/8Rd3yj for instructions.
08-29 00:08:20.982 12436 12455 W GAv4    : CampaignTrackingReceiver is not registered, not exported or is disabled. Installation campaign tracking is not possible. See http://goo.gl/8Rd3yj for instructions.
08-29 00:08:20.991 12436 12458 W GAv4    : AnalyticsService not registered in the app manifest. Hits might not be delivered reliably. See http://goo.gl/8Rd3yj for instructions.
08-29 00:08:20.997 12451 12451 D AndroidRuntime: >>>>>> START com.android.internal.os.RuntimeInit uid 2000 <<<<<<
08-29 00:08:21.005 12451 12451 D AndroidRuntime: CheckJNI is ON
08-29 00:08:21.069 12451 12451 W art     : Unexpected CPU variant for X86 using defaults: x86_64
08-29 00:08:21.114 12451 12451 D ICU     : No timezone override file found: /data/misc/zoneinfo/current/icu/icu_tzdata.dat
08-29 00:08:21.190 12451 12451 E memtrack: Couldn't load memtrack module (No such file or directory)
08-29 00:08:21.190 12451 12451 E android.os.Debug: failed to load memtrack module: -2
08-29 00:08:21.221 12451 12451 I Radio-JNI: register_android_hardware_Radio DONE
08-29 00:08:21.293  2293  2822 I ActivityManager: Process com.google.android.apps.photos (pid 12236) has died
08-29 00:08:21.293  2293  2822 D ActivityManager: cleanUpApplicationRecord -- 12236
08-29 00:08:21.322 12451 12451 D AndroidRuntime: Calling main entry com.android.commands.am.Am
08-29 00:08:21.326  3088 12473 I chatty  : uid=10029 com.google.android.googlequicksearchbox:search expire 2 lines
08-29 00:08:21.346  2293  2321 I ActivityManager: START u0 {flg=0x10000000 cmp=com.posp/.MainActivity} from uid 2000 on display 0
08-29 00:08:21.410 12451 12451 D AndroidRuntime: Shutting down VM
08-29 00:08:21.414  2900 10507 I chatty  : uid=10014 com.google.android.gms.persistent expire 2 lines
08-29 00:08:21.414  1306  1306 E lowmemorykiller: Error writing /proc/12151/oom_score_adj; errno=22
08-29 00:08:21.417  2293  2769 I chatty  : uid=1000(system) Binder:2293_7 expire 2 lines
08-29 00:08:21.430  2293  2320 I ActivityManager: Process com.google.process.gapps (pid 12151) has died
08-29 00:08:21.430  2293  2320 D ActivityManager: cleanUpApplicationRecord -- 12151
08-29 00:08:21.531 12109 12483 I chatty  : uid=10014(com.google.android.gms) expire 2 lines
08-29 00:08:21.533 12493 12493 I chatty  : uid=10090(com.posp) expire 74 lines
08-29 00:08:21.534  2293  4240 I ActivityManager: Start proc 12493:com.posp/u0a90 for activity com.posp/.MainActivity
08-29 00:08:21.661  1309  1405 D gralloc_ranchu: gralloc_alloc: Creating ashmem region of size 9216000
08-29 00:08:21.668  2507  2507 W asset   : Asset path /data/app/com.posp-2/base.apk is neither a directory nor file (type=1).
08-29 00:08:21.668  2507  2507 E ResourcesManager: failed to add asset path /data/app/com.posp-2/base.apk
08-29 00:08:21.668  2507  2507 W PackageManager: Failure retrieving resources for com.posp
08-29 00:08:21.676  2507  2507 W asset   : Asset path /data/app/com.posp-2/base.apk is neither a directory nor file (type=1).
08-29 00:08:21.678  2507  2507 E ResourcesManager: failed to add asset path /data/app/com.posp-2/base.apk
08-29 00:08:21.679  2507  2507 W PackageManager: Failure retrieving resources for com.posp
08-29 00:08:21.681  2507  2507 W asset   : Asset path /data/app/com.posp-2/base.apk is neither a directory nor file (type=1).
08-29 00:08:21.682  2507  2507 E ResourcesManager: failed to add asset path /data/app/com.posp-2/base.apk
08-29 00:08:21.682  2507  2507 W PackageManager: Failure retrieving resources for com.posp
08-29 00:08:21.682  2507  2507 W asset   : Asset path /data/app/com.posp-2/base.apk is neither a directory nor file (type=1).
08-29 00:08:21.682  2507  2507 E ResourcesManager: failed to add asset path /data/app/com.posp-2/base.apk
08-29 00:08:21.682  2507  2507 W PackageManager: Failure retrieving resources for com.posp
08-29 00:08:21.682  2507  2507 W asset   : Asset path /data/app/com.posp-2/base.apk is neither a directory nor file (type=1).
08-29 00:08:21.683  2507  2507 E ResourcesManager: failed to add asset path /data/app/com.posp-2/base.apk
08-29 00:08:21.683  2507  2507 W PackageManager: Failure retrieving resources for com.posp
08-29 00:08:21.835  2961  3106 D EGL_emulation: eglMakeCurrent: 0x7fc0b1464320: ver 3 0 (tinfo 0x7fc0b140ca80)
08-29 00:08:21.931  2293 12108 I ActivityManager: Process com.android.keychain (pid 12421) has died
08-29 00:08:21.931  2293 12108 D ActivityManager: cleanUpApplicationRecord -- 12421
08-29 00:08:21.937  2293 12108 I chatty  : uid=1000(system) Binder:2293_D expire 4 lines
08-29 00:08:21.951  2293  3701 I ActivityManager: Process com.android.gallery3d (pid 12400) has died
08-29 00:08:21.952  2293  3701 D ActivityManager: cleanUpApplicationRecord -- 12400
08-29 00:08:22.056 12512 12512 W art     : Unexpected CPU variant for X86 using defaults: x86_64
08-29 00:08:22.059  2293  2320 I ActivityManager: Start proc 12512:com.google.android.partnersetup/u0a19 for broadcast com.google.android.partnersetup/.RlzPingBroadcastReceiver
08-29 00:08:22.102  3088 12510 I chatty  : uid=10029 com.google.android.googlequicksearchbox:search expire 2 lines
08-29 00:08:22.143 12512 12512 W System  : ClassLoader referenced unknown path: /system/priv-app/GooglePartnerSetup/lib/x86_64
08-29 00:08:22.371  2293  2557 W ActivityManager: Slow operation: 93ms so far, now at startProcess: returned from zygote!
08-29 00:08:22.371  2293  2557 W ActivityManager: Slow operation: 94ms so far, now at startProcess: done updating battery stats
08-29 00:08:22.371  2293  2557 W ActivityManager: Slow operation: 94ms so far, now at startProcess: building log message
08-29 00:08:22.371  2293  2557 I ActivityManager: Start proc 12532:com.google.android.apps.photos/u0a65 for broadcast com.google.android.apps.photos/.experiments.phenotype.AppUpgradeBroadcastReceiver
08-29 00:08:22.372  2293  2557 W ActivityManager: Slow operation: 94ms so far, now at startProcess: starting to update pids map
08-29 00:08:22.372  2293  2557 W ActivityManager: Slow operation: 94ms so far, now at startProcess: done updating pids map
08-29 00:08:22.372  2293  2557 W ActivityManager: Slow operation: 95ms so far, now at startProcess: done starting proc!
08-29 00:08:22.409 12532 12532 W art     : Unexpected CPU variant for X86 using defaults: x86
08-29 00:08:22.435  2293  2708 I ActivityManager: Process com.android.defcontainer (pid 12370) has died
08-29 00:08:22.435  2293  2708 D ActivityManager: cleanUpApplicationRecord -- 12370
08-29 00:08:22.436 12493 12542 I chatty  : uid=10090(com.posp) expire 8 lines
08-29 00:08:22.439 12493 12542 E AndroidRuntime: FATAL EXCEPTION: FlipperEventBaseThread
08-29 00:08:22.439 12493 12542 E AndroidRuntime: Process: com.posp, PID: 12493
08-29 00:08:22.439 12493 12542 E AndroidRuntime: java.lang.UnsatisfiedLinkError: couldn't find DSO to load: libfbjni.so result: 0
08-29 00:08:22.439 12493 12542 E AndroidRuntime: 	at com.facebook.soloader.SoLoader.doLoadLibraryBySoName(SoLoader.java:825)
08-29 00:08:22.439 12493 12542 E AndroidRuntime: 	at com.facebook.soloader.SoLoader.loadLibraryBySoName(SoLoader.java:673)
08-29 00:08:22.439 12493 12542 E AndroidRuntime: 	at com.facebook.soloader.SoLoader.loadLibrary(SoLoader.java:611)
08-29 00:08:22.439 12493 12542 E AndroidRuntime: 	at com.facebook.soloader.SoLoader.loadLibrary(SoLoader.java:559)
08-29 00:08:22.439 12493 12542 E AndroidRuntime: 	at com.facebook.soloader.NativeLoaderToSoLoaderDelegate.loadLibrary(NativeLoaderToSoLoaderDelegate.java:25)
08-29 00:08:22.439 12493 12542 E AndroidRuntime: 	at com.facebook.soloader.nativeloader.NativeLoader.loadLibrary(NativeLoader.java:44)
08-29 00:08:22.439 12493 12542 E AndroidRuntime: 	at com.facebook.jni.HybridData.<clinit>(HybridData.java:34)
08-29 00:08:22.439 12493 12542 E AndroidRuntime: 	at com.facebook.flipper.android.FlipperThread.run(FlipperThread.java:25)
08-29 00:08:22.439 12493 12543 I chatty  : uid=10090(com.posp) expire 1 line
08-29 00:08:22.446  2293  2557 I ActivityManager: Process com.posp (pid 12493) has died
08-29 00:08:22.446  2293  2557 D ActivityManager: cleanUpApplicationRecord -- 12493
08-29 00:08:22.452 12544 12544 I chatty  : uid=10090(com.posp) expire 49 lines
08-29 00:08:22.457  2293  2557 I ActivityManager: Start proc 12544:com.posp/u0a90 for activity com.posp/.MainActivity
08-29 00:08:22.554 12544 12569 I chatty  : uid=10090(com.posp) expire 9 lines
08-29 00:08:22.559 12544 12570 E AndroidRuntime: FATAL EXCEPTION: FlipperConnectionThread
08-29 00:08:22.559 12544 12570 E AndroidRuntime: Process: com.posp, PID: 12544
08-29 00:08:22.559 12544 12570 E AndroidRuntime: java.lang.NoClassDefFoundError: <clinit> failed for class com.facebook.flipper.android.EventBase; see exception in other thread
08-29 00:08:22.559 12544 12570 E AndroidRuntime: 	at com.facebook.flipper.android.FlipperThread.run(FlipperThread.java:25)
08-29 00:08:22.576  2293  2707 I ActivityManager: Process com.posp (pid 12544) has died
08-29 00:08:22.576  2293  2707 D ActivityManager: cleanUpApplicationRecord -- 12544
08-29 00:08:22.582 12573 12573 I chatty  : uid=10090(com.posp) expire 49 lines
08-29 00:08:22.589  2293  2707 I ActivityManager: Start proc 12573:com.posp/u0a90 for activity com.posp/.MainActivity
08-29 00:08:22.592  2293  2327 I libprocessgroup: Killing pid 12541 in uid 10090 as part of process group 12493
08-29 00:08:22.632  2293  2327 I libprocessgroup: Killing pid 12541 in uid 10090 as part of process group 12493
08-29 00:08:22.687  2293  2327 I libprocessgroup: Killing pid 12571 in uid 10090 as part of process group 12544
08-29 00:08:22.705 12573 12592 I chatty  : uid=10090(com.posp) expire 9 lines
08-29 00:08:22.706 12532 12532 W System  : ClassLoader referenced unknown path: /system/app/Photos/lib/x86
08-29 00:08:22.723 12573 12591 E AndroidRuntime: FATAL EXCEPTION: FlipperEventBaseThread
08-29 00:08:22.723 12573 12591 E AndroidRuntime: Process: com.posp, PID: 12573
08-29 00:08:22.723 12573 12591 E AndroidRuntime: java.lang.NoClassDefFoundError: <clinit> failed for class com.facebook.flipper.android.EventBase; see exception in other thread
08-29 00:08:22.723 12573 12591 E AndroidRuntime: 	at com.facebook.flipper.android.FlipperThread.run(FlipperThread.java:25)
08-29 00:08:22.725  2293  2707 W ActivityManager: Process com.posp has crashed too many times: killing!
08-29 00:08:22.725  2293  2707 W ActivityManager:   Force finishing activity com.posp/.MainActivity
08-29 00:08:22.758 12109 12531 I chatty  : uid=10014(com.google.android.gms) expire 9 lines
08-29 00:08:22.944  2293  2336 W WindowManager: Failed looking up window
08-29 00:08:22.944  2293  2336 W WindowManager: java.lang.IllegalArgumentException: Requested window android.view.ViewRootImpl$W@b5d4910 does not exist
08-29 00:08:22.944  2293  2336 W WindowManager: 	at com.android.server.wm.WindowManagerService.windowForClientLocked(WindowManagerService.java:9422)
08-29 00:08:22.944  2293  2336 W WindowManager: 	at com.android.server.wm.WindowManagerService.windowForClientLocked(WindowManagerService.java:9413)
08-29 00:08:22.944  2293  2336 W WindowManager: 	at com.android.server.wm.WindowManagerService.removeWindow(WindowManagerService.java:2393)
08-29 00:08:22.944  2293  2336 W WindowManager: 	at com.android.server.wm.Session.remove(Session.java:202)
08-29 00:08:22.944  2293  2336 W WindowManager: 	at android.view.ViewRootImpl.dispatchDetachedFromWindow(ViewRootImpl.java:3290)
08-29 00:08:22.944  2293  2336 W WindowManager: 	at android.view.ViewRootImpl.doDie(ViewRootImpl.java:5917)
08-29 00:08:22.944  2293  2336 W WindowManager: 	at android.view.ViewRootImpl$ViewRootHandler.handleMessage(ViewRootImpl.java:3626)
08-29 00:08:22.944  2293  2336 W WindowManager: 	at android.os.Handler.dispatchMessage(Handler.java:102)
08-29 00:08:22.944  2293  2336 W WindowManager: 	at android.os.Looper.loop(Looper.java:154)
08-29 00:08:22.944  2293  2336 W WindowManager: 	at android.os.HandlerThread.run(HandlerThread.java:61)
08-29 00:08:22.944  2293  2336 W WindowManager: 	at com.android.server.ServiceThread.run(ServiceThread.java:46)
08-29 00:08:22.950  2293  2707 I chatty  : uid=1000(system) Binder:2293_5 expire 22 lines
08-29 00:08:22.959  1306  1306 E lowmemorykiller: Error opening /proc/12573/oom_score_adj; errno=2
08-29 00:08:22.980  2293  2707 W ActivityManager: Failed setting process group of 12573 to 1
08-29 00:08:22.999  2293  2707 I ActivityManager: Killing 12573:com.posp/u0a90 (adj 199): crash
08-29 00:08:23.001  2293  2707 D ActivityManager: cleanUpApplicationRecord -- 12573
08-29 00:08:23.004  2293  2325 I chatty  : uid=1000(system) ActivityManager expire 1 line
08-29 00:08:23.006  2293  5754 I chatty  : uid=1000(system) Binder:2293_C expire 3 lines
08-29 00:08:23.006  2293  2822 I chatty  : uid=1000(system) Binder:2293_8 expire 1 line
08-29 00:08:23.006  2293  5754 W ActivityManager: Spurious death for ProcessRecord{3412c2a 0:com.posp/u0a90}, curProc for 12573: null
08-29 00:08:23.132  2961  3106 D EGL_emulation: eglMakeCurrent: 0x7fc0b1464320: ver 3 0 (tinfo 0x7fc0b140ca80)
08-29 00:08:23.199  2293  4702 I chatty  : uid=1000(system) RenderThread expire 10 lines
08-29 00:08:23.838  2961  3106 W OpenGLRenderer: Incorrectly called buildLayer on View: ShortcutAndWidgetContainer, destroying layer...
08-29 00:08:23.951  2293  2326 I chatty  : uid=1000(system) android.ui expire 2 lines
08-29 00:08:24.047  3088 11933 I chatty  : uid=10029 com.google.android.googlequicksearchbox:search expire 1 line
08-29 00:08:24.152  3088 12595 I chatty  : uid=10029 com.google.android.googlequicksearchbox:search expire 6 lines
08-29 00:08:24.167  2126  8010 I chatty  : uid=1041(audioserver) Binder:2126_8 expire 27 lines
08-29 00:08:24.169  2126 12599 I chatty  : uid=1041(audioserver) /system/bin/audioserver expire 1 line
08-29 00:08:24.175  3088 11904 E ActivityThread: Failed to find provider info for com.google.android.apps.gsa.testing.ui.audio.recorded
08-29 00:08:24.201  3088 12596 I chatty  : uid=10029 com.google.android.googlequicksearchbox:search expire 1 line
08-29 00:08:24.287  2293  2324 I chatty  : uid=1000(system) android.bg expire 6 lines
08-29 00:08:24.504 12109 12484 I chatty  : uid=10014(com.google.android.gms) expire 1 line
08-29 00:08:24.530 12109 12489 I chatty  : uid=10014(com.google.android.gms) expire 1 line
08-29 00:08:24.820 12109 12266 I chatty  : uid=10014(com.google.android.gms) expire 1 line
08-29 00:08:24.824 12109 12251 I chatty  : uid=10014(com.google.android.gms) expire 1 line
08-29 00:08:24.837 12109 12270 I chatty  : uid=10014(com.google.android.gms) expire 4 lines
08-29 00:08:29.212  3088 12613 I chatty  : uid=10029 com.google.android.googlequicksearchbox:search expire 5 lines
08-29 00:08:29.224  2126 12616 I chatty  : uid=1041(audioserver) /system/bin/audioserver expire 1 line
08-29 00:08:29.234  3088 11904 E ActivityThread: Failed to find provider info for com.google.android.apps.gsa.testing.ui.audio.recorded
08-29 00:08:29.251  3088  3088 I chatty  : uid=10029 com.google.android.googlequicksearchbox:search expire 70 lines
08-29 00:08:29.251  3088 12612 I chatty  : uid=10029 com.google.android.googlequicksearchbox:search expire 1 line
08-29 00:08:33.309 12436 12459 W System  : ClassLoader referenced unknown path: /system/priv-app/PrebuiltGmsCore/lib/x86_64
08-29 00:08:33.310 12436 12459 D ApplicationLoaders: ignored Vulkan layer search path /system/priv-app/PrebuiltGmsCore/lib/x86_64:/system/fake-libs64:/system/priv-app/PrebuiltGmsCore/PrebuiltGmsCore.apk!/lib/x86_64:/system/lib64:/vendor/lib64 for namespace 0x7fc0bc6bf0f0
08-29 00:08:33.412 12436 12459 W System  : ClassLoader referenced unknown path: /system/priv-app/PrebuiltGmsCore/lib/x86_64
08-29 00:08:33.413 12436 12459 W System  : ClassLoader referenced unknown path: /system/priv-app/PrebuiltGmsCore/lib/x86_64
08-29 00:08:33.431 12436 12459 W System  : ClassLoader referenced unknown path: /system/priv-app/PrebuiltGmsCore/lib/x86_64
08-29 00:08:33.432 12436 12459 W System  : ClassLoader referenced unknown path: /system/priv-app/PrebuiltGmsCore/lib/x86_64
08-29 00:08:33.459 12436 12459 W linker  : /data/user_de/0/com.google.android.gms/app_extracted_libs/x86_64/libconscrypt_gmscore_jni.so: unused DT entry: type 0xf arg 0x12a
08-29 00:08:33.471 12436 12459 V NativeCrypto: Registering com/google/android/gms/org/conscrypt/NativeCrypto's 276 native methods...
08-29 00:08:33.550 12436 12459 D NetworkSecurityConfig: No Network Security Config specified, using platform default
08-29 00:08:33.566 12436 12459 I ProviderInstaller: Installed default security provider GmsCore_OpenSSL
08-29 00:08:34.273  3088 12619 I chatty  : uid=10029 com.google.android.googlequicksearchbox:search expire 5 lines
08-29 00:08:34.274  3088 11904 I chatty  : uid=10029 com.google.android.googlequicksearchbox:search expire 84 lines
08-29 00:08:34.278  2126 12622 I chatty  : uid=1041(audioserver) /system/bin/audioserver expire 1 line
08-29 00:08:34.281  2126  2169 I chatty  : uid=1041(audioserver) Binder:2126_1 expire 24 lines
08-29 00:08:34.287  3088 11904 E ActivityThread: Failed to find provider info for com.google.android.apps.gsa.testing.ui.audio.recorded
08-29 00:08:34.305  3088 12618 I chatty  : uid=10029 com.google.android.googlequicksearchbox:search expire 1 line
08-29 00:08:39.330  3088 12626 I chatty  : uid=10029 com.google.android.googlequicksearchbox:search expire 5 lines
08-29 00:08:39.359  2126 12629 I chatty  : uid=1041(audioserver) /system/bin/audioserver expire 1 line
08-29 00:08:39.366  3088 11904 E ActivityThread: Failed to find provider info for com.google.android.apps.gsa.testing.ui.audio.recorded
08-29 00:08:39.384  3088 12625 I chatty  : uid=10029 com.google.android.googlequicksearchbox:search expire 1 line
08-29 00:08:44.399  3088 12631 I chatty  : uid=10029 com.google.android.googlequicksearchbox:search expire 5 lines
08-29 00:08:44.413  2126 12634 I chatty  : uid=1041(audioserver) /system/bin/audioserver expire 1 line
08-29 00:08:44.414  2126  4964 I chatty  : uid=1041(audioserver) Binder:2126_5 expire 18 lines
08-29 00:08:44.425  3088 11904 E ActivityThread: Failed to find provider info for com.google.android.apps.gsa.testing.ui.audio.recorded
08-29 00:08:44.442  3088 12630 I chatty  : uid=10029 com.google.android.googlequicksearchbox:search expire 1 line
08-29 00:08:45.794  2293  2532 W ActivityManager: Ignoring remove of inactive process: ProcessRecord{eab0824 0:com.posp/u0a90}
08-29 00:08:45.889  2293  2707 W InputMethodManagerService: Window already focused, ignoring focus gain of: com.android.internal.view.IInputMethodClient$Stub$Proxy@97f5953 attribute=null, token = android.os.BinderProxy@a4518e0
08-29 00:08:46.094  2293  2336 W AppOps  : Finishing op nesting under-run: uid 1000 pkg android code 24 time=0 duration=0 nesting=0
08-29 00:08:49.053  2126  2159 I chatty  : uid=1041(audioserver) AudioOut_D expire 2 lines
08-29 00:08:49.454  3088 12636 I chatty  : uid=10029 com.google.android.googlequicksearchbox:search expire 5 lines
08-29 00:08:49.458  2126 12639 I chatty  : uid=1041(audioserver) /system/bin/audioserver expire 1 line
08-29 00:08:49.471  3088 11904 E ActivityThread: Failed to find provider info for com.google.android.apps.gsa.testing.ui.audio.recorded
08-29 00:08:49.484  3088 12635 I chatty  : uid=10029 com.google.android.googlequicksearchbox:search expire 1 line
08-29 00:08:54.501  3088 12641 I chatty  : uid=10029 com.google.android.googlequicksearchbox:search expire 5 lines
08-29 00:08:54.504  2126 12644 I chatty  : uid=1041(audioserver) /system/bin/audioserver expire 1 line
08-29 00:08:54.515  3088 11904 E ActivityThread: Failed to find provider info for com.google.android.apps.gsa.testing.ui.audio.recorded
08-29 00:08:54.532  3088 12640 I chatty  : uid=10029 com.google.android.googlequicksearchbox:search expire 1 line
08-29 00:08:59.540  3088 12648 I chatty  : uid=10029 com.google.android.googlequicksearchbox:search expire 5 lines
08-29 00:08:59.547  2126 12651 I chatty  : uid=1041(audioserver) /system/bin/audioserver expire 1 line
08-29 00:08:59.551  3088 11904 E ActivityThread: Failed to find provider info for com.google.android.apps.gsa.testing.ui.audio.recorded
08-29 00:08:59.571  3088 12647 I chatty  : uid=10029 com.google.android.googlequicksearchbox:search expire 1 line
08-29 00:09:04.576  3088 12653 I chatty  : uid=10029 com.google.android.googlequicksearchbox:search expire 5 lines
08-29 00:09:04.578  2126 12656 I chatty  : uid=1041(audioserver) /system/bin/audioserver expire 1 line
08-29 00:09:04.584  3088 11904 E ActivityThread: Failed to find provider info for com.google.android.apps.gsa.testing.ui.audio.recorded
08-29 00:09:04.601  3088 12652 I chatty  : uid=10029 com.google.android.googlequicksearchbox:search expire 1 line
08-29 00:09:09.608  3088 12658 I chatty  : uid=10029 com.google.android.googlequicksearchbox:search expire 5 lines
08-29 00:09:09.612  2126 12661 I chatty  : uid=1041(audioserver) /system/bin/audioserver expire 1 line
08-29 00:09:09.617  3088 11904 E ActivityThread: Failed to find provider info for com.google.android.apps.gsa.testing.ui.audio.recorded
08-29 00:09:09.634  3088 12657 I chatty  : uid=10029 com.google.android.googlequicksearchbox:search expire 1 line
08-29 00:09:14.646  3088 12663 I chatty  : uid=10029 com.google.android.googlequicksearchbox:search expire 5 lines
08-29 00:09:14.652  2126 12666 I chatty  : uid=1041(audioserver) /system/bin/audioserver expire 1 line
08-29 00:09:14.661  3088 11904 E ActivityThread: Failed to find provider info for com.google.android.apps.gsa.testing.ui.audio.recorded
08-29 00:09:14.675  3088 12662 I chatty  : uid=10029 com.google.android.googlequicksearchbox:search expire 1 line
08-29 00:09:19.685  3088 12670 I chatty  : uid=10029 com.google.android.googlequicksearchbox:search expire 5 lines
08-29 00:09:19.687  2126 12673 I chatty  : uid=1041(audioserver) /system/bin/audioserver expire 1 line
08-29 00:09:19.692  3088 11904 E ActivityThread: Failed to find provider info for com.google.android.apps.gsa.testing.ui.audio.recorded
08-29 00:09:19.705  3088 12669 I chatty  : uid=10029 com.google.android.googlequicksearchbox:search expire 1 line
08-29 00:09:22.048  3088 12674 I chatty  : uid=10029 com.google.android.googlequicksearchbox:search expire 2 lines
08-29 00:09:24.714  3088 12676 I chatty  : uid=10029 com.google.android.googlequicksearchbox:search expire 5 lines
08-29 00:09:24.717  2126 12679 I chatty  : uid=1041(audioserver) /system/bin/audioserver expire 1 line
08-29 00:09:24.724  3088 11904 E ActivityThread: Failed to find provider info for com.google.android.apps.gsa.testing.ui.audio.recorded
08-29 00:09:24.734  3088 12675 I chatty  : uid=10029 com.google.android.googlequicksearchbox:search expire 1 line
08-29 00:09:29.745  3088 12681 I chatty  : uid=10029 com.google.android.googlequicksearchbox:search expire 5 lines
08-29 00:09:29.746  2126 12684 I chatty  : uid=1041(audioserver) /system/bin/audioserver expire 1 line
08-29 00:09:29.753  3088 11904 E ActivityThread: Failed to find provider info for com.google.android.apps.gsa.testing.ui.audio.recorded
08-29 00:09:29.767  3088 12680 I chatty  : uid=10029 com.google.android.googlequicksearchbox:search expire 1 line
08-29 00:09:34.778  3088 12686 I chatty  : uid=10029 com.google.android.googlequicksearchbox:search expire 5 lines
08-29 00:09:34.780  2126 12689 I chatty  : uid=1041(audioserver) /system/bin/audioserver expire 1 line
08-29 00:09:34.784  3088 11904 E ActivityThread: Failed to find provider info for com.google.android.apps.gsa.testing.ui.audio.recorded
08-29 00:09:34.800  3088 12685 I chatty  : uid=10029 com.google.android.googlequicksearchbox:search expire 1 line
08-29 00:09:37.614 12692 12692 D AndroidRuntime: >>>>>> START com.android.internal.os.RuntimeInit uid 2000 <<<<<<
08-29 00:09:37.622 12692 12692 D AndroidRuntime: CheckJNI is ON
08-29 00:09:37.706 12692 12692 W art     : Unexpected CPU variant for X86 using defaults: x86_64
08-29 00:09:37.728 12692 12692 D ICU     : No timezone override file found: /data/misc/zoneinfo/current/icu/icu_tzdata.dat
08-29 00:09:37.800 12692 12692 E memtrack: Couldn't load memtrack module (No such file or directory)
08-29 00:09:37.800 12692 12692 E android.os.Debug: failed to load memtrack module: -2
08-29 00:09:37.805 12692 12692 I Radio-JNI: register_android_hardware_Radio DONE
08-29 00:09:37.835 12692 12692 D AndroidRuntime: Calling main entry com.android.commands.am.Am
08-29 00:09:37.865 12692 12692 D AndroidRuntime: Shutting down VM
08-29 00:09:38.532 12705 12705 D AndroidRuntime: >>>>>> START com.android.internal.os.RuntimeInit uid 2000 <<<<<<
08-29 00:09:38.533 12705 12705 D AndroidRuntime: CheckJNI is ON
08-29 00:09:38.571 12705 12705 W art     : Unexpected CPU variant for X86 using defaults: x86_64
08-29 00:09:38.575 12705 12705 D ICU     : No timezone override file found: /data/misc/zoneinfo/current/icu/icu_tzdata.dat
08-29 00:09:38.598 12705 12705 E memtrack: Couldn't load memtrack module (No such file or directory)
08-29 00:09:38.598 12705 12705 E android.os.Debug: failed to load memtrack module: -2
08-29 00:09:38.599 12705 12705 I Radio-JNI: register_android_hardware_Radio DONE
08-29 00:09:38.607 12705 12705 D AndroidRuntime: Calling main entry com.android.commands.pm.Pm
08-29 00:09:38.635  2129  2129 I         : free_cache(44306855) avail 219004928
08-29 00:09:39.457 12715 12715 W art     : Unexpected CPU variant for X86 using defaults: x86_64
08-29 00:09:39.459  2293  2342 I ActivityManager: Start proc 12715:com.android.defcontainer/u0a8 for service com.android.defcontainer/.DefaultContainerService
08-29 00:09:39.576 12730 12730 W dex2oat : Unexpected CPU variant for X86 using defaults: x86_64
08-29 00:09:39.576 12730 12730 I dex2oat : /system/bin/dex2oat --compiler-filter=interpret-only --debuggable
08-29 00:09:39.811  3088 12733 I chatty  : uid=10029 com.google.android.googlequicksearchbox:search expire 5 lines
08-29 00:09:39.822  2126 12736 I chatty  : uid=1041(audioserver) /system/bin/audioserver expire 1 line
08-29 00:09:39.823  3088 11904 E ActivityThread: Failed to find provider info for com.google.android.apps.gsa.testing.ui.audio.recorded
08-29 00:09:39.823  3088  3088 I chatty  : uid=10029 com.google.android.googlequicksearchbox:search expire 241 lines
08-29 00:09:39.827  3088  3396 I chatty  : uid=10029(com.google.android.googlequicksearchbox) HotwordDetector expire 49 lines
08-29 00:09:39.834  3088 12732 I chatty  : uid=10029 com.google.android.googlequicksearchbox:search expire 1 line
08-29 00:09:40.028 12730 12737 W dex2oat : Before Android 4.1, method int androidx.appcompat.widget.DropDownListView.lookForSelectablePosition(int, boolean) would have incorrectly overridden the package-private method in android.widget.ListView
08-29 00:09:40.104 12730 12730 W dex2oat : Before Android 4.1, method int androidx.appcompat.widget.MenuPopupWindow$MenuDropDownListView.lookForSelectablePosition(int, boolean) would have incorrectly overridden the package-private method in android.widget.ListView
08-29 00:09:40.147 12730 12730 W dex2oat : Before Android 4.1, method android.graphics.PorterDuffColorFilter androidx.vectordrawable.graphics.drawable.VectorDrawableCompat.updateTintFilter(android.graphics.PorterDuffColorFilter, android.content.res.ColorStateList, android.graphics.PorterDuff$Mode) would have incorrectly overridden the package-private method in android.graphics.drawable.Drawable
08-29 00:09:44.852  3088 12739 I chatty  : uid=10029 com.google.android.googlequicksearchbox:search expire 5 lines
08-29 00:09:44.852  3088 11904 I chatty  : uid=10029 com.google.android.googlequicksearchbox:search expire 283 lines
08-29 00:09:44.857  2126 12742 I chatty  : uid=1041(audioserver) /system/bin/audioserver expire 1 line
08-29 00:09:44.864  3088 11904 E ActivityThread: Failed to find provider info for com.google.android.apps.gsa.testing.ui.audio.recorded
08-29 00:09:44.871  3088 12738 I chatty  : uid=10029 com.google.android.googlequicksearchbox:search expire 1 line
08-29 00:09:44.986 12730 12730 I dex2oat : dex2oat took 5.410s (threads: 2) arena alloc=168KB (172144B) java alloc=9MB (9722504B) native alloc=19MB (20117040B) free=4MB (4262352B)
08-29 00:09:45.010  2293  2325 I ActivityManager: Force stopping com.posp appid=10090 user=-1: installPackageLI
08-29 00:09:45.104  2293  2342 I PackageManager: Package com.posp codePath changed from /data/app/com.posp-1 to /data/app/com.posp-2; Retaining data and using new
08-29 00:09:45.106  2293  2342 W PackageManager: Code path for com.posp changing from /data/app/com.posp-1 to /data/app/com.posp-2
08-29 00:09:45.106  2293  2342 W PackageManager: Resource path for com.posp changing from /data/app/com.posp-1 to /data/app/com.posp-2
08-29 00:09:45.240  2129  2129 E         : Couldn't opendir /data/app/vmdl50104356.tmp: No such file or directory
08-29 00:09:45.260  2293  2342 I ActivityManager: Force stopping com.posp appid=10090 user=0: pkg removed
08-29 00:09:45.301 12744 12744 W art     : Unexpected CPU variant for X86 using defaults: x86_64
08-29 00:09:45.303  2293  2325 I ActivityManager: Start proc 12744:com.android.gallery3d/u0a46 for broadcast com.android.gallery3d/.app.PackagesMonitor
08-29 00:09:45.307  2293  2468 I chatty  : uid=1000(system) InputReader expire 9 lines
08-29 00:09:45.331 12705 12705 I art     : System.exit called, status: 0
08-29 00:09:45.331 12705 12705 I AndroidRuntime: VM exiting with result code 0.
08-29 00:09:45.457  2689  2689 D CarrierSvcBindHelper: No carrier app for: 0
08-29 00:09:45.458  2689  2689 D CarrierSvcBindHelper: No carrier app for: 0
08-29 00:09:45.460  2689  2689 D CarrierConfigLoader: mHandler: 9 phoneId: 0
08-29 00:09:45.536 12764 12764 W art     : Unexpected CPU variant for X86 using defaults: x86_64
08-29 00:09:45.539  2293  3701 I ActivityManager: Start proc 12764:com.android.keychain/1000 for broadcast com.android.keychain/.KeyChainBroadcastReceiver
08-29 00:09:45.582 12764 12764 W System  : ClassLoader referenced unknown path: /system/app/KeyChain/lib/x86_64
08-29 00:09:45.616 12764 12764 W ContextImpl: Calling a method in the system process without a qualified user: android.app.ContextImpl.startService:1357 android.content.ContextWrapper.startService:613 android.content.ContextWrapper.startService:613 com.android.keychain.KeyChainBroadcastReceiver.onReceive:12 android.app.ActivityThread.handleReceiver:3040 
08-29 00:09:45.854  2900  8234 I chatty  : uid=10014 com.google.android.gms.persistent expire 1 line
08-29 00:09:45.926 12109 12788 I chatty  : uid=10014(com.google.android.gms) expire 2 lines
08-29 00:09:46.016  3088 12795 I chatty  : uid=10029 com.google.android.googlequicksearchbox:search expire 2 lines
08-29 00:09:46.113  1306  1306 E lowmemorykiller: Error writing /proc/12764/oom_score_adj; errno=22
08-29 00:09:46.115  1306  1306 E lowmemorykiller: Error writing /proc/12764/oom_score_adj; errno=22
08-29 00:09:46.129  2293  3701 I ActivityManager: Process com.android.keychain (pid 12764) has died
08-29 00:09:46.129  2293  3701 D ActivityManager: cleanUpApplicationRecord -- 12764
08-29 00:09:46.187 12109 12251 I chatty  : uid=10014(com.google.android.gms) expire 2 lines
08-29 00:09:46.358 12796 12796 D AndroidRuntime: >>>>>> START com.android.internal.os.RuntimeInit uid 2000 <<<<<<
08-29 00:09:46.362 12109 12266 I chatty  : uid=10014(com.google.android.gms) expire 1 line
08-29 00:09:46.387  2900  8234 I chatty  : uid=10014 com.google.android.gms.persistent expire 1 line
08-29 00:09:46.389  2293  3701 I ActivityManager: Process com.android.gallery3d (pid 12744) has died
08-29 00:09:46.389  2293  3701 D ActivityManager: cleanUpApplicationRecord -- 12744
08-29 00:09:46.391 12109 12788 I chatty  : uid=10014(com.google.android.gms) expire 1 line
08-29 00:09:46.396 12109 12799 I chatty  : uid=10014(com.google.android.gms) expire 1 line
08-29 00:09:46.402 12796 12796 D AndroidRuntime: CheckJNI is ON
08-29 00:09:46.413 12109 12531 I chatty  : uid=10014(com.google.android.gms) expire 3 lines
08-29 00:09:46.468 12796 12796 W art     : Unexpected CPU variant for X86 using defaults: x86_64
08-29 00:09:46.476 12796 12796 D ICU     : No timezone override file found: /data/misc/zoneinfo/current/icu/icu_tzdata.dat
08-29 00:09:46.512 12109 12266 I chatty  : uid=10014(com.google.android.gms) expire 1 line
08-29 00:09:46.513 12109 12251 I chatty  : uid=10014(com.google.android.gms) expire 1 line
08-29 00:09:46.524 12796 12796 E memtrack: Couldn't load memtrack module (No such file or directory)
08-29 00:09:46.524 12796 12796 E android.os.Debug: failed to load memtrack module: -2
08-29 00:09:46.525 12796 12796 I Radio-JNI: register_android_hardware_Radio DONE
08-29 00:09:46.553 12796 12796 D AndroidRuntime: Calling main entry com.android.commands.am.Am
08-29 00:09:46.561 12109 12531 I chatty  : uid=10014(com.google.android.gms) expire 9 lines
08-29 00:09:46.572  2293 12108 I ActivityManager: START u0 {flg=0x10000000 cmp=com.posp/.MainActivity} from uid 2000 on display 0
08-29 00:09:46.641 12796 12796 D AndroidRuntime: Shutting down VM
08-29 00:09:46.654 12815 12815 I chatty  : uid=10090(com.posp) expire 74 lines
08-29 00:09:46.656  2293  2320 I ActivityManager: Start proc 12815:com.posp/u0a90 for activity com.posp/.MainActivity
08-29 00:09:46.725  1309  1405 D gralloc_ranchu: gralloc_alloc: Creating ashmem region of size 9216000
08-29 00:09:46.860  2961  3106 D EGL_emulation: eglMakeCurrent: 0x7fc0b1464320: ver 3 0 (tinfo 0x7fc0b140ca80)
08-29 00:09:47.014 12815 12834 I chatty  : uid=10090(com.posp) expire 8 lines
08-29 00:09:47.017 12815 12833 I chatty  : uid=10090(com.posp) expire 1 line
08-29 00:09:47.050  2293  2822 I ActivityManager: Process com.posp (pid 12815) has died
08-29 00:09:47.050  2293  2822 D ActivityManager: cleanUpApplicationRecord -- 12815
08-29 00:09:47.060 12835 12835 I chatty  : uid=10090(com.posp) expire 49 lines
08-29 00:09:47.067  2293  2822 I ActivityManager: Start proc 12835:com.posp/u0a90 for activity com.posp/.MainActivity
08-29 00:09:47.148 12835 12853 I chatty  : uid=10090(com.posp) expire 8 lines
08-29 00:09:47.158 12835 12854 I chatty  : uid=10090(com.posp) expire 1 line
08-29 00:09:47.161  2293  2532 I ActivityManager: Process com.posp (pid 12835) has died
08-29 00:09:47.161  2293  2532 D ActivityManager: cleanUpApplicationRecord -- 12835
08-29 00:09:47.168 12857 12857 I chatty  : uid=10090(com.posp) expire 49 lines
08-29 00:09:47.172  2293  2532 I ActivityManager: Start proc 12857:com.posp/u0a90 for activity com.posp/.MainActivity
08-29 00:09:47.251 12857 12877 I chatty  : uid=10090(com.posp) expire 9 lines
08-29 00:09:47.262 12857 12878 E AndroidRuntime: FATAL EXCEPTION: FlipperConnectionThread
08-29 00:09:47.262 12857 12878 E AndroidRuntime: Process: com.posp, PID: 12857
08-29 00:09:47.262 12857 12878 E AndroidRuntime: java.lang.NoClassDefFoundError: <clinit> failed for class com.facebook.flipper.android.EventBase; see exception in other thread
08-29 00:09:47.262 12857 12878 E AndroidRuntime: 	at com.facebook.flipper.android.FlipperThread.run(FlipperThread.java:25)
08-29 00:09:47.282  2293  2321 W ActivityManager:   Force finishing activity com.posp/.MainActivity
08-29 00:09:47.290  2293  2321 I chatty  : uid=1000(system) Binder:2293_2 expire 22 lines
08-29 00:09:47.304  2293  2321 W ActivityManager: Exception thrown during pause
08-29 00:09:47.304  2293  2321 W ActivityManager: android.os.DeadObjectException: Transaction failed on small parcel; remote process probably died
08-29 00:09:47.304  2293  2321 W ActivityManager: 	at android.os.BinderProxy.transactNative(Native Method)
08-29 00:09:47.304  2293  2321 W ActivityManager: 	at android.os.BinderProxy.transact(Binder.java:615)
08-29 00:09:47.304  2293  2321 W ActivityManager: 	at android.app.ApplicationThreadProxy.schedulePauseActivity(ApplicationThreadNative.java:785)
08-29 00:09:47.304  2293  2321 W ActivityManager: 	at com.android.server.am.ActivityStack.startPausingLocked(ActivityStack.java:1141)
08-29 00:09:47.304  2293  2321 W ActivityManager: 	at com.android.server.am.ActivityStack.finishActivityLocked(ActivityStack.java:3523)
08-29 00:09:47.304  2293  2321 W ActivityManager: 	at com.android.server.am.ActivityStack.finishTopRunningActivityLocked(ActivityStack.java:3359)
08-29 00:09:47.304  2293  2321 W ActivityManager: 	at com.android.server.am.ActivityStackSupervisor.finishTopRunningActivityLocked(ActivityStackSupervisor.java:1877)
08-29 00:09:47.304  2293  2321 W ActivityManager: 	at com.android.server.am.AppErrors.handleAppCrashLocked(AppErrors.java:619)
08-29 00:09:47.304  2293  2321 W ActivityManager: 	at com.android.server.am.AppErrors.makeAppCrashingLocked(AppErrors.java:477)
08-29 00:09:47.304  2293  2321 W ActivityManager: 	at com.android.server.am.AppErrors.crashApplicationInner(AppErrors.java:353)
08-29 00:09:47.304  2293  2321 W ActivityManager: 	at com.android.server.am.AppErrors.crashApplication(AppErrors.java:305)
08-29 00:09:47.304  2293  2321 W ActivityManager: 	at com.android.server.am.ActivityManagerService.handleApplicationCrashInner(ActivityManagerService.java:13476)
08-29 00:09:47.304  2293  2321 W ActivityManager: 	at com.android.server.am.ActivityManagerService.handleApplicationCrash(ActivityManagerService.java:13458)
08-29 00:09:47.304  2293  2321 W ActivityManager: 	at android.app.ActivityManagerNative.onTransact(ActivityManagerNative.java:1646)
08-29 00:09:47.304  2293  2321 W ActivityManager: 	at com.android.server.am.ActivityManagerService.onTransact(ActivityManagerService.java:2795)
08-29 00:09:47.304  2293  2321 W ActivityManager: 	at android.os.Binder.execTransact(Binder.java:565)
08-29 00:09:47.313  1306  1306 E lowmemorykiller: Error opening /proc/12857/oom_score_adj; errno=2
08-29 00:09:47.314  2293  2321 W ActivityManager: Failed setting process group of 12857 to 1
08-29 00:09:47.317  2293  2321 I WindowManager: Failed to capture screenshot of Token{c7ad747 ActivityRecord{dbc286 u0 com.posp/.MainActivity t174 f}} appWin=Window{88ac50c u0 Starting com.posp} drawState=4
08-29 00:09:47.320  2293  2321 W ActivityManager:   Force finishing activity com.android.settings/.Settings
08-29 00:09:47.329  2293 12108 I ActivityManager: Process com.posp (pid 12857) has died
08-29 00:09:47.329  2293 12108 D ActivityManager: cleanUpApplicationRecord -- 12857
08-29 00:09:47.345  2293  2321 W ActivityManager: Ignoring remove of inactive process: ProcessRecord{235c3d4 0:com.posp/u0a90}
08-29 00:09:47.415  2293  2532 W InputMethodManagerService: Window already focused, ignoring focus gain of: com.android.internal.view.IInputMethodClient$Stub$Proxy@d640617 attribute=null, token = android.os.BinderProxy@a4518e0
08-29 00:09:47.434  2293  2326 W AppOps  : Finishing op nesting under-run: uid 1000 pkg android code 24 time=0 duration=0 nesting=0
08-29 00:09:47.434  2961  3106 D EGL_emulation: eglMakeCurrent: 0x7fc0b1464320: ver 3 0 (tinfo 0x7fc0b140ca80)
08-29 00:09:47.457  2293  2822 W InputMethodManagerService: Window already focused, ignoring focus gain of: com.android.internal.view.IInputMethodClient$Stub$Proxy@1fca307 attribute=null, token = android.os.BinderProxy@a4518e0
08-29 00:09:47.741  5589 12882 D Index   : Indexing locale 'en_US' took 236 millis
08-29 00:09:47.743  2293  2707 I ProcessStatsService: Added stats: 2020-08-28-18-43-11, over +2h0m23s384ms
08-29 00:09:47.831  5589  5623 W ProcStatsManager: No process com.google.android.youtube/10076 for service com.google.android.libraries.youtube.common.gcore.gcoreclient.gcm.impl.GcmTaskServiceDelegator
08-29 00:09:47.831  5589  5623 W ProcStatsManager: No process com.android.providers.calendar/10002 for service com.android.providers.calendar.EmptyService
08-29 00:09:47.831  5589  5623 W ProcStatsManager: No process com.android.providers.calendar/10002 for service com.android.providers.calendar.CalendarProviderIntentService
08-29 00:09:47.832  5589  5623 W ProcStatsManager: No process android.process.media/10011 for service com.android.providers.media.MediaScannerService
08-29 00:09:47.832  5589  5623 W ProcStatsManager: No process com.google.android.onetimeinitializer/10017 for service com.google.android.onetimeinitializer.OneTimeService
08-29 00:09:47.832  5589  5623 W ProcStatsManager: No process android.process.media/10011 for service com.android.providers.downloads.DownloadJobService
08-29 00:09:47.833  5589  5623 W ProcStatsManager: No process com.google.android.apps.messaging/10066 for service com.google.android.apps.messaging.shared.datamodel.action.BackgroundWorkerService
08-29 00:09:47.833  5589  5623 W ProcStatsManager: No process com.google.android.apps.messaging/10066 for service com.google.android.apps.messaging.shared.datamodel.action.ActionServiceImpl
08-29 00:09:47.833  5589  5623 W ProcStatsManager: No process com.google.android.apps.messaging/10066 for service com.google.android.apps.messaging.shared.datamodel.sticker.StickerSyncService
08-29 00:09:47.833  5589  5623 W ProcStatsManager: No process com.google.android.configupdater/10005 for service com.google.android.configupdater.SmsShortCodes.SmsShortCodesUpdateFetcherService
08-29 00:09:47.833  5589  5623 W ProcStatsManager: No process com.google.android.gm/10068 for service com.google.android.gm.GoogleMailSwitchService
08-29 00:09:47.833  5589  5623 W ProcStatsManager: No process com.google.android.gm/10068 for service com.android.mail.widget.BaseGmailWidgetProviderService
08-29 00:09:47.833  5589  5623 W ProcStatsManager: No process com.google.android.gm/10068 for service com.google.android.gm.GmailIntentService
08-29 00:09:47.833  5589  5623 W ProcStatsManager: No process com.google.android.gm/10068 for service com.android.email.service.EmailBroadcastProcessorService
08-29 00:09:47.833  5589  5623 W ProcStatsManager: No process com.google.android.gm/10068 for service com.android.exchange.service.EasService
08-29 00:09:47.833  5589  5623 W ProcStatsManager: No process com.google.android.music:main/10058 for service com.google.android.music.autocache.AutoCacheSchedulingService
08-29 00:09:47.833  5589  5623 W ProcStatsManager: No process com.google.android.music:main/10058 for service com.google.android.music.download.artwork.ArtDownloadService
08-29 00:09:47.833  5589  5623 W ProcStatsManager: No process com.google.android.music:main/10058 for service com.google.android.music.store.MediaStoreImportService
08-29 00:09:47.833  5589  5623 W ProcStatsManager: No process com.google.android.music:main/10058 for service com.google.android.music.preferences.MusicPreferenceService$MusicPreferenceServiceBinder
08-29 00:09:47.833  5589  5623 W ProcStatsManager: No process com.google.android.music:main/10058 for service com.google.android.music.download.cache.StorageMigrationService
08-29 00:09:47.833  5589  5623 W ProcStatsManager: No process com.google.android.apps.maps/10057 for service com.google.android.apps.gmm.offline.OfflineAutoUpdateJobService
08-29 00:09:47.833  5589  5623 W ProcStatsManager: No process com.android.cellbroadcastreceiver/10004 for service com.android.cellbroadcastreceiver.CellBroadcastConfigService
08-29 00:09:47.833  5589  5623 W ProcStatsManager: No process com.google.process.gapps/10047 for service com.google.android.syncadapters.contacts.ContactsSyncAdapterIntentService
08-29 00:09:47.833  5589  5623 W ProcStatsManager: No process com.android.keychain/1000 for service com.android.keychain.KeyChainService
08-29 00:09:47.833  5589  5623 W ProcStatsManager: No process com.android.chrome/10037 for service org.chromium.chrome.browser.customtabs.CustomTabsConnectionService
08-29 00:09:47.833  5589  5623 W ProcStatsManager: No process com.android.dialer/10009 for service com.android.dialer.calllog.CallLogNotificationsService
08-29 00:09:47.833  5589  5623 W ProcStatsManager: No process com.android.gallery3d/10046 for service com.android.gallery3d.app.PackagesMonitor$AsyncService
08-29 00:09:47.834  5589  5623 W ProcStatsManager: No process com.google.android.partnersetup/10019 for service com.google.android.partnersetup.AppInstalledService
08-29 00:09:47.835  5589  5623 W ProcStatsManager: No process com.google.android.partnersetup/10019 for service com.google.android.partnersetup.ClientIdService
08-29 00:09:47.835  5589  5623 W ProcStatsManager: No process com.google.android.partnersetup/10019 for service com.google.android.partnersetup.MccFallbackService
08-29 00:09:47.836  5589  5623 W ProcStatsManager: No process com.google.android.partnersetup/10019 for service com.google.android.partnersetup.AppHiderService
08-29 00:09:47.836  5589  5623 W ProcStatsManager: No process com.google.android.partnersetup/10019 for service com.google.android.partnersetup.RlzPingIntentService
08-29 00:09:47.836  5589  5623 W ProcStatsManager: No process com.google.android.partnersetup/10019 for service com.google.android.partnersetup.MccOverrideService
