08-28 23:16:00.393  1599  1599 W ContextImpl: Calling a method in the system process without a qualified user: android.app.ContextImpl.startService:1357 com.android.server.content.SyncManager$13.run:658 android.os.Handler.handleCallback:751 android.os.Handler.dispatchMessage:95 android.os.Looper.loop:154 
08-28 23:16:00.410  1682  1817 E ActivityThread: Failed to find provider info for user_dictionary
08-28 23:16:00.492  1599  1599 I Telecom : SystemStateProvider: Registering car mode receiver: android.content.IntentFilter@c60e2a0: TS.init@AAA
08-28 23:16:00.497  1599  1812 D CryptdConnector: SND -> {3 cryptfs cryptocomplete}
08-28 23:16:00.497  1599  1648 D CryptdConnector: RCV <- {200 3 0}
08-28 23:16:00.522  1599  1833 I Telecom : Telecom: Non-call EVENT: AUDIO_ROUTE, Entering state QuiescentEarpieceRoute
08-28 23:16:00.534  1599  1837 I Telecom : CallAudioModeStateMachine: Message received: null.: TS.init->CAMSM.pM_1@AAA_0
08-28 23:16:00.539  1599  1840 E ActivityThread: Failed to find provider info for call_log
08-28 23:16:00.596  1599  1599 I Telecom : Class: TelecomSystem.INSTANCE being set
08-28 23:16:00.689  1599  1791 D CryptdConnector: SND -> {4 cryptfs getpwtype}
08-28 23:16:00.689  1261  1300 D VoldCryptCmdListener: cryptfs getpwtype
08-28 23:16:00.689  1599  1648 D CryptdConnector: RCV <- {213 4 pin}
08-28 23:16:00.705  1599  1599 V WiredAccessoryManager: notifyWiredAccessoryChanged: when=0 bits= mask=54
08-28 23:16:00.705  1599  1599 V WiredAccessoryManager: newName=h2w newState=0 headsetState=0 prev headsetState=0
08-28 23:16:00.705  1599  1599 V WiredAccessoryManager: init()
08-28 23:16:00.709  1599  1791 D CryptdConnector: SND -> {5 cryptfs getfield OwnerInfo}
08-28 23:16:00.725  1599  1648 D CryptdConnector: RCV <- {200 5 -1}
08-28 23:16:00.736  1599  1612 D CryptdConnector: SND -> {6 cryptfs getfield PatternVisible}
08-28 23:16:00.736  1599  1648 D CryptdConnector: RCV <- {200 6 -1}
08-28 23:16:00.739  1599  1791 D CryptdConnector: SND -> {7 cryptfs getfield PasswordVisible}
08-28 23:16:00.739  1599  1615 W KeyguardServiceDelegate: onScreenTurningOn(): no keyguard service!
08-28 23:16:00.742  1599  1648 D CryptdConnector: RCV <- {200 7 -1}
08-28 23:16:00.748  1599  1599 W NotificationRankers: could not start ranker service: no package specified!
08-28 23:16:00.779  1599  1599 D ConditionProviders.SCP: onSubscribe condition://android/schedule?days=1.2.3.4.5&start=22.0&end=7.0&exitAtAlarm=false
08-28 23:16:00.779  1599  1599 D ConditionProviders.SCP: setRegistered true
08-28 23:16:00.779  1599  1599 D ConditionProviders.SCP: notifyCondition condition://android/schedule?days=1.2.3.4.5&start=22.0&end=7.0&exitAtAlarm=false STATE_FALSE reason=!meetsSchedule
08-28 23:16:00.781  1599  1599 D ConditionProviders.SCP: Scheduling evaluate for Sat Aug 29 07:00:00 GMT+00:00 2020 (1598684400000), in +7h43m59s221ms, now=Fri Aug 28 23:16:00 GMT+00:00 2020 (1598656560779)
08-28 23:16:00.781  1599  1599 D ConditionProviders.SCP: onSubscribe condition://android/schedule?days=6.7&start=23.30&end=10.0&exitAtAlarm=false
08-28 23:16:00.781  1599  1599 D ConditionProviders.SCP: notifyCondition condition://android/schedule?days=6.7&start=23.30&end=10.0&exitAtAlarm=false STATE_FALSE reason=!meetsSchedule
08-28 23:16:00.781  1599  1599 D ConditionProviders.SCP: notifyCondition condition://android/schedule?days=1.2.3.4.5&start=22.0&end=7.0&exitAtAlarm=false STATE_FALSE reason=!meetsSchedule
08-28 23:16:00.782  1599  1599 D ConditionProviders.SCP: Scheduling evaluate for Fri Aug 28 23:30:00 GMT+00:00 2020 (1598657400000), in +13m59s219ms, now=Fri Aug 28 23:16:00 GMT+00:00 2020 (1598656560781)
08-28 23:16:00.799  1599  1614 I SyncManager: Got SyncJobService instance.
08-28 23:16:00.815  1599  1599 I Telecom : WiredHeadsetManager: ACTION_HEADSET_PLUG event, plugged in: false, : WHC.oADA@AAE
08-28 23:16:00.823  1599  1599 I ActivityManager: user 0 is still locked. Cannot load recents
08-28 23:16:00.829  1599  1622 I SystemServiceManager: Starting phase 1000
08-28 23:16:00.841  1599  1791 W InputMethodManagerService: Ignoring showSoftInput of uid 1000: com.android.internal.view.IInputMethodClient$Stub$Proxy@47da316
08-28 23:16:00.851  1599  1622 D ActivityManager: Finishing user boot 0
08-28 23:16:00.852  1599  1622 D CryptdConnector: SND -> {8 cryptfs prepare_user_storage ! 0 0 2}
08-28 23:16:00.852  1261  1300 D vold    : e4crypt_prepare_user_storage for volume null, user 0, serial 0, flags 2
08-28 23:16:00.852  1261  1300 D vold    : Preparing: /data/system_ce/0
08-28 23:16:00.853  1261  1300 D vold    : Preparing: /data/misc_ce/0
08-28 23:16:00.853  1261  1300 D vold    : Preparing: /data/media/0
08-28 23:16:00.853  1261  1300 D vold    : Preparing: /data/data
08-28 23:16:00.853  1599  1648 D CryptdConnector: RCV <- {200 8 Command succeeded}
08-28 23:16:00.853  1599  1622 V PackageManager: reconcileAppsData for null u0 0x2
08-28 23:16:00.859  1599  1622 W PackageManager: Failed to migrate com.google.android.ext.services: Failed to execute migrate_app_data [null, com.google.android.ext.services, 0, 1]: -1
08-28 23:16:00.861  1599  1622 W PackageManager: Failed to migrate com.android.providers.telephony: Failed to execute migrate_app_data [null, com.android.providers.telephony, 0, 1]: -1
08-28 23:16:00.864  1599  1622 W PackageManager: Failed to migrate com.google.android.ext.shared: Failed to execute migrate_app_data [null, com.google.android.ext.shared, 0, 1]: -1
08-28 23:16:00.865  1599  1622 W PackageManager: Failed to migrate com.android.mms.service: Failed to execute migrate_app_data [null, com.android.mms.service, 0, 2]: -1
08-28 23:16:00.866  1599  1622 W PackageManager: Failed to migrate com.android.defcontainer: Failed to execute migrate_app_data [null, com.android.defcontainer, 0, 1]: -1
08-28 23:16:00.867  1599  1622 W PackageManager: Failed to migrate android: Failed to execute migrate_app_data [null, android, 0, 1]: -1
08-28 23:16:00.869  1599  1622 W PackageManager: Failed to migrate com.android.providers.settings: Failed to execute migrate_app_data [null, com.android.providers.settings, 0, 1]: -1
08-28 23:16:00.869  1599  1622 W PackageManager: Failed to migrate com.android.inputdevices: Failed to execute migrate_app_data [null, com.android.inputdevices, 0, 1]: -1
08-28 23:16:00.870  1599  1622 W PackageManager: Failed to migrate com.android.server.telecom: Failed to execute migrate_app_data [null, com.android.server.telecom, 0, 1]: -1
08-28 23:16:00.873  1599  1622 W PackageManager: Failed to migrate com.android.dialer: Failed to execute migrate_app_data [null, com.android.dialer, 0, 2]: -1
08-28 23:16:00.875  1599  1622 W PackageManager: Failed to migrate com.google.android.packageinstaller: Failed to execute migrate_app_data [null, com.google.android.packageinstaller, 0, 1]: -1
08-28 23:16:00.875  1599  1622 W PackageManager: Failed to migrate com.android.proxyhandler: Failed to execute migrate_app_data [null, com.android.proxyhandler, 0, 1]: -1
08-28 23:16:00.876  1599  1622 W PackageManager: Failed to migrate com.android.inputmethod.latin: Failed to execute migrate_app_data [null, com.android.inputmethod.latin, 0, 1]: -1
08-28 23:16:00.878  1599  1622 W PackageManager: Failed to migrate com.android.settings: Failed to execute migrate_app_data [null, com.android.settings, 0, 1]: -1
08-28 23:16:00.878  1599  1622 W PackageManager: Failed to migrate com.android.phone: Failed to execute migrate_app_data [null, com.android.phone, 0, 1]: -1
08-28 23:16:00.879  1599  1622 W PackageManager: Failed to migrate com.android.shell: Failed to execute migrate_app_data [null, com.android.shell, 0, 1]: -1
08-28 23:16:00.880  1599  1622 W PackageManager: Failed to migrate com.android.location.fused: Failed to execute migrate_app_data [null, com.android.location.fused, 0, 1]: -1
08-28 23:16:00.881  1599  1622 W PackageManager: Failed to migrate com.android.systemui: Failed to execute migrate_app_data [null, com.android.systemui, 0, 1]: -1
08-28 23:16:00.881  1599  1622 V PackageManager: reconcileAppsData finished 18 packages
08-28 23:16:00.881  1599  1615 D MountService: onUnlockUser 0
08-28 23:16:00.882  1599  1615 D VoldConnector: SND -> {14 volume user_started 0}
08-28 23:16:00.882  1599  1647 D VoldConnector: RCV <- {200 14 Command succeeded}
08-28 23:16:00.885  1599  1599 I Telecom : PhoneAccountRegistrar: SimCallManager queried, returning: null: TSI.gSCM@AAM
08-28 23:16:00.941  1599  1599 D ZenLog  : config: conditionChanged,ZenModeConfig[user=0,allowCalls=true,allowRepeatCallers=false,allowMessages=false,allowCallsFrom=contacts,allowMessagesFrom=contacts,allowReminders=true,allowEvents=true,allowWhenScreenOff=true,allowWhenScreenOn=true,automaticRules={c35267dea8d545a2af6fe2a918ecbbfc=ZenRule[enabled=false,snoozing=false,name=Event,zenMode=ZEN_MODE_ALARMS,conditionId=condition://android/event?userId=-10000&calendar=&reply=1,condition=null,component=ComponentInfo{android/com.android.server.notification.EventConditionProvider},id=c35267dea8d545a2af6fe2a918ecbbfc,creationTime=1598656559567,enabler=null], c0ed9094a61f4a44a7c046dae4e2623b=ZenRule[enabled=false,snoozing=false,name=Weeknight,zenMode=ZEN_MODE_ALARMS,conditionId=condition://android/schedule?days=1.2.3.4.5&start=22.0&end=7.0&exitAtAlarm=false,condition=Condition[id=condition://android/schedule?days=1.2.3.4.5&start=22.0&end=7.0&exitAtAlarm=false,summary=...,line1=...,line2=...,icon=0,state=STATE_FALSE,flags=2],component=ComponentInfo{android/com.android.server.notification.ScheduleConditionProvider},id=c0ed9094a61f4a44a7c046dae4e2623b,creationTime=1598656559567,enabler=null], ef6eee51b18045949ee516f45aa02b16=ZenRule[enabled=false,snoozing=false,name=Weekend,zenMode=ZEN_MODE_ALARMS,conditionId=condition://android/schedule?days=6.7&start=23.30&end=10.0&exitAtAlarm=false,condition=null,component=ComponentInfo{android/com.android.server.notification.ScheduleConditionProvider},id=ef6eee51b18045949ee516f45aa02b16,creationTime=1598656559567,enabler=null]},manualRule=null],Diff[automaticRule[c0ed9094a61f4a44a7c046dae4e2623b].condition:null->Condition[id=condition://android/schedule?days=1.2.3.4.5&start=22.0&end=7.0&exitAtAlarm=false,summary=...,line1=...,line2=...,icon=0,state=STATE_FALSE,flags=2]]
08-28 23:16:00.941  1599  1615 V BackupManagerService: No ancestral data
08-28 23:16:00.944  1599  1599 D ZenLog  : config: conditionChanged,ZenModeConfig[user=0,allowCalls=true,allowRepeatCallers=false,allowMessages=false,allowCallsFrom=contacts,allowMessagesFrom=contacts,allowReminders=true,allowEvents=true,allowWhenScreenOff=true,allowWhenScreenOn=true,automaticRules={c35267dea8d545a2af6fe2a918ecbbfc=ZenRule[enabled=false,snoozing=false,name=Event,zenMode=ZEN_MODE_ALARMS,conditionId=condition://android/event?userId=-10000&calendar=&reply=1,condition=null,component=ComponentInfo{android/com.android.server.notification.EventConditionProvider},id=c35267dea8d545a2af6fe2a918ecbbfc,creationTime=1598656559567,enabler=null], c0ed9094a61f4a44a7c046dae4e2623b=ZenRule[enabled=false,snoozing=false,name=Weeknight,zenMode=ZEN_MODE_ALARMS,conditionId=condition://android/schedule?days=1.2.3.4.5&start=22.0&end=7.0&exitAtAlarm=false,condition=Condition[id=condition://android/schedule?days=1.2.3.4.5&start=22.0&end=7.0&exitAtAlarm=false,summary=...,line1=...,line2=...,icon=0,state=STATE_FALSE,flags=2],component=ComponentInfo{android/com.android.server.notification.ScheduleConditionProvider},id=c0ed9094a61f4a44a7c046dae4e2623b,creationTime=1598656559567,enabler=null], ef6eee51b18045949ee516f45aa02b16=ZenRule[enabled=false,snoozing=false,name=Weekend,zenMode=ZEN_MODE_ALARMS,conditionId=condition://android/schedule?days=6.7&start=23.30&end=10.0&exitAtAlarm=false,condition=Condition[id=condition://android/schedule?days=6.7&start=23.30&end=10.0&exitAtAlarm=false,summary=...,line1=...,line2=...,icon=0,state=STATE_FALSE,flags=2],component=ComponentInfo{android/com.android.server.notification.ScheduleConditionProvider},id=ef6eee51b18045949ee516f45aa02b16,creationTime=1598656559567,enabler=null]},manualRule=null],Diff[automaticRule[ef6eee51b18045949ee516f45aa02b16].condition:null->Condition[id=condition://android/schedule?days=6.7&start=23.30&end=10.0&exitAtAlarm=false,summary=...,line1=...,line2=...,icon=0,state=STATE_FALSE,flags=2]]
08-28 23:16:00.947  1599  1660 D ConnectivityService: Got NetworkFactory Messenger for WIFI
08-28 23:16:00.947  1599  1660 D ConnectivityService: Got NetworkFactory Messenger for WIFI_UT
08-28 23:16:00.948  1599  1599 I InputMethodManagerService: All the enabled IMEs are gone. Reset default enabled IMEs.
08-28 23:16:00.959  1599  1615 V BackupManagerService: Starting with transport android/com.android.internal.backup.LocalTransport
08-28 23:16:00.959  1599  1615 V BackupManagerService: Found transports: 1
08-28 23:16:00.960  1599  1615 I BackupManagerService: Backup enable apparently not migrated
08-28 23:16:00.960  1599  1615 I BackupManagerService: Migrating enable state false
08-28 23:16:00.960  1599  1615 I BackupManagerService: Backup enabled => false
08-28 23:16:00.963  1599  1599 D ZenLog  : set_zen_mode: off,conditionChanged
08-28 23:16:00.970  1599  1892 V KeyValueBackupJob: Scheduling k/v pass in 246 minutes
08-28 23:16:00.970  1599  1599 D ZenLog  : set_zen_mode: off,conditionChanged
08-28 23:16:00.973  1599  1615 W AppWidgetServiceImpl: Failed to read state: java.io.FileNotFoundException: /data/system/users/0/appwidgets.xml (No such file or directory)
08-28 23:16:00.973  1599  1615 V AppWidgetServiceImpl: Upgrading widget database from 0 to 1
08-28 23:16:00.973  1599  1616 I ActivityManager: Config changes=20 {1.0 ?mcc?mnc [en_US] ldltr sw600dp w600dp h888dp 320dpi lrg port finger -keyb/v/h -nav/h s.6}
08-28 23:16:00.977  1599  1615 W VoiceInteractionManagerService: no available voice interaction services found for user 0
08-28 23:16:00.977  1599  1615 W VoiceInteractionManagerService: no available voice recognition services found for user 0
08-28 23:16:00.977  1599  1615 I ActivityManager: Loading recents for user 0 into memory.
08-28 23:16:00.978  1599  1615 I PreBootBroadcaster: Pre-boot of {com.android.settings/com.android.settings.SettingsInitialize} for user 0
08-28 23:16:00.990  1599  1615 I ActivityManager: Start proc 1947:com.android.settings/1000 for broadcast com.android.settings/.SettingsInitialize
08-28 23:16:00.995  1599  1666 E ActivityThread: Failed to find provider info for com.android.calendar
08-28 23:16:00.996  1599  1666 E ActivityThread: Failed to find provider info for com.android.calendar
08-28 23:16:01.082  1599  1599 D ZenLog  : disable_effects: 0|android|0|PreBootBroadcaster|1000,booleanState
08-28 23:16:01.084  1599  1599 D ZenLog  : config: conditionChanged,ZenModeConfig[user=0,allowCalls=true,allowRepeatCallers=false,allowMessages=false,allowCallsFrom=contacts,allowMessagesFrom=contacts,allowReminders=true,allowEvents=true,allowWhenScreenOff=true,allowWhenScreenOn=true,automaticRules={c35267dea8d545a2af6fe2a918ecbbfc=ZenRule[enabled=false,snoozing=false,name=Event,zenMode=ZEN_MODE_ALARMS,conditionId=condition://android/event?userId=-10000&calendar=&reply=1,condition=Condition[id=condition://android/event?userId=-10000&calendar=&reply=1,summary=...,line1=...,line2=...,icon=0,state=STATE_FALSE,flags=2],component=ComponentInfo{android/com.android.server.notification.EventConditionProvider},id=c35267dea8d545a2af6fe2a918ecbbfc,creationTime=1598656559567,enabler=null], c0ed9094a61f4a44a7c046dae4e2623b=ZenRule[enabled=false,snoozing=false,name=Weeknight,zenMode=ZEN_MODE_ALARMS,conditionId=condition://android/schedule?days=1.2.3.4.5&start=22.0&end=7.0&exitAtAlarm=false,condition=Condition[id=condition://android/schedule?days=1.2.3.4.5&start=22.0&end=7.0&exitAtAlarm=false,summary=...,line1=...,line2=...,icon=0,state=STATE_FALSE,flags=2],component=ComponentInfo{android/com.android.server.notification.ScheduleConditionProvider},id=c0ed9094a61f4a44a7c046dae4e2623b,creationTime=1598656559567,enabler=null], ef6eee51b18045949ee516f45aa02b16=ZenRule[enabled=false,snoozing=false,name=Weekend,zenMode=ZEN_MODE_ALARMS,conditionId=condition://android/schedule?days=6.7&start=23.30&end=10.0&exitAtAlarm=false,condition=Condition[id=condition://android/schedule?days=6.7&start=23.30&end=10.0&exitAtAlarm=false,summary=...,line1=...,line2=...,icon=0,state=STATE_FALSE,flags=2],component=ComponentInfo{android/com.android.server.notification.ScheduleConditionProvider},id=ef6eee51b18045949ee516f45aa02b16,creationTime=1598656559567,enabler=null]},manualRule=null],Diff[automaticRule[c35267dea8d545a2af6fe2a918ecbbfc].condition:null->Condition[id=condition://android/event?userId=-10000&calendar=&reply=1,summary=...,line1=...,line2=...,icon=0,state=STATE_FALSE,flags=2]]
08-28 23:16:01.084  1599  1599 V BackupManagerService: Connected to transport ComponentInfo{android/com.android.internal.backup.LocalTransportService}
08-28 23:16:01.084  1599  1599 V BackupManagerService: Registering transport android/com.android.internal.backup.LocalTransportService::android/com.android.internal.backup.LocalTransport = android.app.backup.BackupTransport$TransportImpl@8a90a34
08-28 23:16:01.106  1599  1599 D ZenLog  : set_zen_mode: off,conditionChanged
08-28 23:16:01.128  1599  1812 I StatusBarManagerService: registerStatusBar bar=com.android.internal.statusbar.IStatusBar$Stub$Proxy@7bce8c4
08-28 23:16:01.131  1599  1660 D ConnectivityService: Got NetworkFactory Messenger for PhoneSwitcherNetworkRequstListener
08-28 23:16:01.133  1599  1660 D ConnectivityService: Got NetworkFactory Messenger for TelephonyNetworkFactory[0]
08-28 23:16:01.137  1599  1613 D ActivityManager: Sending BOOT_COMPLETE user #0
08-28 23:16:01.146  1777  2000 E ActivityThread: Failed to find provider info for com.android.contacts
08-28 23:16:01.170  1599  1599 D ConditionProviders.SCP: onReceive android.intent.action.TIMEZONE_CHANGED
08-28 23:16:01.170  1599  1599 D ConditionProviders.SCP: notifyCondition condition://android/schedule?days=6.7&start=23.30&end=10.0&exitAtAlarm=false STATE_FALSE reason=!meetsSchedule
08-28 23:16:01.170  1599  1599 D ConditionProviders.SCP: notifyCondition condition://android/schedule?days=1.2.3.4.5&start=22.0&end=7.0&exitAtAlarm=false STATE_FALSE reason=!meetsSchedule
08-28 23:16:01.170  1599  1599 D ConditionProviders.SCP: Scheduling evaluate for Fri Aug 28 23:30:00 GMT+00:00 2020 (1598657400000), in +13m58s830ms, now=Fri Aug 28 23:16:01 GMT+00:00 2020 (1598656561170)
08-28 23:16:02.029  1599  1599 D ConditionProviders.SCP: onReceive android.intent.action.TIME_SET
08-28 23:16:02.029  1599  1599 D ConditionProviders.SCP: notifyCondition condition://android/schedule?days=6.7&start=23.30&end=10.0&exitAtAlarm=false STATE_FALSE reason=!meetsSchedule
08-28 23:16:02.029  1599  1599 D ConditionProviders.SCP: notifyCondition condition://android/schedule?days=1.2.3.4.5&start=22.0&end=7.0&exitAtAlarm=false STATE_FALSE reason=!meetsSchedule
08-28 23:16:02.029  1599  1599 D ConditionProviders.SCP: Scheduling evaluate for Fri Aug 28 23:30:00 GMT+00:00 2020 (1598657400000), in +13m57s971ms, now=Fri Aug 28 23:16:02 GMT+00:00 2020 (1598656562029)
08-28 23:16:02.030  1599  1666 E ActivityThread: Failed to find provider info for com.android.calendar
08-28 23:16:02.031  1599  1666 E ActivityThread: Failed to find provider info for com.android.calendar
08-28 23:16:02.040  1599  1666 E ActivityThread: Failed to find provider info for com.android.calendar
08-28 23:16:02.040  1599  1666 E ActivityThread: Failed to find provider info for com.android.calendar
08-28 23:16:02.043  1599  1614 W ActivityManager: Unable to start service Intent { cmp=com.android.printspooler/.model.PrintSpoolerService } U=0: not found
08-28 23:16:02.222  1691  1691 I StatusBar: isKeyguardShowing() called before startKeyguard(), returning true
08-28 23:16:02.222  1691  1691 W StatusBar: isKeyguardSecure() called before startKeyguard(), returning false
08-28 23:16:02.222  1691  1691 W StatusBar: java.lang.Throwable
08-28 23:16:02.222  1691  1691 W StatusBar: 	at com.android.systemui.statusbar.BaseStatusBar.isKeyguardSecure(BaseStatusBar.java:2647)
08-28 23:16:02.222  1691  1691 W StatusBar: 	at com.android.systemui.statusbar.BaseStatusBar.isCameraAllowedByAdmin(BaseStatusBar.java:2670)
08-28 23:16:02.222  1691  1691 W StatusBar: 	at com.android.systemui.statusbar.phone.KeyguardBottomAreaView.updateCameraVisibility(KeyguardBottomAreaView.java:309)
08-28 23:16:02.222  1691  1691 W StatusBar: 	at com.android.systemui.statusbar.phone.KeyguardBottomAreaView.setPhoneStatusBar(KeyguardBottomAreaView.java:272)
08-28 23:16:02.222  1691  1691 W StatusBar: 	at com.android.systemui.statusbar.phone.PhoneStatusBar.makeStatusBarView(PhoneStatusBar.java:904)
08-28 23:16:02.222  1691  1691 W StatusBar: 	at com.android.systemui.statusbar.phone.PhoneStatusBar.addStatusBarWindow(PhoneStatusBar.java:3432)
08-28 23:16:02.222  1691  1691 W StatusBar: 	at com.android.systemui.statusbar.phone.PhoneStatusBar.createAndAddWindows(PhoneStatusBar.java:3428)
08-28 23:16:02.222  1691  1691 W StatusBar: 	at com.android.systemui.statusbar.BaseStatusBar.start(BaseStatusBar.java:765)
08-28 23:16:02.222  1691  1691 W StatusBar: 	at com.android.systemui.statusbar.phone.PhoneStatusBar.start(PhoneStatusBar.java:686)
08-28 23:16:02.222  1691  1691 W StatusBar: 	at com.android.systemui.statusbar.SystemBars.createStatusBarFromConfig(SystemBars.java:106)
08-28 23:16:02.222  1691  1691 W StatusBar: 	at com.android.systemui.statusbar.SystemBars.onNoService(SystemBars.java:58)
08-28 23:16:02.222  1691  1691 W StatusBar: 	at com.android.systemui.statusbar.ServiceMonitor.startService(ServiceMonitor.java:230)
08-28 23:16:02.222  1691  1691 W StatusBar: 	at com.android.systemui.statusbar.ServiceMonitor.-wrap5(ServiceMonitor.java)
08-28 23:16:02.222  1691  1691 W StatusBar: 	at com.android.systemui.statusbar.ServiceMonitor$1.handleMessage(ServiceMonitor.java:73)
08-28 23:16:02.222  1691  1691 W StatusBar: 	at android.os.Handler.dispatchMessage(Handler.java:102)
08-28 23:16:02.222  1691  1691 W StatusBar: 	at android.os.Looper.loop(Looper.java:154)
08-28 23:16:02.222  1691  1691 W StatusBar: 	at android.app.ActivityThread.main(ActivityThread.java:6119)
08-28 23:16:02.222  1691  1691 W StatusBar: 	at java.lang.reflect.Method.invoke(Native Method)
08-28 23:16:02.222  1691  1691 W StatusBar: 	at com.android.internal.os.ZygoteInit$MethodAndArgsCaller.run(ZygoteInit.java:886)
08-28 23:16:02.222  1691  1691 W StatusBar: 	at com.android.internal.os.ZygoteInit.main(ZygoteInit.java:776)
08-28 23:16:02.223  1691  1691 I StatusBar: isKeyguardShowing() called before startKeyguard(), returning true
08-28 23:16:02.223  1691  1691 W StatusBar: isKeyguardSecure() called before startKeyguard(), returning false
08-28 23:16:02.223  1691  1691 W StatusBar: java.lang.Throwable
08-28 23:16:02.223  1691  1691 W StatusBar: 	at com.android.systemui.statusbar.BaseStatusBar.isKeyguardSecure(BaseStatusBar.java:2647)
08-28 23:16:02.223  1691  1691 W StatusBar: 	at com.android.systemui.statusbar.BaseStatusBar.isCameraAllowedByAdmin(BaseStatusBar.java:2670)
08-28 23:16:02.223  1691  1691 W StatusBar: 	at com.android.systemui.statusbar.phone.KeyguardBottomAreaView.updateCameraVisibility(KeyguardBottomAreaView.java:309)
08-28 23:16:02.223  1691  1691 W StatusBar: 	at com.android.systemui.statusbar.phone.KeyguardBottomAreaView.setUserSetupComplete(KeyguardBottomAreaView.java:281)
08-28 23:16:02.223  1691  1691 W StatusBar: 	at com.android.systemui.statusbar.phone.PhoneStatusBar.makeStatusBarView(PhoneStatusBar.java:905)
08-28 23:16:02.223  1691  1691 W StatusBar: 	at com.android.systemui.statusbar.phone.PhoneStatusBar.addStatusBarWindow(PhoneStatusBar.java:3432)
08-28 23:16:02.223  1691  1691 W StatusBar: 	at com.android.systemui.statusbar.phone.PhoneStatusBar.createAndAddWindows(PhoneStatusBar.java:3428)
08-28 23:16:02.223  1691  1691 W StatusBar: 	at com.android.systemui.statusbar.BaseStatusBar.start(BaseStatusBar.java:765)
08-28 23:16:02.223  1691  1691 W StatusBar: 	at com.android.systemui.statusbar.phone.PhoneStatusBar.start(PhoneStatusBar.java:686)
08-28 23:16:02.223  1691  1691 W StatusBar: 	at com.android.systemui.statusbar.SystemBars.createStatusBarFromConfig(SystemBars.java:106)
08-28 23:16:02.223  1691  1691 W StatusBar: 	at com.android.systemui.statusbar.SystemBars.onNoService(SystemBars.java:58)
08-28 23:16:02.223  1691  1691 W StatusBar: 	at com.android.systemui.statusbar.ServiceMonitor.startService(ServiceMonitor.java:230)
08-28 23:16:02.223  1691  1691 W StatusBar: 	at com.android.systemui.statusbar.ServiceMonitor.-wrap5(ServiceMonitor.java)
08-28 23:16:02.223  1691  1691 W StatusBar: 	at com.android.systemui.statusbar.ServiceMonitor$1.handleMessage(ServiceMonitor.java:73)
08-28 23:16:02.223  1691  1691 W StatusBar: 	at android.os.Handler.dispatchMessage(Handler.java:102)
08-28 23:16:02.223  1691  1691 W StatusBar: 	at android.os.Looper.loop(Looper.java:154)
08-28 23:16:02.223  1691  1691 W StatusBar: 	at android.app.ActivityThread.main(ActivityThread.java:6119)
08-28 23:16:02.223  1691  1691 W StatusBar: 	at java.lang.reflect.Method.invoke(Native Method)
08-28 23:16:02.223  1691  1691 W StatusBar: 	at com.android.internal.os.ZygoteInit$MethodAndArgsCaller.run(ZygoteInit.java:886)
08-28 23:16:02.223  1691  1691 W StatusBar: 	at com.android.internal.os.ZygoteInit.main(ZygoteInit.java:776)
08-28 23:16:02.252  1691  2012 E ActivityThread: Failed to find provider info for com.android.contacts
08-28 23:16:02.493  1599  1655 D WifiService: New client listening to asynchronous messages
08-28 23:16:02.510  1599  2015 E BootReceiver: Error reading /data/system/last-header.txt
08-28 23:16:02.510  1599  2015 E BootReceiver: java.io.FileNotFoundException: /data/system/last-header.txt (No such file or directory)
08-28 23:16:02.510  1599  2015 E BootReceiver: 	at java.io.FileInputStream.open(Native Method)
08-28 23:16:02.510  1599  2015 E BootReceiver: 	at java.io.FileInputStream.<init>(FileInputStream.java:146)
08-28 23:16:02.510  1599  2015 E BootReceiver: 	at android.os.FileUtils.readTextFile(FileUtils.java:263)
08-28 23:16:02.510  1599  2015 E BootReceiver: 	at com.android.server.BootReceiver.getPreviousBootHeaders(BootReceiver.java:121)
08-28 23:16:02.510  1599  2015 E BootReceiver: 	at com.android.server.BootReceiver.getBootHeadersToLogAndUpdate(BootReceiver.java:143)
08-28 23:16:02.510  1599  2015 E BootReceiver: 	at com.android.server.BootReceiver.logBootEvents(BootReceiver.java:163)
08-28 23:16:02.510  1599  2015 E BootReceiver: 	at com.android.server.BootReceiver.-wrap2(BootReceiver.java)
08-28 23:16:02.510  1599  2015 E BootReceiver: 	at com.android.server.BootReceiver$1.run(BootReceiver.java:93)
08-28 23:16:02.512  1599  2015 I BootReceiver: No existing last log timestamp file /data/system/log-files.xml; starting empty
08-28 23:16:02.512  1599  2015 I BootReceiver: Copying audit failures to DropBox
08-28 23:16:02.512  1599  2015 I BootReceiver: Checking for fsck errors
08-28 23:16:02.515  1599  1599 I ActivityManager: Start proc 2017:com.android.dialer/u0a1 for broadcast com.android.dialer/.calllog.CallLogReceiver
08-28 23:16:02.754  2017  2045 E ActivityThread: Failed to find provider info for call_log
08-28 23:16:12.079  1599  1614 E RemotePrintSpooler: Error pruning approved print services.
08-28 23:16:12.079  1599  1614 E RemotePrintSpooler: java.util.concurrent.TimeoutException: Cannot get spooler!
08-28 23:16:12.079  1599  1614 E RemotePrintSpooler: 	at com.android.server.print.RemotePrintSpooler.bindLocked(RemotePrintSpooler.java:633)
08-28 23:16:12.079  1599  1614 E RemotePrintSpooler: 	at com.android.server.print.RemotePrintSpooler.getRemoteInstanceLazy(RemotePrintSpooler.java:602)
08-28 23:16:12.079  1599  1614 E RemotePrintSpooler: 	at com.android.server.print.RemotePrintSpooler.pruneApprovedPrintServices(RemotePrintSpooler.java:515)
08-28 23:16:12.079  1599  1614 E RemotePrintSpooler: 	at com.android.server.print.UserState.prunePrintServices(UserState.java:996)
08-28 23:16:12.079  1599  1614 E RemotePrintSpooler: 	at com.android.server.print.UserState.<init>(UserState.java:159)
08-28 23:16:12.079  1599  1614 E RemotePrintSpooler: 	at com.android.server.print.PrintManagerService$PrintManagerImpl.getOrCreateUserStateLocked(PrintManagerService.java:822)
08-28 23:16:12.079  1599  1614 E RemotePrintSpooler: 	at com.android.server.print.PrintManagerService$PrintManagerImpl.-wrap0(PrintManagerService.java)
08-28 23:16:12.079  1599  1614 E RemotePrintSpooler: 	at com.android.server.print.PrintManagerService$PrintManagerImpl$3.run(PrintManagerService.java:843)
08-28 23:16:12.079  1599  1614 E RemotePrintSpooler: 	at android.os.Handler.handleCallback(Handler.java:751)
08-28 23:16:12.079  1599  1614 E RemotePrintSpooler: 	at android.os.Handler.dispatchMessage(Handler.java:95)
08-28 23:16:12.079  1599  1614 E RemotePrintSpooler: 	at android.os.Looper.loop(Looper.java:154)
08-28 23:16:12.079  1599  1614 E RemotePrintSpooler: 	at android.os.HandlerThread.run(HandlerThread.java:61)
08-28 23:16:12.086  1599  1614 W ActivityManager: Unable to start service Intent { cmp=com.android.printspooler/.model.PrintSpoolerService } U=0: not found
08-28 23:16:22.127  1599  1614 E RemotePrintSpooler: Error removing obsolete print jobs .
08-28 23:16:22.127  1599  1614 E RemotePrintSpooler: java.util.concurrent.TimeoutException: Cannot get spooler!
08-28 23:16:22.127  1599  1614 E RemotePrintSpooler: 	at com.android.server.print.RemotePrintSpooler.bindLocked(RemotePrintSpooler.java:633)
08-28 23:16:22.127  1599  1614 E RemotePrintSpooler: 	at com.android.server.print.RemotePrintSpooler.getRemoteInstanceLazy(RemotePrintSpooler.java:602)
08-28 23:16:22.127  1599  1614 E RemotePrintSpooler: 	at com.android.server.print.RemotePrintSpooler.removeObsoletePrintJobs(RemotePrintSpooler.java:537)
08-28 23:16:22.127  1599  1614 E RemotePrintSpooler: 	at com.android.server.print.UserState.removeObsoletePrintJobs(UserState.java:200)
08-28 23:16:22.127  1599  1614 E RemotePrintSpooler: 	at com.android.server.print.PrintManagerService$PrintManagerImpl$3.run(PrintManagerService.java:849)
08-28 23:16:22.127  1599  1614 E RemotePrintSpooler: 	at android.os.Handler.handleCallback(Handler.java:751)
08-28 23:16:22.127  1599  1614 E RemotePrintSpooler: 	at android.os.Handler.dispatchMessage(Handler.java:95)
08-28 23:16:22.127  1599  1614 E RemotePrintSpooler: 	at android.os.Looper.loop(Looper.java:154)
08-28 23:16:22.127  1599  1614 E RemotePrintSpooler: 	at android.os.HandlerThread.run(HandlerThread.java:61)
08-28 23:16:22.136  1599  1614 W ActivityManager: Unable to start service Intent { cmp=com.android.printspooler/.model.PrintSpoolerService } U=0: not found
08-28 23:16:32.178  1599  1614 E RemotePrintSpooler: Error pruning approved print services.
08-28 23:16:32.178  1599  1614 E RemotePrintSpooler: java.util.concurrent.TimeoutException: Cannot get spooler!
08-28 23:16:32.178  1599  1614 E RemotePrintSpooler: 	at com.android.server.print.RemotePrintSpooler.bindLocked(RemotePrintSpooler.java:633)
08-28 23:16:32.178  1599  1614 E RemotePrintSpooler: 	at com.android.server.print.RemotePrintSpooler.getRemoteInstanceLazy(RemotePrintSpooler.java:602)
08-28 23:16:32.178  1599  1614 E RemotePrintSpooler: 	at com.android.server.print.RemotePrintSpooler.pruneApprovedPrintServices(RemotePrintSpooler.java:515)
08-28 23:16:32.178  1599  1614 E RemotePrintSpooler: 	at com.android.server.print.UserState.prunePrintServices(UserState.java:996)
08-28 23:16:32.178  1599  1614 E RemotePrintSpooler: 	at com.android.server.print.PrintManagerService$PrintManagerImpl$2.onPackageModified(PrintManagerService.java:740)
08-28 23:16:32.178  1599  1614 E RemotePrintSpooler: 	at com.android.internal.content.PackageMonitor.onReceive(PackageMonitor.java:370)
08-28 23:16:32.178  1599  1614 E RemotePrintSpooler: 	at android.app.LoadedApk$ReceiverDispatcher$Args.run(LoadedApk.java:1122)
08-28 23:16:32.178  1599  1614 E RemotePrintSpooler: 	at android.os.Handler.handleCallback(Handler.java:751)
08-28 23:16:32.178  1599  1614 E RemotePrintSpooler: 	at android.os.Handler.dispatchMessage(Handler.java:95)
08-28 23:16:32.178  1599  1614 E RemotePrintSpooler: 	at android.os.Looper.loop(Looper.java:154)
08-28 23:16:32.178  1599  1614 E RemotePrintSpooler: 	at android.os.HandlerThread.run(HandlerThread.java:61)
08-28 23:16:32.180  1599  1614 W ActivityManager: Unable to start service Intent { cmp=com.android.printspooler/.model.PrintSpoolerService } U=0: not found
08-28 23:16:42.222  1599  1614 E RemotePrintSpooler: Error pruning approved print services.
08-28 23:16:42.222  1599  1614 E RemotePrintSpooler: java.util.concurrent.TimeoutException: Cannot get spooler!
08-28 23:16:42.222  1599  1614 E RemotePrintSpooler: 	at com.android.server.print.RemotePrintSpooler.bindLocked(RemotePrintSpooler.java:633)
08-28 23:16:42.222  1599  1614 E RemotePrintSpooler: 	at com.android.server.print.RemotePrintSpooler.getRemoteInstanceLazy(RemotePrintSpooler.java:602)
08-28 23:16:42.222  1599  1614 E RemotePrintSpooler: 	at com.android.server.print.RemotePrintSpooler.pruneApprovedPrintServices(RemotePrintSpooler.java:515)
08-28 23:16:42.222  1599  1614 E RemotePrintSpooler: 	at com.android.server.print.UserState.prunePrintServices(UserState.java:996)
08-28 23:16:42.222  1599  1614 E RemotePrintSpooler: 	at com.android.server.print.PrintManagerService$PrintManagerImpl$2.onPackageModified(PrintManagerService.java:740)
08-28 23:16:42.222  1599  1614 E RemotePrintSpooler: 	at com.android.internal.content.PackageMonitor.onReceive(PackageMonitor.java:370)
08-28 23:16:42.222  1599  1614 E RemotePrintSpooler: 	at android.app.LoadedApk$ReceiverDispatcher$Args.run(LoadedApk.java:1122)
08-28 23:16:42.222  1599  1614 E RemotePrintSpooler: 	at android.os.Handler.handleCallback(Handler.java:751)
08-28 23:16:42.222  1599  1614 E RemotePrintSpooler: 	at android.os.Handler.dispatchMessage(Handler.java:95)
08-28 23:16:42.222  1599  1614 E RemotePrintSpooler: 	at android.os.Looper.loop(Looper.java:154)
08-28 23:16:42.222  1599  1614 E RemotePrintSpooler: 	at android.os.HandlerThread.run(HandlerThread.java:61)
08-28 23:18:01.930  1599  1812 D CryptdConnector: SND -> {9 cryptfs checkpw [scrubbed]}
08-28 23:18:01.930  1261  1300 I Cryptfs : cryptfs_check_passwd
08-28 23:18:01.932  1261  1300 D Cryptfs : crypt_ftr->fs_size = 1126400
08-28 23:18:01.933  1261  1300 I Cryptfs : Using scrypt for cryptfs KDF
08-28 23:18:02.205  1261  1300 I Cryptfs : Enabling support for allow_discards in dmcrypt.
08-28 23:18:02.209  1261  1267 D vold    : Disk at 252:0 changed
08-28 23:18:02.370  1261  1300 E Cryptfs : Error temp mounting decrypted block device
08-28 23:18:02.373  1261  1300 E Cryptfs : Password did not match
08-28 23:18:02.373  1599  1648 D CryptdConnector: RCV <- {200 9 1}
08-28 23:18:02.374  1599  1612 D CryptdConnector: SND -> {10 cryptfs getpwtype}
08-28 23:18:02.375  1261  1300 D VoldCryptCmdListener: cryptfs getpwtype
08-28 23:18:02.375  1599  1648 D CryptdConnector: RCV <- {213 10 pin}
08-28 23:18:07.078  1599  1612 D CryptdConnector: SND -> {11 cryptfs checkpw [scrubbed]}
08-28 23:18:07.078  1261  1300 I Cryptfs : cryptfs_check_passwd
08-28 23:18:07.078  1261  1300 D Cryptfs : crypt_ftr->fs_size = 1126400
08-28 23:18:07.078  1261  1300 I Cryptfs : Using scrypt for cryptfs KDF
08-28 23:18:07.231  1261  1300 I Cryptfs : Enabling support for allow_discards in dmcrypt.
08-28 23:18:07.233  1261  1267 D vold    : Disk at 252:0 changed
08-28 23:18:07.401  1261  1300 I Cryptfs : Password matches
08-28 23:18:07.402  1261  1300 D Cryptfs : test_mount_encrypted_fs(): Master key saved
08-28 23:18:07.402  1261  1300 I Cryptfs : keymaster module name is Keymaster OpenSSL HAL
08-28 23:18:07.402  1261  1300 I Cryptfs : keymaster version is 2
08-28 23:18:07.402  1261  1300 I Cryptfs : Found keymaster0 module, using keymaster0 API.
08-28 23:18:07.402  1599  1648 D CryptdConnector: RCV <- {200 11 0}
08-28 23:18:08.406  1599  1646 D CryptdConnector: SND -> {12 cryptfs restart}
08-28 23:18:08.406  1261  2106 I Cryptfs : cryptfs_restart
08-28 23:18:08.406  1599  1648 D CryptdConnector: RCV <- {200 12 0}
08-28 23:18:08.407  1261  2106 D Cryptfs : Just asked init to shut down class main
08-28 23:18:10.409  1261  2106 D Cryptfs : unmounting /data succeeded
08-28 23:18:10.791  1261  2106 D Cryptfs : Just triggered post_fs_data
08-28 23:18:10.809  1261  1300 D vold    : e4crypt_init_user0
08-28 23:18:10.809  1261  1300 D vold    : e4crypt_prepare_user_storage for volume null, user 0, serial 0, flags 1
08-28 23:18:10.809  1261  1300 D vold    : Preparing: /data/system/users/0
08-28 23:18:10.810  1261  1300 D vold    : Preparing: /data/misc/profiles/cur/0
08-28 23:18:10.810  1261  1300 D vold    : Preparing: /data/misc/profiles/cur/0/foreign-dex
08-28 23:18:10.810  1261  1300 D vold    : Preparing: /data/system_de/0
08-28 23:18:10.811  1261  1300 D vold    : Preparing: /data/misc_de/0
08-28 23:18:10.811  1261  1300 D vold    : Preparing: /data/user_de/0
08-28 23:18:10.811  1261  1300 D vold    : e4crypt_unlock_user_key 0 serial=0 token_present=0
08-28 23:18:10.843  1261  2106 D Cryptfs : post_fs_data done
08-28 23:18:10.843  1261  2106 D Cryptfs : Just triggered restart_framework
08-28 23:18:12.163  2293  2293 I chatty  : uid=1000 system_server expire 435 lines
08-28 23:18:12.184  2293  2325 I chatty  : uid=1000(system) ActivityManager expire 13 lines
08-28 23:18:12.184  2293  2326 I chatty  : uid=1000(system) android.ui expire 10 lines
08-28 23:18:12.241  2293  2336 I chatty  : uid=1000(system) android.display expire 14 lines
08-28 23:18:12.242  2293  2338 I chatty  : uid=1000(system) PowerManagerSer expire 2 lines
08-28 23:18:13.679  2293  2460 I chatty  : uid=1000(system) CameraService_p expire 1 line
08-28 23:18:13.746  2293  2324 I chatty  : uid=1000(system) android.bg expire 13 lines
08-28 23:18:13.774  2293  2469 I chatty  : uid=1000(system) MountService expire 87 lines
08-28 23:18:13.779  2293  2471 I chatty  : uid=1000(system) CryptdConnector expire 10 lines
08-28 23:18:13.779  2293  2470 I chatty  : uid=1000(system) VoldConnector expire 35 lines
08-28 23:18:13.802  1261  2472 D vold    : Starting trim of /cache
08-28 23:18:13.802  1261  2472 W vold    : Trim failed on /cache: Operation not supported on transport endpoint
08-28 23:18:13.802  1261  2472 D vold    : Starting trim of /data
08-28 23:18:13.803  1261  2472 W vold    : Trim failed on /data: Operation not supported on transport endpoint
08-28 23:18:13.803  2293  2334 I chatty  : uid=1000(system) android.fg expire 7 lines
08-28 23:18:13.806  2293  2474 I chatty  : uid=1000(system) NetdConnector expire 1 line
08-28 23:18:14.309  1261  1300 D vold    : e4crypt_unlock_user_key 0 serial=0 token_present=0
08-28 23:18:14.310  1261  1299 D vold    : Recognized experimental block major ID 253 as virtio-blk (emulator's virtual SD card device)
08-28 23:18:14.310  1261  1299 V vold    : /system/bin/sgdisk
08-28 23:18:14.310  1261  1299 V vold    :     --android-dump
08-28 23:18:14.310  1261  1299 V vold    :     /dev/block/vold/disk:253,64
08-28 23:18:14.359  1261  1299 V vold    : DISK mbr
08-28 23:18:14.359  1261  1299 V vold    : 
08-28 23:18:14.359  1261  1299 W vold    : disk:253,64 has unknown partition table; trying entire device
08-28 23:18:14.359  1261  1299 V vold    : /system/bin/blkid
08-28 23:18:14.359  1261  1299 V vold    :     -c
08-28 23:18:14.359  1261  1299 V vold    :     /dev/null
08-28 23:18:14.359  1261  1299 V vold    :     -s
08-28 23:18:14.359  1261  1299 V vold    :     TYPE
08-28 23:18:14.359  1261  1299 V vold    :     -s
08-28 23:18:14.359  1261  1299 V vold    :     UUID
08-28 23:18:14.359  1261  1299 V vold    :     -s
08-28 23:18:14.359  1261  1299 V vold    :     LABEL
08-28 23:18:14.359  1261  1299 V vold    :     /dev/block/vold/disk:253,64
08-28 23:18:14.405  1261  1299 V vold    : /dev/block/vold/disk:253,64: LABEL="SDCARD" UUID="16E1-3119" TYPE="vfat" 
08-28 23:18:14.405  1261  1299 V vold    : 
08-28 23:18:14.421  1261  1299 V vold    : Waiting for FUSE to spin up...
08-28 23:18:14.472  1261  1299 V vold    : Waiting for FUSE to spin up...
08-28 23:18:14.524  1261  1299 V vold    : /system/bin/blkid
08-28 23:18:14.524  1261  1299 V vold    :     -c
08-28 23:18:14.524  1261  1299 V vold    :     /dev/null
08-28 23:18:14.524  1261  1299 V vold    :     -s
08-28 23:18:14.524  1261  1299 V vold    :     TYPE
08-28 23:18:14.524  1261  1299 V vold    :     -s
08-28 23:18:14.524  1261  1299 V vold    :     UUID
08-28 23:18:14.524  1261  1299 V vold    :     -s
08-28 23:18:14.524  1261  1299 V vold    :     LABEL
08-28 23:18:14.524  1261  1299 V vold    :     /dev/block/vold/public:253,64
08-28 23:18:14.554  1261  1299 V vold    : /dev/block/vold/public:253,64: LABEL="SDCARD" UUID="16E1-3119" TYPE="vfat" 
08-28 23:18:14.554  1261  1299 V vold    : 
08-28 23:18:14.554  1261  1299 V vold    : /system/bin/fsck_msdos
08-28 23:18:14.554  1261  1299 V vold    :     -p
08-28 23:18:14.554  1261  1299 V vold    :     -f
08-28 23:18:14.554  1261  1299 V vold    :     /dev/block/vold/public:253,64
08-28 23:18:14.555  2499  2603 E ActivityThread: Failed to find provider info for user_dictionary
08-28 23:18:14.570  2293  2321 I chatty  : uid=1000(system) Binder:2293_2 expire 20 lines
08-28 23:18:14.619  1261  1299 I Vold    : Filesystem check completed OK
08-28 23:18:14.623  1261  1299 V vold    : Waiting for FUSE to spin up...
08-28 23:18:14.788  2293  2532 I chatty  : uid=1000(system) Binder:2293_3 expire 12 lines
08-28 23:18:14.980  2507  2507 I StatusBar: isKeyguardShowing() called before startKeyguard(), returning true
08-28 23:18:14.980  2507  2507 W StatusBar: isKeyguardSecure() called before startKeyguard(), returning false
08-28 23:18:14.980  2507  2507 W StatusBar: java.lang.Throwable
08-28 23:18:14.980  2507  2507 W StatusBar: 	at com.android.systemui.statusbar.BaseStatusBar.isKeyguardSecure(BaseStatusBar.java:2647)
08-28 23:18:14.980  2507  2507 W StatusBar: 	at com.android.systemui.statusbar.BaseStatusBar.isCameraAllowedByAdmin(BaseStatusBar.java:2670)
08-28 23:18:14.980  2507  2507 W StatusBar: 	at com.android.systemui.statusbar.phone.KeyguardBottomAreaView.updateCameraVisibility(KeyguardBottomAreaView.java:309)
08-28 23:18:14.980  2507  2507 W StatusBar: 	at com.android.systemui.statusbar.phone.KeyguardBottomAreaView.setPhoneStatusBar(KeyguardBottomAreaView.java:272)
08-28 23:18:14.980  2507  2507 W StatusBar: 	at com.android.systemui.statusbar.phone.PhoneStatusBar.makeStatusBarView(PhoneStatusBar.java:904)
08-28 23:18:14.980  2507  2507 W StatusBar: 	at com.android.systemui.statusbar.phone.PhoneStatusBar.addStatusBarWindow(PhoneStatusBar.java:3432)
08-28 23:18:14.980  2507  2507 W StatusBar: 	at com.android.systemui.statusbar.phone.PhoneStatusBar.createAndAddWindows(PhoneStatusBar.java:3428)
08-28 23:18:14.980  2507  2507 W StatusBar: 	at com.android.systemui.statusbar.BaseStatusBar.start(BaseStatusBar.java:765)
08-28 23:18:14.980  2507  2507 W StatusBar: 	at com.android.systemui.statusbar.phone.PhoneStatusBar.start(PhoneStatusBar.java:686)
08-28 23:18:14.980  2507  2507 W StatusBar: 	at com.android.systemui.statusbar.SystemBars.createStatusBarFromConfig(SystemBars.java:106)
08-28 23:18:14.980  2507  2507 W StatusBar: 	at com.android.systemui.statusbar.SystemBars.onNoService(SystemBars.java:58)
08-28 23:18:14.980  2507  2507 W StatusBar: 	at com.android.systemui.statusbar.ServiceMonitor.startService(ServiceMonitor.java:230)
08-28 23:18:14.980  2507  2507 W StatusBar: 	at com.android.systemui.statusbar.ServiceMonitor.-wrap5(ServiceMonitor.java)
08-28 23:18:14.980  2507  2507 W StatusBar: 	at com.android.systemui.statusbar.ServiceMonitor$1.handleMessage(ServiceMonitor.java:73)
08-28 23:18:14.980  2507  2507 W StatusBar: 	at android.os.Handler.dispatchMessage(Handler.java:102)
08-28 23:18:14.980  2507  2507 W StatusBar: 	at android.os.Looper.loop(Looper.java:154)
08-28 23:18:14.980  2507  2507 W StatusBar: 	at android.app.ActivityThread.main(ActivityThread.java:6119)
08-28 23:18:14.980  2507  2507 W StatusBar: 	at java.lang.reflect.Method.invoke(Native Method)
08-28 23:18:14.980  2507  2507 W StatusBar: 	at com.android.internal.os.ZygoteInit$MethodAndArgsCaller.run(ZygoteInit.java:886)
08-28 23:18:14.980  2507  2507 W StatusBar: 	at com.android.internal.os.ZygoteInit.main(ZygoteInit.java:776)
08-28 23:18:14.981  2507  2507 I StatusBar: isKeyguardShowing() called before startKeyguard(), returning true
08-28 23:18:14.981  2507  2507 W StatusBar: isKeyguardSecure() called before startKeyguard(), returning false
08-28 23:18:14.981  2507  2507 W StatusBar: java.lang.Throwable
08-28 23:18:14.981  2507  2507 W StatusBar: 	at com.android.systemui.statusbar.BaseStatusBar.isKeyguardSecure(BaseStatusBar.java:2647)
08-28 23:18:14.981  2507  2507 W StatusBar: 	at com.android.systemui.statusbar.BaseStatusBar.isCameraAllowedByAdmin(BaseStatusBar.java:2670)
08-28 23:18:14.981  2507  2507 W StatusBar: 	at com.android.systemui.statusbar.phone.KeyguardBottomAreaView.updateCameraVisibility(KeyguardBottomAreaView.java:309)
08-28 23:18:14.981  2507  2507 W StatusBar: 	at com.android.systemui.statusbar.phone.KeyguardBottomAreaView.setUserSetupComplete(KeyguardBottomAreaView.java:281)
08-28 23:18:14.981  2507  2507 W StatusBar: 	at com.android.systemui.statusbar.phone.PhoneStatusBar.makeStatusBarView(PhoneStatusBar.java:905)
08-28 23:18:14.981  2507  2507 W StatusBar: 	at com.android.systemui.statusbar.phone.PhoneStatusBar.addStatusBarWindow(PhoneStatusBar.java:3432)
08-28 23:18:14.981  2507  2507 W StatusBar: 	at com.android.systemui.statusbar.phone.PhoneStatusBar.createAndAddWindows(PhoneStatusBar.java:3428)
08-28 23:18:14.981  2507  2507 W StatusBar: 	at com.android.systemui.statusbar.BaseStatusBar.start(BaseStatusBar.java:765)
08-28 23:18:14.981  2507  2507 W StatusBar: 	at com.android.systemui.statusbar.phone.PhoneStatusBar.start(PhoneStatusBar.java:686)
08-28 23:18:14.981  2507  2507 W StatusBar: 	at com.android.systemui.statusbar.SystemBars.createStatusBarFromConfig(SystemBars.java:106)
08-28 23:18:14.981  2507  2507 W StatusBar: 	at com.android.systemui.statusbar.SystemBars.onNoService(SystemBars.java:58)
08-28 23:18:14.981  2507  2507 W StatusBar: 	at com.android.systemui.statusbar.ServiceMonitor.startService(ServiceMonitor.java:230)
08-28 23:18:14.981  2507  2507 W StatusBar: 	at com.android.systemui.statusbar.ServiceMonitor.-wrap5(ServiceMonitor.java)
08-28 23:18:14.981  2507  2507 W StatusBar: 	at com.android.systemui.statusbar.ServiceMonitor$1.handleMessage(ServiceMonitor.java:73)
08-28 23:18:14.981  2507  2507 W StatusBar: 	at android.os.Handler.dispatchMessage(Handler.java:102)
08-28 23:18:14.981  2507  2507 W StatusBar: 	at android.os.Looper.loop(Looper.java:154)
08-28 23:18:14.981  2507  2507 W StatusBar: 	at android.app.ActivityThread.main(ActivityThread.java:6119)
08-28 23:18:14.981  2507  2507 W StatusBar: 	at java.lang.reflect.Method.invoke(Native Method)
08-28 23:18:14.981  2507  2507 W StatusBar: 	at com.android.internal.os.ZygoteInit$MethodAndArgsCaller.run(ZygoteInit.java:886)
08-28 23:18:14.981  2507  2507 W StatusBar: 	at com.android.internal.os.ZygoteInit.main(ZygoteInit.java:776)
08-28 23:18:15.098  2507  2507 I StatusBar: isKeyguardShowing() called before startKeyguard(), returning true
08-28 23:18:15.102  2507  2507 W StatusBar: isKeyguardSecure() called before startKeyguard(), returning false
08-28 23:18:15.102  2507  2507 W StatusBar: java.lang.Throwable
08-28 23:18:15.102  2507  2507 W StatusBar: 	at com.android.systemui.statusbar.BaseStatusBar.isKeyguardSecure(BaseStatusBar.java:2647)
08-28 23:18:15.102  2507  2507 W StatusBar: 	at com.android.systemui.statusbar.BaseStatusBar.isCameraAllowedByAdmin(BaseStatusBar.java:2670)
08-28 23:18:15.102  2507  2507 W StatusBar: 	at com.android.systemui.statusbar.phone.KeyguardBottomAreaView.updateCameraVisibility(KeyguardBottomAreaView.java:309)
08-28 23:18:15.102  2507  2507 W StatusBar: 	at com.android.systemui.statusbar.phone.KeyguardBottomAreaView.setUserSetupComplete(KeyguardBottomAreaView.java:281)
08-28 23:18:15.102  2507  2507 W StatusBar: 	at com.android.systemui.statusbar.phone.PhoneStatusBar$1.onChange(PhoneStatusBar.java:441)
08-28 23:18:15.102  2507  2507 W StatusBar: 	at com.android.systemui.statusbar.phone.PhoneStatusBar.resetUserSetupObserver(PhoneStatusBar.java:3676)
08-28 23:18:15.102  2507  2507 W StatusBar: 	at com.android.systemui.statusbar.phone.PhoneStatusBar.makeStatusBarView(PhoneStatusBar.java:1008)
08-28 23:18:15.102  2507  2507 W StatusBar: 	at com.android.systemui.statusbar.phone.PhoneStatusBar.addStatusBarWindow(PhoneStatusBar.java:3432)
08-28 23:18:15.102  2507  2507 W StatusBar: 	at com.android.systemui.statusbar.phone.PhoneStatusBar.createAndAddWindows(PhoneStatusBar.java:3428)
08-28 23:18:15.102  2507  2507 W StatusBar: 	at com.android.systemui.statusbar.BaseStatusBar.start(BaseStatusBar.java:765)
08-28 23:18:15.102  2507  2507 W StatusBar: 	at com.android.systemui.statusbar.phone.PhoneStatusBar.start(PhoneStatusBar.java:686)
08-28 23:18:15.102  2507  2507 W StatusBar: 	at com.android.systemui.statusbar.SystemBars.createStatusBarFromConfig(SystemBars.java:106)
08-28 23:18:15.102  2507  2507 W StatusBar: 	at com.android.systemui.statusbar.SystemBars.onNoService(SystemBars.java:58)
08-28 23:18:15.102  2507  2507 W StatusBar: 	at com.android.systemui.statusbar.ServiceMonitor.startService(ServiceMonitor.java:230)
08-28 23:18:15.102  2507  2507 W StatusBar: 	at com.android.systemui.statusbar.ServiceMonitor.-wrap5(ServiceMonitor.java)
08-28 23:18:15.102  2507  2507 W StatusBar: 	at com.android.systemui.statusbar.ServiceMonitor$1.handleMessage(ServiceMonitor.java:73)
08-28 23:18:15.102  2507  2507 W StatusBar: 	at android.os.Handler.dispatchMessage(Handler.java:102)
08-28 23:18:15.102  2507  2507 W StatusBar: 	at android.os.Looper.loop(Looper.java:154)
